Archive member included to satisfy reference by file (symbol)

c:/programdata/matlab/supportpackages/r2024a/3p.instrset/gnuarm-armcortex.instrset/win/bin/../lib/gcc/arm-none-eabi/11.3.1/thumb/v7e-m+fp/hard\libm.a(libm_a-w_fmod.o)
                              MicroMouseTemplate.o (fmod)
c:/programdata/matlab/supportpackages/r2024a/3p.instrset/gnuarm-armcortex.instrset/win/bin/../lib/gcc/arm-none-eabi/11.3.1/thumb/v7e-m+fp/hard\libm.a(libm_a-s_ceil.o)
                              MicroMouseTemplate.o (ceil)
c:/programdata/matlab/supportpackages/r2024a/3p.instrset/gnuarm-armcortex.instrset/win/bin/../lib/gcc/arm-none-eabi/11.3.1/thumb/v7e-m+fp/hard\libm.a(libm_a-s_floor.o)
                              MicroMouseTemplate.o (floor)
c:/programdata/matlab/supportpackages/r2024a/3p.instrset/gnuarm-armcortex.instrset/win/bin/../lib/gcc/arm-none-eabi/11.3.1/thumb/v7e-m+fp/hard\libm.a(libm_a-e_fmod.o)
                              c:/programdata/matlab/supportpackages/r2024a/3p.instrset/gnuarm-armcortex.instrset/win/bin/../lib/gcc/arm-none-eabi/11.3.1/thumb/v7e-m+fp/hard\libm.a(libm_a-w_fmod.o) (__ieee754_fmod)
c:/programdata/matlab/supportpackages/r2024a/3p.instrset/gnuarm-armcortex.instrset/win/bin/../lib/gcc/arm-none-eabi/11.3.1/thumb/v7e-m+fp/hard\libgcc.a(_arm_muldf3.o)
                              MicroMouseTemplate.o (__aeabi_dmul)
c:/programdata/matlab/supportpackages/r2024a/3p.instrset/gnuarm-armcortex.instrset/win/bin/../lib/gcc/arm-none-eabi/11.3.1/thumb/v7e-m+fp/hard\libgcc.a(_arm_addsubdf3.o)
                              MicroMouseTemplate.o (__aeabi_dsub)
c:/programdata/matlab/supportpackages/r2024a/3p.instrset/gnuarm-armcortex.instrset/win/bin/../lib/gcc/arm-none-eabi/11.3.1/thumb/v7e-m+fp/hard\libgcc.a(_arm_muldivdf3.o)
                              MicroMouseTemplate.o (__aeabi_ddiv)
c:/programdata/matlab/supportpackages/r2024a/3p.instrset/gnuarm-armcortex.instrset/win/bin/../lib/gcc/arm-none-eabi/11.3.1/thumb/v7e-m+fp/hard\libgcc.a(_arm_cmpdf2.o)
                              MicroMouseTemplate.o (__aeabi_dcmpeq)
c:/programdata/matlab/supportpackages/r2024a/3p.instrset/gnuarm-armcortex.instrset/win/bin/../lib/gcc/arm-none-eabi/11.3.1/thumb/v7e-m+fp/hard\libgcc.a(_arm_unorddf2.o)
                              c:/programdata/matlab/supportpackages/r2024a/3p.instrset/gnuarm-armcortex.instrset/win/bin/../lib/gcc/arm-none-eabi/11.3.1/thumb/v7e-m+fp/hard\libm.a(libm_a-w_fmod.o) (__aeabi_dcmpun)
c:/programdata/matlab/supportpackages/r2024a/3p.instrset/gnuarm-armcortex.instrset/win/bin/../lib/gcc/arm-none-eabi/11.3.1/thumb/v7e-m+fp/hard\libgcc.a(_arm_fixunsdfsi.o)
                              MicroMouseTemplate.o (__aeabi_d2uiz)
c:/programdata/matlab/supportpackages/r2024a/3p.instrset/gnuarm-armcortex.instrset/win/bin/../lib/gcc/arm-none-eabi/11.3.1/thumb/v7e-m+fp/hard\libgcc.a(_arm_truncdfsf2.o)
                              MicroMouseTemplate.o (__aeabi_d2f)
c:/programdata/matlab/supportpackages/r2024a/3p.instrset/gnuarm-armcortex.instrset/win/bin/../lib/gcc/arm-none-eabi/11.3.1/thumb/v7e-m+fp/hard\libc_nano.a(libc_a-exit.o)
                              c:/programdata/matlab/supportpackages/r2024a/3p.instrset/gnuarm-armcortex.instrset/win/bin/../lib/gcc/arm-none-eabi/11.3.1/thumb/v7e-m+fp/hard/crt0.o (exit)
c:/programdata/matlab/supportpackages/r2024a/3p.instrset/gnuarm-armcortex.instrset/win/bin/../lib/gcc/arm-none-eabi/11.3.1/thumb/v7e-m+fp/hard\libc_nano.a(libc_a-findfp.o)
                              c:/programdata/matlab/supportpackages/r2024a/3p.instrset/gnuarm-armcortex.instrset/win/bin/../lib/gcc/arm-none-eabi/11.3.1/thumb/v7e-m+fp/hard\libc_nano.a(libc_a-exit.o) (__stdio_exit_handler)
c:/programdata/matlab/supportpackages/r2024a/3p.instrset/gnuarm-armcortex.instrset/win/bin/../lib/gcc/arm-none-eabi/11.3.1/thumb/v7e-m+fp/hard\libc_nano.a(libc_a-fwalk.o)
                              c:/programdata/matlab/supportpackages/r2024a/3p.instrset/gnuarm-armcortex.instrset/win/bin/../lib/gcc/arm-none-eabi/11.3.1/thumb/v7e-m+fp/hard\libc_nano.a(libc_a-findfp.o) (_fwalk_sglue)
c:/programdata/matlab/supportpackages/r2024a/3p.instrset/gnuarm-armcortex.instrset/win/bin/../lib/gcc/arm-none-eabi/11.3.1/thumb/v7e-m+fp/hard\libc_nano.a(libc_a-stdio.o)
                              c:/programdata/matlab/supportpackages/r2024a/3p.instrset/gnuarm-armcortex.instrset/win/bin/../lib/gcc/arm-none-eabi/11.3.1/thumb/v7e-m+fp/hard\libc_nano.a(libc_a-findfp.o) (__sread)
c:/programdata/matlab/supportpackages/r2024a/3p.instrset/gnuarm-armcortex.instrset/win/bin/../lib/gcc/arm-none-eabi/11.3.1/thumb/v7e-m+fp/hard\libc_nano.a(libc_a-memset.o)
                              c:/programdata/matlab/supportpackages/r2024a/3p.instrset/gnuarm-armcortex.instrset/win/bin/../lib/gcc/arm-none-eabi/11.3.1/thumb/v7e-m+fp/hard/crt0.o (memset)
c:/programdata/matlab/supportpackages/r2024a/3p.instrset/gnuarm-armcortex.instrset/win/bin/../lib/gcc/arm-none-eabi/11.3.1/thumb/v7e-m+fp/hard\libc_nano.a(libc_a-closer.o)
[...]
Memory Configuration

Name             Origin             Length             Attributes
RAM              0x20000000         0x00018000         xrw
RAM2             0x10000000         0x00008000         xrw
FLASH            0x08000000         0x00080000         xr
*default*        0x00000000         0xffffffff

Linker script and memory map

LOAD c:/programdata/matlab/supportpackages/r2024a/3p.instrset/gnuarm-armcortex.instrset/win/bin/../lib/gcc/arm-none-eabi/11.3.1/thumb/v7e-m+fp/hard/crti.o
LOAD c:/programdata/matlab/supportpackages/r2024a/3p.instrset/gnuarm-armcortex.instrset/win/bin/../lib/gcc/arm-none-eabi/11.3.1/thumb/v7e-m+fp/hard/crtbegin.o
LOAD c:/programdata/matlab/supportpackages/r2024a/3p.instrset/gnuarm-armcortex.instrset/win/bin/../lib/gcc/arm-none-eabi/11.3.1/thumb/v7e-m+fp/hard/crt0.o
LOAD stm_timer_ll.o
LOAD stm_adc_ll.o
LOAD MicroMouseTemplate.o
LOAD MicroMouseTemplate_data.o
LOAD ert_main.o
LOAD IMU.o
LOAD CustomWhile.o
LOAD Motors.o
LOAD overrideHALDelay.o
LOAD platform_timer.o
LOAD SysTickScheduler.o
LOAD m3m4m4f_multitasking.o
LOAD main.o
LOAD gpio.o
LOAD adc.o
LOAD dma.o
LOAD i2c.o
LOAD tim.o
LOAD usart.o
LOAD usb_device.o
LOAD usbd_conf.o
LOAD usbd_desc.o
LOAD usbd_cdc_if.o
LOAD stm32l4xx_it.o
LOAD stm32l4xx_hal_msp.o
LOAD stm32l4xx_hal_timebase_tim.o
LOAD stm32l4xx_ll_utils.o
LOAD stm32l4xx_ll_exti.o
LOAD stm32l4xx_ll_gpio.o
LOAD stm32l4xx_hal_pcd.o
LOAD stm32l4xx_hal_pcd_ex.o
LOAD stm32l4xx_ll_usb.o
LOAD stm32l4xx_hal.o
LOAD stm32l4xx_hal_rcc.o
LOAD stm32l4xx_hal_rcc_ex.o
LOAD stm32l4xx_hal_flash.o
LOAD stm32l4xx_hal_flash_ex.o
LOAD stm32l4xx_hal_flash_ramfunc.o
LOAD stm32l4xx_hal_gpio.o
LOAD stm32l4xx_hal_i2c.o
LOAD stm32l4xx_hal_i2c_ex.o
LOAD stm32l4xx_hal_dma.o
LOAD stm32l4xx_hal_dma_ex.o
LOAD stm32l4xx_hal_pwr.o
LOAD stm32l4xx_hal_pwr_ex.o
LOAD stm32l4xx_hal_cortex.o
LOAD stm32l4xx_hal_exti.o
LOAD stm32l4xx_ll_adc.o
LOAD stm32l4xx_ll_dma.o
LOAD stm32l4xx_hal_tim.o
LOAD stm32l4xx_hal_tim_ex.o
LOAD stm32l4xx_ll_tim.o
LOAD stm32l4xx_ll_usart.o
LOAD stm32l4xx_ll_rcc.o
LOAD usbd_core.o
LOAD usbd_ctlreq.o
LOAD usbd_ioreq.o
LOAD usbd_cdc.o
LOAD system_stm32l4xx.o
LOAD syscalls.o
LOAD sysmem.o
LOAD startup_stm32l476vetx.o
LOAD code_profiling_utility_functions.o
LOAD C:/ProgramData/MATLAB/SupportPackages/R2024a/3P.instrset/cmsis_dsp.instrset/Lib/GCC/arm_cortexm4ldfsp_math/libCMSISDSP.a
LOAD c:/programdata/matlab/supportpackages/r2024a/3p.instrset/gnuarm-armcortex.instrset/win/bin/../lib/gcc/arm-none-eabi/11.3.1/thumb/v7e-m+fp/hard\libstdc++_nano.a
LOAD c:/programdata/matlab/supportpackages/r2024a/3p.instrset/gnuarm-armcortex.instrset/win/bin/../lib/gcc/arm-none-eabi/11.3.1/thumb/v7e-m+fp/hard\libm.a
START GROUP
LOAD c:/programdata/matlab/supportpackages/r2024a/3p.instrset/gnuarm-armcortex.instrset/win/bin/../lib/gcc/arm-none-eabi/11.3.1/thumb/v7e-m+fp/hard\libgcc.a
LOAD c:/programdata/matlab/supportpackages/r2024a/3p.instrset/gnuarm-armcortex.instrset/win/bin/../lib/gcc/arm-none-eabi/11.3.1/thumb/v7e-m+fp/hard\libc_nano.a
END GROUP
START GROUP
LOAD c:/programdata/matlab/supportpackages/r2024a/3p.instrset/gnuarm-armcortex.instrset/win/bin/../lib/gcc/arm-none-eabi/11.3.1/thumb/v7e-m+fp/hard\libgcc.a
LOAD c:/programdata/matlab/supportpackages/r2024a/3p.instrset/gnuarm-armcortex.instrset/win/bin/../lib/gcc/arm-none-eabi/11.3.1/thumb/v7e-m+fp/hard\libc_nano.a
LOAD c:/programdata/matlab/supportpackages/r2024a/3p.instrset/gnuarm-armcortex.instrset/win/bin/../lib/gcc/arm-none-eabi/11.3.1/thumb/v7e-m+fp/hard\libnosys.a
END GROUP
START GROUP
LOAD c:/programdata/matlab/supportpackages/r2024a/3p.instrset/gnuarm-armcortex.instrset/win/bin/../lib/gcc/arm-none-eabi/11.3.1/thumb/v7e-m+fp/hard\libgcc.a
LOAD c:/programdata/matlab/supportpackages/r2024a/3p.instrset/gnuarm-armcortex.instrset/win/bin/../lib/gcc/arm-none-eabi/11.3.1/thumb/v7e-m+fp/hard\libc_nano.a
LOAD c:/programdata/matlab/supportpackages/r2024a/3p.instrset/gnuarm-armcortex.instrset/win/bin/../lib/gcc/arm-none-eabi/11.3.1/thumb/v7e-m+fp/hard\libnosys.a
END GROUP
LOAD c:/programdata/matlab/supportpackages/r2024a/3p.instrset/gnuarm-armcortex.instrset/win/bin/../lib/gcc/arm-none-eabi/11.3.1/thumb/v7e-m+fp/hard/crtend.o
LOAD c:/programdata/matlab/supportpackages/r2024a/3p.instrset/gnuarm-armcortex.instrset/win/bin/../lib/gcc/arm-none-eabi/11.3.1/thumb/v7e-m+fp/hard/crtn.o
                0x20018000                _estack = (ORIGIN (RAM) + LENGTH (RAM))
                0x00000200                _Min_Heap_Size = 0x200
                0x00000400                _Min_Stack_Size = 0x400

.isr_vector     0x08000000      0x188
                0x08000000                . = ALIGN (0x4)
 *(.isr_vector)
 .isr_vector    0x08000000      0x188 startup_stm32l476vetx.o
                0x08000000                g_pfnVectors
                0x08000188                . = ALIGN (0x4)

.text           0x08000188    0x1051c
                0x08000188                . = ALIGN (0x4)
 *(.text)
 .text          0x08000188      0x378 c:/programdata/matlab/supportpackages/r2024a/3p.instrset/gnuarm-armcortex.instrset/win/bin/../lib/gcc/arm-none-eabi/11.3.1/thumb/v7e-m+fp/hard\libgcc.a(_arm_addsubdf3.o)
                0x08000188                __aeabi_drsub
                0x08000190                __aeabi_dsub
                0x08000190                __subdf3
                0x08000194                __aeabi_dadd
                0x08000194                __adddf3
                0x0800040c                __floatunsidf
                0x0800040c                __aeabi_ui2d
                0x0800042c                __floatsidf
                0x0800042c                __aeabi_i2d
                0x08000450                __aeabi_f2d
                0x08000450                __extendsfdf2
                0x08000494                __floatundidf
                0x08000494                __aeabi_ul2d
                0x080004a4                __floatdidf
                0x080004a4                __aeabi_l2d
 .text          0x08000500      0x424 c:/programdata/matlab/supportpackages/r2024a/3p.instrset/gnuarm-armcortex.instrset/win/bin/../lib/gcc/arm-none-eabi/11.3.1/thumb/v7e-m+fp/hard\libgcc.a(_arm_muldivdf3.o)
                0x08000500                __aeabi_dmul
                0x08000500                __muldf3
                0x08000754                __divdf3
                0x08000754                __aeabi_ddiv
 .text          0x08000924      0x110 c:/programdata/matlab/supportpackages/r2024a/3p.instrset/gnuarm-armcortex.instrset/win/bin/../lib/gcc/arm-none-eabi/11.3.1/thumb/v7e-m+fp/hard\libgcc.a(_arm_cmpdf2.o)
                0x08000924                __gtdf2
                0x08000924                __gedf2
                0x0800092c                __ltdf2
                0x0800092c                __ledf2
                0x08000934                __nedf2
                0x08000934                __eqdf2
                0x08000934                __cmpdf2
                0x080009b0                __aeabi_cdrcmple
                0x080009c0                __aeabi_cdcmpeq
                0x080009c0                __aeabi_cdcmple
                0x080009d0                __aeabi_dcmpeq
                0x080009e4                __aeabi_dcmplt
                0x080009f8                __aeabi_dcmple
                0x08000a0c                __aeabi_dcmpge
                0x08000a20                __aeabi_dcmpgt
 .text          0x08000a34       0x2c c:/programdata/matlab/supportpackages/r2024a/3p.instrset/gnuarm-armcortex.instrset/win/bin/../lib/gcc/arm-none-eabi/11.3.1/thumb/v7e-m+fp/hard\libgcc.a(_arm_unorddf2.o)
                0x08000a34                __unorddf2
                0x08000a34                __aeabi_dcmpun
 .text          0x08000a60       0x40 c:/programdata/matlab/supportpackages/r2024a/3p.instrset/gnuarm-armcortex.instrset/win/bin/../lib/gcc/arm-none-eabi/11.3.1/thumb/v7e-m+fp/hard\libgcc.a(_arm_fixunsdfsi.o)
                0x08000a60                __aeabi_d2uiz
                0x08000a60                __fixunsdfsi
 .text          0x08000aa0       0xa0 c:/programdata/matlab/supportpackages/r2024a/3p.instrset/gnuarm-armcortex.instrset/win/bin/../lib/gcc/arm-none-eabi/11.3.1/thumb/v7e-m+fp/hard\libgcc.a(_arm_truncdfsf2.o)
                0x08000aa0                __truncdfsf2
                0x08000aa0                __aeabi_d2f
 *(.text*)
 .text.deregister_tm_clones
                0x08000b40       0x1c c:/programdata/matlab/supportpackages/r2024a/3p.instrset/gnuarm-armcortex.instrset/win/bin/../lib/gcc/arm-none-eabi/11.3.1/thumb/v7e-m+fp/hard/crtbegin.o
 .text.register_tm_clones
                0x08000b5c       0x24 c:/programdata/matlab/supportpackages/r2024a/3p.instrset/gnuarm-armcortex.instrset/win/bin/../lib/gcc/arm-none-eabi/11.3.1/thumb/v7e-m+fp/hard/crtbegin.o
 .text.__do_global_dtors_aux
                0x08000b80       0x28 c:/programdata/matlab/supportpackages/r2024a/3p.instrset/gnuarm-armcortex.instrset/win/bin/../lib/gcc/arm-none-eabi/11.3.1/thumb/v7e-m+fp/hard/crtbegin.o
 .text.frame_dummy
                0x08000ba8       0x24 c:/programdata/matlab/supportpackages/r2024a/3p.instrset/gnuarm-armcortex.instrset/win/bin/../lib/gcc/arm-none-eabi/11.3.1/thumb/v7e-m+fp/hard/crtbegin.o
 .text.LL_TIM_GetCounterMode
                0x08000bcc       0x30 stm_timer_ll.o
 .text.LL_TIM_GetRepetitionCounter
                0x08000bfc       0x18 stm_timer_ll.o
 .text.LL_TIM_CC_EnableChannel
                0x08000c14       0x22 stm_timer_ll.o
 .text.LL_TIM_CC_DisableChannel
                0x08000c36       0x24 stm_timer_ll.o
 .text.LL_TIM_EnableAllOutputs
                0x08000c5a       0x20 stm_timer_ll.o
 .text.LL_TIM_EnableIT_UPDATE
                0x08000c7a       0x20 stm_timer_ll.o
 .text.LL_TIM_DisableIT_UPDATE
                0x08000c9a       0x20 stm_timer_ll.o
 .text.LL_TIM_IsEnabledIT_UPDATE
                0x08000cba       0x26 stm_timer_ll.o
 .text.LL_TIM_EnableIT_CC1
                0x08000ce0       0x20 stm_timer_ll.o
 .text.LL_TIM_DisableIT_CC1
                0x08000d00       0x20 stm_timer_ll.o
 .text.LL_TIM_IsEnabledIT_CC1
                0x08000d20       0x26 stm_timer_ll.o
 .text.LL_TIM_EnableIT_CC2
                0x08000d46       0x20 stm_timer_ll.o
 .text.LL_TIM_DisableIT_CC2
                0x08000d66       0x20 stm_timer_ll.o
 .text.LL_TIM_IsEnabledIT_CC2
                0x08000d86       0x26 stm_timer_ll.o
 .text.LL_TIM_EnableIT_CC3
                0x08000dac       0x20 stm_timer_ll.o
 .text.LL_TIM_DisableIT_CC3
                0x08000dcc       0x20 stm_timer_ll.o
 .text.LL_TIM_IsEnabledIT_CC3
                0x08000dec       0x26 stm_timer_ll.o
 .text.LL_TIM_EnableIT_CC4
                0x08000e12       0x20 stm_timer_ll.o
 .text.LL_TIM_DisableIT_CC4
                0x08000e32       0x20 stm_timer_ll.o
 .text.LL_TIM_IsEnabledIT_CC4
                0x08000e52       0x26 stm_timer_ll.o
 .text.LL_TIM_EnableIT_COM
                0x08000e78       0x20 stm_timer_ll.o
 .text.LL_TIM_DisableIT_COM
                0x08000e98       0x20 stm_timer_ll.o
 .text.LL_TIM_IsEnabledIT_COM
                0x08000eb8       0x26 stm_timer_ll.o
 .text.LL_TIM_EnableIT_TRIG
                0x08000ede       0x20 stm_timer_ll.o
 .text.LL_TIM_DisableIT_TRIG
                0x08000efe       0x20 stm_timer_ll.o
 .text.LL_TIM_IsEnabledIT_TRIG
                0x08000f1e       0x26 stm_timer_ll.o
 .text.LL_TIM_EnableIT_BRK
                0x08000f44       0x20 stm_timer_ll.o
 .text.LL_TIM_DisableIT_BRK
                0x08000f64       0x20 stm_timer_ll.o
 .text.LL_TIM_IsEnabledIT_BRK
                0x08000f84       0x26 stm_timer_ll.o
 .text.enableTimerInterrupts
                0x08000faa      0x134 stm_timer_ll.o
                0x08000faa                enableTimerInterrupts
 .text.disableTimerInterrupts
                0x080010de      0x134 stm_timer_ll.o
                0x080010de                disableTimerInterrupts
 *fill*         0x08001212        0x2 
 .text.enableTimerChannel1
                0x08001214       0xa0 stm_timer_ll.o
                0x08001214                enableTimerChannel1
 .text.disableTimerChannel1
                0x080012b4       0xa0 stm_timer_ll.o
                0x080012b4                disableTimerChannel1
 .text.enableTimerChannel2
                0x08001354       0xa0 stm_timer_ll.o
                0x08001354                enableTimerChannel2
 .text.disableTimerChannel2
                0x080013f4       0xa0 stm_timer_ll.o
                0x080013f4                disableTimerChannel2
 .text.enableTimerChannel3
                0x08001494       0xa8 stm_timer_ll.o
                0x08001494                enableTimerChannel3
 .text.disableTimerChannel3
                0x0800153c       0xa8 stm_timer_ll.o
                0x0800153c                disableTimerChannel3
 .text.enableTimerChannel4
                0x080015e4       0x28 stm_timer_ll.o
                0x080015e4                enableTimerChannel4
 .text.disableTimerChannel4
                0x0800160c       0x28 stm_timer_ll.o
                0x0800160c                disableTimerChannel4
 .text.Timer_Handle_Init
                0x08001634       0xf0 stm_timer_ll.o
                0x08001634                Timer_Handle_Init
 .text.LL_ADC_DMA_GetRegAddr
                0x08001724       0x30 stm_adc_ll.o
 .text.LL_ADC_REG_IsTriggerSourceSWStart
                0x08001754       0x26 stm_adc_ll.o
 .text.LL_ADC_REG_SetSequencerLength
                0x0800177a       0x26 stm_adc_ll.o
 .text.LL_ADC_REG_SetDMATransfer
                0x080017a0       0x26 stm_adc_ll.o
 .text.LL_ADC_INJ_IsTriggerSourceSWStart
                0x080017c6       0x26 stm_adc_ll.o
 .text.LL_ADC_Enable
                0x080017ec       0x28 stm_adc_ll.o
 .text.LL_ADC_Disable
                0x08001814       0x28 stm_adc_ll.o
 .text.LL_ADC_IsEnabled
                0x0800183c       0x26 stm_adc_ll.o
 .text.LL_ADC_StartCalibration
                0x08001862       0x32 stm_adc_ll.o
 .text.LL_ADC_IsCalibrationOnGoing
                0x08001894       0x28 stm_adc_ll.o
 .text.LL_ADC_REG_StartConversion
                0x080018bc       0x28 stm_adc_ll.o
 .text.LL_ADC_INJ_StartConversion
                0x080018e4       0x28 stm_adc_ll.o
 .text.LL_ADC_IsActiveFlag_EOS
                0x0800190c       0x26 stm_adc_ll.o
 .text.LL_ADC_IsActiveFlag_OVR
                0x08001932       0x26 stm_adc_ll.o
 .text.LL_ADC_ClearFlag_OVR
                0x08001958       0x1a stm_adc_ll.o
 .text.LL_ADC_EnableIT_EOS
                0x08001972       0x20 stm_adc_ll.o
 .text.LL_ADC_EnableIT_JEOS
                0x08001992       0x20 stm_adc_ll.o
 .text.LL_ADC_DisableIT_EOS
                0x080019b2       0x20 stm_adc_ll.o
 .text.LL_ADC_DisableIT_OVR
                0x080019d2       0x20 stm_adc_ll.o
 .text.LL_ADC_DisableIT_JEOS
                0x080019f2       0x20 stm_adc_ll.o
 .text.LL_ADC_DisableIT_AWD1
                0x08001a12       0x20 stm_adc_ll.o
 .text.LL_ADC_IsEnabledIT_OVR
                0x08001a32       0x26 stm_adc_ll.o
 .text.LL_ADC_IsEnabledIT_AWD1
                0x08001a58       0x26 stm_adc_ll.o
 *fill*         0x08001a7e        0x2 
 .text.LL_DMA_EnableChannel
                0x08001a80       0x44 stm_adc_ll.o
 .text.LL_DMA_DisableChannel
                0x08001ac4       0x44 stm_adc_ll.o
 .text.LL_DMA_GetMode
                0x08001b08       0x34 stm_adc_ll.o
 .text.LL_DMA_SetDataLength
                0x08001b3c       0x4c stm_adc_ll.o
 .text.LL_DMA_ConfigAddresses
                0x08001b88       0x7c stm_adc_ll.o
 .text.LL_DMA_SetPeriphAddress
                0x08001c04       0x34 stm_adc_ll.o
 .text.LL_DMA_IsActiveFlag_TC2
                0x08001c38       0x26 stm_adc_ll.o
 .text.LL_DMA_ClearFlag_TC2
                0x08001c5e       0x1a stm_adc_ll.o
 .text.LL_DMA_EnableIT_TC
                0x08001c78       0x44 stm_adc_ll.o
 .text.LL_DMA_EnableIT_TE
                0x08001cbc       0x44 stm_adc_ll.o
 .text.LL_DMA_DisableIT_TC
                0x08001d00       0x44 stm_adc_ll.o
 .text.LL_DMA_DisableIT_HT
                0x08001d44       0x44 stm_adc_ll.o
 .text.LL_DMA_DisableIT_TE
                0x08001d88       0x44 stm_adc_ll.o
 .text.LL_DMA_IsEnabledIT_TC
                0x08001dcc       0x3c stm_adc_ll.o
 .text.regularADCTrigger
                0x08001e08       0x86 stm_adc_ll.o
 .text.configure_ADCs_DMA
                0x08001e8e       0x64 stm_adc_ll.o
 .text.deconfigure_ADCs_DMA
                0x08001ef2       0x3e stm_adc_ll.o
 .text.copyADCChannelsFromDMABuffer
                0x08001f30       0x54 stm_adc_ll.o
 .text.ADC_IsEnabledDMAITTransferComplete
                0x08001f84       0xa2 stm_adc_ll.o
                0x08001f84                ADC_IsEnabledDMAITTransferComplete
 *fill*         0x08002026        0x2 
 .text.DMA1_Channel2_IRQHandler
                0x08002028       0x20 stm_adc_ll.o
                0x08002028                DMA1_Channel2_IRQHandler
 .text.ADC_IsActiveFlagOVR
                0x08002048       0x42 stm_adc_ll.o
                0x08002048                ADC_IsActiveFlagOVR
 .text.startADCConversionForExternalTrigger
                0x0800208a       0x50 stm_adc_ll.o
                0x0800208a                startADCConversionForExternalTrigger
 *fill*         0x080020da        0x2 
 .text.ADC_Handle_Init
                0x080020dc      0x11c stm_adc_ll.o
                0x080020dc                ADC_Handle_Init
 .text.enableADC
                0x080021f8       0x2a stm_adc_ll.o
                0x080021f8                enableADC
 .text.regularReadADCDMA
                0x08002222       0xb2 stm_adc_ll.o
                0x08002222                regularReadADCDMA
 .text.ADC_Handle_Deinit
                0x080022d4       0xee stm_adc_ll.o
                0x080022d4                ADC_Handle_Deinit
 *fill*         0x080023c2        0x2 
 .text.enableADCAutomaticCalibrationOffset
                0x080023c4      0x114 stm_adc_ll.o
                0x080023c4                enableADCAutomaticCalibrationOffset
 .text.LL_TIM_EnableCounter
                0x080024d8       0x20 MicroMouseTemplate.o
 .text.LL_TIM_DisableCounter
                0x080024f8       0x20 MicroMouseTemplate.o
 .text.LL_TIM_SetUpdateSource
                0x08002518       0x26 MicroMouseTemplate.o
 .text.LL_TIM_GetUpdateSource
                0x0800253e       0x1c MicroMouseTemplate.o
 .text.LL_TIM_GetAutoReload
                0x0800255a       0x18 MicroMouseTemplate.o
 .text.LL_TIM_SetRepetitionCounter
                0x08002572       0x1c MicroMouseTemplate.o
 .text.LL_TIM_OC_SetCompareCH1
                0x0800258e       0x1c MicroMouseTemplate.o
 .text.LL_TIM_OC_SetCompareCH2
                0x080025aa       0x1c MicroMouseTemplate.o
 .text.LL_TIM_OC_SetCompareCH3
                0x080025c6       0x1c MicroMouseTemplate.o
 .text.LL_TIM_OC_SetCompareCH4
                0x080025e2       0x1c MicroMouseTemplate.o
 .text.LL_TIM_OC_GetCompareCH1
                0x080025fe       0x18 MicroMouseTemplate.o
 .text.LL_TIM_OC_GetCompareCH2
                0x08002616       0x18 MicroMouseTemplate.o
 .text.LL_TIM_OC_GetCompareCH3
                0x0800262e       0x18 MicroMouseTemplate.o
 .text.LL_TIM_OC_GetCompareCH4
                0x08002646       0x18 MicroMouseTemplate.o
 .text.LL_TIM_GenerateEvent_UPDATE
                0x0800265e       0x20 MicroMouseTemplate.o
 .text.LL_GPIO_ReadInputPort
                0x0800267e       0x18 MicroMouseTemplate.o
 .text.LL_GPIO_SetOutputPin
                0x08002696       0x1c MicroMouseTemplate.o
 .text.LL_GPIO_ResetOutputPin
                0x080026b2       0x1c MicroMouseTemplate.o
 *fill*         0x080026ce        0x2 
 .text.convertDutyCyclePercentageToCounts
                0x080026d0       0x88 MicroMouseTemplate.o
 .text.setDutyCycleChannel1
                0x08002758       0x30 MicroMouseTemplate.o
 .text.setDutyCycleChannel2
                0x08002788       0x30 MicroMouseTemplate.o
 .text.setDutyCycleChannel3
                0x080027b8       0x30 MicroMouseTemplate.o
 .text.setDutyCycleChannel4
                0x080027e8       0x30 MicroMouseTemplate.o
 .text.setDutyCycleInPercentageChannel1
                0x08002818       0x28 MicroMouseTemplate.o
 .text.setDutyCycleInPercentageChannel2
                0x08002840       0x28 MicroMouseTemplate.o
 .text.setDutyCycleInPercentageChannel3
                0x08002868       0x28 MicroMouseTemplate.o
 .text.setDutyCycleInPercentageChannel4
                0x08002890       0x28 MicroMouseTemplate.o
 .text.isSlaveTriggerModeEnabled
                0x080028b8       0x30 MicroMouseTemplate.o
 .text.enableCounter
                0x080028e8      0x100 MicroMouseTemplate.o
 .text.disableCounter
                0x080029e8       0x1a MicroMouseTemplate.o
 .text.MicroMouseTe_MATLABSystem1_Init
                0x08002a02       0x58 MicroMouseTemplate.o
                0x08002a02                MicroMouseTe_MATLABSystem1_Init
 .text.MicroMouseTemplat_MATLABSystem1
                0x08002a5a       0x76 MicroMouseTemplate.o
                0x08002a5a                MicroMouseTemplat_MATLABSystem1
 .text.MicroMouseTe_MATLABSystem3_Init
                0x08002ad0       0x58 MicroMouseTemplate.o
                0x08002ad0                MicroMouseTe_MATLABSystem3_Init
 .text.MicroMouseTemplat_MATLABSystem3
                0x08002b28       0x76 MicroMouseTemplate.o
                0x08002b28                MicroMouseTemplat_MATLABSystem3
 *fill*         0x08002b9e        0x2 
 .text.rt_roundd
                0x08002ba0       0xd4 MicroMouseTemplate.o
                0x08002ba0                rt_roundd
 .text.MicroMouseTemp_SystemCore_setup
                0x08002c74       0x90 MicroMouseTemplate.o
 .text.MicroMouseT_PWMOutput_setupImpl
                0x08002d04       0x78 MicroMouseTemplate.o
 .text.MicroMous_PWMOutput_setupImpl_d
                0x08002d7c       0x78 MicroMouseTemplate.o
 *fill*         0x08002df4        0x4 
 .text.MicroMouseTemplate_step
                0x08002df8     0x1e88 MicroMouseTemplate.o
                0x08002df8                MicroMouseTemplate_step
 .text.MicroMouseTemplate_initialize
                0x08004c80      0x20c MicroMouseTemplate.o
                0x08004c80                MicroMouseTemplate_initialize
 .text.MicroMouseTemplate_terminate
                0x08004e8c       0xdc MicroMouseTemplate.o
                0x08004e8c                MicroMouseTemplate_terminate
 .text.store_code_profiling_data_point
                0x08004f68       0x94 ert_main.o
                0x08004f68                store_code_profiling_data_point
 .text.code_profiling_atomic_read_store
                0x08004ffc       0x2e ert_main.o
                0x08004ffc                code_profiling_atomic_read_store
 *fill*         0x0800502a        0x2 
 .text.rt_OneStep
                0x0800502c       0x58 ert_main.o
                0x0800502c                rt_OneStep
 .text.main     0x08005084      0x100 ert_main.o
                0x08005084                main
 .text.signNumber16
                0x08005184       0x2c IMU.o
                0x08005184                signNumber16
 .text.ReadMem  0x080051b0       0x54 IMU.o
 .text.refreshIMUValues
                0x08005204      0x128 IMU.o
                0x08005204                refreshIMUValues
 .text.initIMU  0x0800532c       0x9c IMU.o
                0x0800532c                initIMU
 .text.UnInterruptable
                0x080053c8       0x3c CustomWhile.o
                0x080053c8                UnInterruptable
 .text.Interruptable
                0x08005404       0x2c CustomWhile.o
                0x08005404                Interruptable
 .text.CustomWhile
                0x08005430      0x46c CustomWhile.o
                0x08005430                CustomWhile
 .text.HAL_Delay
                0x0800589c       0x2e overrideHALDelay.o
                0x0800589c                HAL_Delay
 *fill*         0x080058ca        0x2 
 .text.getCurrentTimestampInMicros
                0x080058cc       0x40 platform_timer.o
                0x080058cc                getCurrentTimestampInMicros
 .text.__NVIC_SetPriority
                0x0800590c       0x54 SysTickScheduler.o
 .text.SysTick_Config
                0x08005960       0x44 SysTickScheduler.o
 .text.SysTick_Isr
                0x080059a4       0x48 SysTickScheduler.o
 .text.SysTick_Handler
                0x080059ec       0x20 SysTickScheduler.o
                0x080059ec                SysTick_Handler
 .text.ARMCM_SysTick_Config
                0x08005a0c       0xb0 SysTickScheduler.o
                0x08005a0c                ARMCM_SysTick_Config
 .text.PendSV_Handler
                0x08005abc       0x44 m3m4m4f_multitasking.o
                0x08005abc                PendSV_Handler
 .text.SVC_Handler
                0x08005b00       0x58 m3m4m4f_multitasking.o
                0x08005b00                SVC_Handler
 .text.LL_RCC_HSE_EnableCSS
                0x08005b58       0x20 main.o
 .text.LL_RCC_HSE_Enable
                0x08005b78       0x20 main.o
 .text.LL_RCC_HSE_IsReady
                0x08005b98       0x28 main.o
 .text.LL_RCC_SetSysClkSource
                0x08005bc0       0x28 main.o
 .text.LL_RCC_GetSysClkSource
                0x08005be8       0x1c main.o
 .text.LL_RCC_SetAHBPrescaler
                0x08005c04       0x28 main.o
 .text.LL_RCC_SetAPB1Prescaler
                0x08005c2c       0x28 main.o
 .text.LL_RCC_SetAPB2Prescaler
                0x08005c54       0x28 main.o
 .text.LL_RCC_PLL_Enable
                0x08005c7c       0x20 main.o
 .text.LL_RCC_PLL_IsReady
                0x08005c9c       0x28 main.o
 .text.LL_RCC_PLL_ConfigDomain_SYS
                0x08005cc4       0x40 main.o
 .text.LL_RCC_PLL_EnableDomain_SYS
                0x08005d04       0x20 main.o
 .text.LL_RCC_PLLSAI1_Enable
                0x08005d24       0x20 main.o
 .text.LL_RCC_PLLSAI1_IsReady
                0x08005d44       0x28 main.o
 .text.LL_RCC_PLLSAI1_ConfigDomain_48M
                0x08005d6c       0x4c main.o
 .text.LL_RCC_PLLSAI1_EnableDomain_48M
                0x08005db8       0x20 main.o
 .text.LL_FLASH_SetLatency
                0x08005dd8       0x28 main.o
 .text.LL_FLASH_GetLatency
                0x08005e00       0x1c main.o
 .text.LL_PWR_SetRegulVoltageScaling
                0x08005e1c       0x28 main.o
 .text.LL_PWR_IsActiveFlag_VOS
                0x08005e44       0x28 main.o
 .text.SystemClock_Config
                0x08005e6c       0xa0 main.o
                0x08005e6c                SystemClock_Config
 .text.PeriphCommonClock_Config
                0x08005f0c       0x2a main.o
                0x08005f0c                PeriphCommonClock_Config
 *fill*         0x08005f36        0x2 
 .text.HAL_TIM_PeriodElapsedCallback
                0x08005f38       0x24 main.o
                0x08005f38                HAL_TIM_PeriodElapsedCallback
 .text.Error_Handler
                0x08005f5c        0xa main.o
                0x08005f5c                Error_Handler
 *fill*         0x08005f66        0x2 
 .text.LL_AHB2_GRP1_EnableClock
                0x08005f68       0x30 gpio.o
 .text.LL_GPIO_SetOutputPin
                0x08005f98       0x1c gpio.o
 .text.LL_GPIO_ResetOutputPin
                0x08005fb4       0x1c gpio.o
 .text.MX_GPIO_Init
                0x08005fd0      0x1dc gpio.o
                0x08005fd0                MX_GPIO_Init
 .text.__NVIC_GetPriorityGrouping
                0x080061ac       0x1c adc.o
 .text.__NVIC_EnableIRQ
                0x080061c8       0x3c adc.o
 .text.__NVIC_SetPriority
                0x08006204       0x54 adc.o
 .text.NVIC_EncodePriority
                0x08006258       0x66 adc.o
 .text.LL_ADC_SetCommonPathInternalCh
                0x080062be       0x26 adc.o
 .text.LL_ADC_REG_SetSequencerRanks
                0x080062e4       0x58 adc.o
 .text.LL_ADC_SetChannelSamplingTime
                0x0800633c       0x56 adc.o
 *fill*         0x08006392        0x2 
 .text.LL_ADC_SetChannelSingleDiff
                0x08006394       0x48 adc.o
 .text.LL_ADC_SetOverSamplingScope
                0x080063dc       0x2a adc.o
 .text.LL_ADC_SetOverSamplingDiscont
                0x08006406       0x26 adc.o
 .text.LL_ADC_ConfigOverSamplingRatioShift
                0x0800642c       0x2c adc.o
 .text.LL_ADC_DisableDeepPowerDown
                0x08006458       0x24 adc.o
 .text.LL_ADC_EnableInternalRegulator
                0x0800647c       0x28 adc.o
 .text.LL_DMA_SetDataTransferDirection
                0x080064a4       0x50 adc.o
 .text.LL_DMA_SetMode
                0x080064f4       0x4c adc.o
 .text.LL_DMA_SetPeriphIncMode
                0x08006540       0x4c adc.o
 .text.LL_DMA_SetMemoryIncMode
                0x0800658c       0x4c adc.o
 .text.LL_DMA_SetPeriphSize
                0x080065d8       0x4c adc.o
 .text.LL_DMA_SetMemorySize
                0x08006624       0x4c adc.o
 .text.LL_DMA_SetChannelPriorityLevel
                0x08006670       0x4c adc.o
 .text.LL_DMA_SetPeriphRequest
                0x080066bc       0x64 adc.o
 .text.LL_RCC_SetADCClockSource
                0x08006720       0x2c adc.o
 .text.LL_AHB2_GRP1_EnableClock
                0x0800674c       0x30 adc.o
 .text.LL_GPIO_EnablePinAnalogControl
                0x0800677c       0x22 adc.o
 *fill*         0x0800679e        0x2 
 .text.MX_ADC1_Init
                0x080067a0      0x348 adc.o
                0x080067a0                MX_ADC1_Init
 .text.MX_ADC2_Init
                0x08006ae8      0x334 adc.o
                0x08006ae8                MX_ADC2_Init
 .text.__NVIC_GetPriorityGrouping
                0x08006e1c       0x1c dma.o
 .text.__NVIC_EnableIRQ
                0x08006e38       0x3c dma.o
 .text.__NVIC_SetPriority
                0x08006e74       0x54 dma.o
 .text.NVIC_EncodePriority
                0x08006ec8       0x66 dma.o
 *fill*         0x08006f2e        0x2 
 .text.LL_AHB1_GRP1_EnableClock
                0x08006f30       0x30 dma.o
 .text.MX_DMA_Init
                0x08006f60       0x8e dma.o
                0x08006f60                MX_DMA_Init
 *fill*         0x08006fee        0x2 
 .text.LL_RCC_SetI2CClockSource
                0x08006ff0       0x50 i2c.o
 .text.MX_I2C2_Init
                0x08007040       0x80 i2c.o
                0x08007040                MX_I2C2_Init
 .text.HAL_I2C_MspInit
                0x080070c0       0x90 i2c.o
                0x080070c0                HAL_I2C_MspInit
 .text.LL_AHB2_GRP1_EnableClock
                0x08007150       0x30 tim.o
 .text.LL_APB1_GRP1_EnableClock
                0x08007180       0x30 tim.o
 .text.LL_TIM_EnableARRPreload
                0x080071b0       0x20 tim.o
 .text.LL_TIM_OC_DisableFast
                0x080071d0       0xa4 tim.o
 .text.LL_TIM_OC_EnablePreload
                0x08007274       0xa0 tim.o
 .text.LL_TIM_DisableExternalClock
                0x08007314       0x20 tim.o
 .text.LL_TIM_SetClockSource
                0x08007334       0x2a tim.o
 .text.LL_TIM_SetTriggerOutput
                0x0800735e       0x26 tim.o
 .text.LL_TIM_DisableMasterSlaveMode
                0x08007384       0x20 tim.o
 .text.LL_TIM_ConfigETR
                0x080073a4       0x32 tim.o
 .text.LL_TIM_SetOCRefClearInputSource
                0x080073d6       0x26 tim.o
 .text.MX_TIM3_Init
                0x080073fc      0x160 tim.o
                0x080073fc                MX_TIM3_Init
 .text.MX_TIM4_Init
                0x0800755c       0x9c tim.o
                0x0800755c                MX_TIM4_Init
 .text.HAL_TIM_Base_MspInit
                0x080075f8       0x4c tim.o
                0x080075f8                HAL_TIM_Base_MspInit
 .text.LL_DMA_SetDataTransferDirection
                0x08007644       0x50 usart.o
 .text.LL_DMA_SetMode
                0x08007694       0x4c usart.o
 .text.LL_DMA_SetPeriphIncMode
                0x080076e0       0x4c usart.o
 .text.LL_DMA_SetMemoryIncMode
                0x0800772c       0x4c usart.o
 .text.LL_DMA_SetPeriphSize
                0x08007778       0x4c usart.o
 .text.LL_DMA_SetMemorySize
                0x080077c4       0x4c usart.o
 .text.LL_DMA_SetChannelPriorityLevel
                0x08007810       0x4c usart.o
 .text.LL_DMA_SetPeriphRequest
                0x0800785c       0x64 usart.o
 .text.LL_RCC_SetUSARTClockSource
                0x080078c0       0x34 usart.o
 .text.LL_AHB2_GRP1_EnableClock
                0x080078f4       0x30 usart.o
 .text.LL_APB1_GRP1_EnableClock
                0x08007924       0x30 usart.o
 .text.LL_USART_Enable
                0x08007954       0x20 usart.o
 .text.LL_USART_ConfigAsyncMode
                0x08007974       0x2c usart.o
 .text.MX_USART2_UART_Init
                0x080079a0      0x14c usart.o
                0x080079a0                MX_USART2_UART_Init
 .text.MX_USB_DEVICE_Init
                0x08007aec       0x60 usb_device.o
                0x08007aec                MX_USB_DEVICE_Init
 .text.LL_RCC_SetUSBClockSource
                0x08007b4c       0x2c usbd_conf.o
 .text.HAL_PCD_MspInit
                0x08007b78       0xf0 usbd_conf.o
                0x08007b78                HAL_PCD_MspInit
 .text.HAL_PCD_SetupStageCallback
                0x08007c68       0x24 usbd_conf.o
                0x08007c68                HAL_PCD_SetupStageCallback
 .text.HAL_PCD_DataOutStageCallback
                0x08007c8c       0x36 usbd_conf.o
                0x08007c8c                HAL_PCD_DataOutStageCallback
 .text.HAL_PCD_DataInStageCallback
                0x08007cc2       0x34 usbd_conf.o
                0x08007cc2                HAL_PCD_DataInStageCallback
 .text.HAL_PCD_SOFCallback
                0x08007cf6       0x1c usbd_conf.o
                0x08007cf6                HAL_PCD_SOFCallback
 .text.HAL_PCD_ResetCallback
                0x08007d12       0x3c usbd_conf.o
                0x08007d12                HAL_PCD_ResetCallback
 *fill*         0x08007d4e        0x2 
 .text.HAL_PCD_SuspendCallback
                0x08007d50       0x4c usbd_conf.o
                0x08007d50                HAL_PCD_SuspendCallback
 .text.HAL_PCD_ResumeCallback
                0x08007d9c       0x50 usbd_conf.o
                0x08007d9c                HAL_PCD_ResumeCallback
 .text.HAL_PCD_ISOOUTIncompleteCallback
                0x08007dec       0x24 usbd_conf.o
                0x08007dec                HAL_PCD_ISOOUTIncompleteCallback
 .text.HAL_PCD_ISOINIncompleteCallback
                0x08007e10       0x24 usbd_conf.o
                0x08007e10                HAL_PCD_ISOINIncompleteCallback
 .text.HAL_PCD_ConnectCallback
                0x08007e34       0x1c usbd_conf.o
                0x08007e34                HAL_PCD_ConnectCallback
 .text.HAL_PCD_DisconnectCallback
                0x08007e50       0x1c usbd_conf.o
                0x08007e50                HAL_PCD_DisconnectCallback
 .text.USBD_LL_Init
                0x08007e6c       0x98 usbd_conf.o
                0x08007e6c                USBD_LL_Init
 .text.USBD_LL_Start
                0x08007f04       0x64 usbd_conf.o
                0x08007f04                USBD_LL_Start
 .text.USBD_LL_OpenEP
                0x08007f68       0x7c usbd_conf.o
                0x08007f68                USBD_LL_OpenEP
 .text.USBD_LL_CloseEP
                0x08007fe4       0x6c usbd_conf.o
                0x08007fe4                USBD_LL_CloseEP
 .text.USBD_LL_StallEP
                0x08008050       0x6c usbd_conf.o
                0x08008050                USBD_LL_StallEP
 .text.USBD_LL_ClearStallEP
                0x080080bc       0x6c usbd_conf.o
                0x080080bc                USBD_LL_ClearStallEP
 .text.USBD_LL_IsStallEP
                0x08008128       0x58 usbd_conf.o
                0x08008128                USBD_LL_IsStallEP
 .text.USBD_LL_SetUSBAddress
                0x08008180       0x6c usbd_conf.o
                0x08008180                USBD_LL_SetUSBAddress
 .text.USBD_LL_Transmit
                0x080081ec       0x70 usbd_conf.o
                0x080081ec                USBD_LL_Transmit
 .text.USBD_LL_PrepareReceive
                0x0800825c       0x70 usbd_conf.o
                0x0800825c                USBD_LL_PrepareReceive
 .text.USBD_LL_GetRxDataSize
                0x080082cc       0x26 usbd_conf.o
                0x080082cc                USBD_LL_GetRxDataSize
 *fill*         0x080082f2        0x2 
 .text.HAL_PCDEx_LPM_Callback
                0x080082f4       0x9c usbd_conf.o
                0x080082f4                HAL_PCDEx_LPM_Callback
 .text.USBD_static_malloc
                0x08008390       0x1c usbd_conf.o
                0x08008390                USBD_static_malloc
 .text.USBD_static_free
                0x080083ac       0x14 usbd_conf.o
                0x080083ac                USBD_static_free
 .text.SystemClockConfig_Resume
                0x080083c0        0xc usbd_conf.o
 .text.USBD_FS_DeviceDescriptor
                0x080083cc       0x24 usbd_desc.o
                0x080083cc                USBD_FS_DeviceDescriptor
 .text.USBD_FS_LangIDStrDescriptor
                0x080083f0       0x24 usbd_desc.o
                0x080083f0                USBD_FS_LangIDStrDescriptor
 .text.USBD_FS_ProductStrDescriptor
                0x08008414       0x3c usbd_desc.o
                0x08008414                USBD_FS_ProductStrDescriptor
 .text.USBD_FS_ManufacturerStrDescriptor
                0x08008450       0x28 usbd_desc.o
                0x08008450                USBD_FS_ManufacturerStrDescriptor
 .text.USBD_FS_SerialStrDescriptor
                0x08008478       0x24 usbd_desc.o
                0x08008478                USBD_FS_SerialStrDescriptor
 .text.USBD_FS_ConfigStrDescriptor
                0x0800849c       0x3c usbd_desc.o
                0x0800849c                USBD_FS_ConfigStrDescriptor
 .text.USBD_FS_InterfaceStrDescriptor
                0x080084d8       0x3c usbd_desc.o
                0x080084d8                USBD_FS_InterfaceStrDescriptor
 .text.USBD_FS_USR_BOSDescriptor
                0x08008514       0x24 usbd_desc.o
                0x08008514                USBD_FS_USR_BOSDescriptor
 .text.Get_SerialNum
                0x08008538       0x58 usbd_desc.o
 .text.IntToUnicode
                0x08008590       0x7e usbd_desc.o
 *fill*         0x0800860e        0x2 
 .text.CDC_Init_FS
                0x08008610       0x28 usbd_cdc_if.o
 .text.CDC_DeInit_FS
                0x08008638       0x10 usbd_cdc_if.o
 .text.CDC_Control_FS
                0x08008648       0xbc usbd_cdc_if.o
 .text.CDC_Receive_FS
                0x08008704       0x48 usbd_cdc_if.o
 .text.CDC_Transmit_FS
                0x0800874c       0x4c usbd_cdc_if.o
                0x0800874c                CDC_Transmit_FS
 .text.CDC_TransmitCplt_FS
                0x08008798       0x22 usbd_cdc_if.o
 .text.NMI_Handler
                0x080087ba        0x6 stm32l4xx_it.o
                0x080087ba                NMI_Handler
 .text.HardFault_Handler
                0x080087c0        0x6 stm32l4xx_it.o
                0x080087c0                HardFault_Handler
 .text.MemManage_Handler
                0x080087c6        0x6 stm32l4xx_it.o
                0x080087c6                MemManage_Handler
 .text.BusFault_Handler
                0x080087cc        0x6 stm32l4xx_it.o
                0x080087cc                BusFault_Handler
 .text.UsageFault_Handler
                0x080087d2        0x6 stm32l4xx_it.o
                0x080087d2                UsageFault_Handler
 .text.DebugMon_Handler
                0x080087d8        0xe stm32l4xx_it.o
                0x080087d8                DebugMon_Handler
 .text.DMA1_Channel1_IRQHandler
                0x080087e6        0xe stm32l4xx_it.o
                0x080087e6                DMA1_Channel1_IRQHandler
 .text.DMA1_Channel6_IRQHandler
                0x080087f4        0xe stm32l4xx_it.o
                0x080087f4                DMA1_Channel6_IRQHandler
 .text.DMA1_Channel7_IRQHandler
                0x08008802        0xe stm32l4xx_it.o
                0x08008802                DMA1_Channel7_IRQHandler
 .text.ADC1_2_IRQHandler
                0x08008810        0xe stm32l4xx_it.o
                0x08008810                ADC1_2_IRQHandler
 *fill*         0x0800881e        0x2 
 .text.TIM1_UP_TIM16_IRQHandler
                0x08008820       0x14 stm32l4xx_it.o
                0x08008820                TIM1_UP_TIM16_IRQHandler
 .text.OTG_FS_IRQHandler
                0x08008834       0x14 stm32l4xx_it.o
                0x08008834                OTG_FS_IRQHandler
 .text.HAL_MspInit
                0x08008848       0x48 stm32l4xx_hal_msp.o
                0x08008848                HAL_MspInit
 .text.HAL_InitTick
                0x08008890       0xdc stm32l4xx_hal_timebase_tim.o
                0x08008890                HAL_InitTick
 .text.LL_SetSystemCoreClock
                0x0800896c       0x20 stm32l4xx_ll_utils.o
                0x0800896c                LL_SetSystemCoreClock
 .text.LL_GPIO_SetPinMode
                0x0800898c       0x7a stm32l4xx_ll_gpio.o
 .text.LL_GPIO_SetPinOutputType
                0x08008a06       0x30 stm32l4xx_ll_gpio.o
 .text.LL_GPIO_SetPinSpeed
                0x08008a36       0x7a stm32l4xx_ll_gpio.o
 .text.LL_GPIO_SetPinPull
                0x08008ab0       0x7a stm32l4xx_ll_gpio.o
 .text.LL_GPIO_SetAFPin_0_7
                0x08008b2a       0x7a stm32l4xx_ll_gpio.o
 .text.LL_GPIO_SetAFPin_8_15
                0x08008ba4       0x7e stm32l4xx_ll_gpio.o
 .text.LL_GPIO_Init
                0x08008c22       0xdc stm32l4xx_ll_gpio.o
                0x08008c22                LL_GPIO_Init
 .text.HAL_PCD_Init
                0x08008cfe      0x248 stm32l4xx_hal_pcd.o
                0x08008cfe                HAL_PCD_Init
 .text.HAL_PCD_Start
                0x08008f46       0x5e stm32l4xx_hal_pcd.o
                0x08008f46                HAL_PCD_Start
 .text.HAL_PCD_IRQHandler
                0x08008fa4      0x926 stm32l4xx_hal_pcd.o
                0x08008fa4                HAL_PCD_IRQHandler
 .text.HAL_PCD_SetAddress
                0x080098ca       0x4a stm32l4xx_hal_pcd.o
                0x080098ca                HAL_PCD_SetAddress
 .text.HAL_PCD_EP_Open
                0x08009914       0xd0 stm32l4xx_hal_pcd.o
                0x08009914                HAL_PCD_EP_Open
 .text.HAL_PCD_EP_Close
                0x080099e4       0x94 stm32l4xx_hal_pcd.o
                0x080099e4                HAL_PCD_EP_Close
 .text.HAL_PCD_EP_Receive
                0x08009a78       0x7c stm32l4xx_hal_pcd.o
                0x08009a78                HAL_PCD_EP_Receive
 .text.HAL_PCD_EP_GetRxCount
                0x08009af4       0x30 stm32l4xx_hal_pcd.o
                0x08009af4                HAL_PCD_EP_GetRxCount
 .text.HAL_PCD_EP_Transmit
                0x08009b24       0x7a stm32l4xx_hal_pcd.o
                0x08009b24                HAL_PCD_EP_Transmit
 .text.HAL_PCD_EP_SetStall
                0x08009b9e       0xc4 stm32l4xx_hal_pcd.o
                0x08009b9e                HAL_PCD_EP_SetStall
 .text.HAL_PCD_EP_ClrStall
                0x08009c62       0xac stm32l4xx_hal_pcd.o
                0x08009c62                HAL_PCD_EP_ClrStall
 .text.HAL_PCD_EP_Abort
                0x08009d0e       0x62 stm32l4xx_hal_pcd.o
                0x08009d0e                HAL_PCD_EP_Abort
 .text.PCD_WriteEmptyTxFifo
                0x08009d70      0x110 stm32l4xx_hal_pcd.o
 .text.PCD_EP_OutXfrComplete_int
                0x08009e80       0x9c stm32l4xx_hal_pcd.o
 .text.PCD_EP_OutSetupPacket_int
                0x08009f1c       0x68 stm32l4xx_hal_pcd.o
 .text.HAL_PCDEx_SetTxFiFo
                0x08009f84       0x8e stm32l4xx_hal_pcd_ex.o
                0x08009f84                HAL_PCDEx_SetTxFiFo
 .text.HAL_PCDEx_SetRxFiFo
                0x0800a012       0x22 stm32l4xx_hal_pcd_ex.o
                0x0800a012                HAL_PCDEx_SetRxFiFo
 .text.HAL_PCDEx_ActivateLPM
                0x0800a034       0x48 stm32l4xx_hal_pcd_ex.o
                0x0800a034                HAL_PCDEx_ActivateLPM
 .text.USB_CoreInit
                0x0800a07c       0x58 stm32l4xx_ll_usb.o
                0x0800a07c                USB_CoreInit
 .text.USB_SetTurnaroundTime
                0x0800a0d4      0x138 stm32l4xx_ll_usb.o
                0x0800a0d4                USB_SetTurnaroundTime
 .text.USB_EnableGlobalInt
                0x0800a20c       0x22 stm32l4xx_ll_usb.o
                0x0800a20c                USB_EnableGlobalInt
 .text.USB_DisableGlobalInt
                0x0800a22e       0x22 stm32l4xx_ll_usb.o
                0x0800a22e                USB_DisableGlobalInt
 .text.USB_SetCurrentMode
                0x0800a250       0x98 stm32l4xx_ll_usb.o
                0x0800a250                USB_SetCurrentMode
 .text.USB_DevInit
                0x0800a2e8      0x298 stm32l4xx_ll_usb.o
                0x0800a2e8                USB_DevInit
 .text.USB_FlushTxFifo
                0x0800a580       0x68 stm32l4xx_ll_usb.o
                0x0800a580                USB_FlushTxFifo
 .text.USB_FlushRxFifo
                0x0800a5e8       0x60 stm32l4xx_ll_usb.o
                0x0800a5e8                USB_FlushRxFifo
 .text.USB_SetDevSpeed
                0x0800a648       0x32 stm32l4xx_ll_usb.o
                0x0800a648                USB_SetDevSpeed
 .text.USB_GetDevSpeed
                0x0800a67a       0x3e stm32l4xx_ll_usb.o
                0x0800a67a                USB_GetDevSpeed
 .text.USB_ActivateEndpoint
                0x0800a6b8      0x10e stm32l4xx_ll_usb.o
                0x0800a6b8                USB_ActivateEndpoint
 *fill*         0x0800a7c6        0x2 
 .text.USB_DeactivateEndpoint
                0x0800a7c8      0x1b8 stm32l4xx_ll_usb.o
                0x0800a7c8                USB_DeactivateEndpoint
 .text.USB_EPStartXfer
                0x0800a980      0x3c0 stm32l4xx_ll_usb.o
                0x0800a980                USB_EPStartXfer
 .text.USB_EP0StartXfer
                0x0800ad40      0x244 stm32l4xx_ll_usb.o
                0x0800ad40                USB_EP0StartXfer
 .text.USB_EPStopXfer
                0x0800af84      0x154 stm32l4xx_ll_usb.o
                0x0800af84                USB_EPStopXfer
 .text.USB_WritePacket
                0x0800b0d8       0x74 stm32l4xx_ll_usb.o
                0x0800b0d8                USB_WritePacket
 .text.USB_ReadPacket
                0x0800b14c       0xb0 stm32l4xx_ll_usb.o
                0x0800b14c                USB_ReadPacket
 .text.USB_EPSetStall
                0x0800b1fc       0xdc stm32l4xx_ll_usb.o
                0x0800b1fc                USB_EPSetStall
 .text.USB_EPClearStall
                0x0800b2d8       0xcc stm32l4xx_ll_usb.o
                0x0800b2d8                USB_EPClearStall
 .text.USB_SetDevAddress
                0x0800b3a4       0x4c stm32l4xx_ll_usb.o
                0x0800b3a4                USB_SetDevAddress
 .text.USB_DevConnect
                0x0800b3f0       0x42 stm32l4xx_ll_usb.o
                0x0800b3f0                USB_DevConnect
 .text.USB_DevDisconnect
                0x0800b432       0x42 stm32l4xx_ll_usb.o
                0x0800b432                USB_DevDisconnect
 .text.USB_ReadInterrupts
                0x0800b474       0x26 stm32l4xx_ll_usb.o
                0x0800b474                USB_ReadInterrupts
 .text.USB_ReadDevAllOutEpInterrupt
                0x0800b49a       0x34 stm32l4xx_ll_usb.o
                0x0800b49a                USB_ReadDevAllOutEpInterrupt
 .text.USB_ReadDevAllInEpInterrupt
                0x0800b4ce       0x34 stm32l4xx_ll_usb.o
                0x0800b4ce                USB_ReadDevAllInEpInterrupt
 .text.USB_ReadDevOutEPInterrupt
                0x0800b502       0x3c stm32l4xx_ll_usb.o
                0x0800b502                USB_ReadDevOutEPInterrupt
 .text.USB_ReadDevInEPInterrupt
                0x0800b53e       0x5c stm32l4xx_ll_usb.o
                0x0800b53e                USB_ReadDevInEPInterrupt
 .text.USB_GetMode
                0x0800b59a       0x1c stm32l4xx_ll_usb.o
                0x0800b59a                USB_GetMode
 .text.USB_ActivateSetup
                0x0800b5b6       0x46 stm32l4xx_ll_usb.o
                0x0800b5b6                USB_ActivateSetup
 .text.USB_EP0_OutStart
                0x0800b5fc       0x90 stm32l4xx_ll_usb.o
                0x0800b5fc                USB_EP0_OutStart
 .text.USB_CoreReset
                0x0800b68c       0x68 stm32l4xx_ll_usb.o
 .text.HAL_Init
                0x0800b6f4       0x30 stm32l4xx_hal.o
                0x0800b6f4                HAL_Init
 .text.HAL_IncTick
                0x0800b724       0x28 stm32l4xx_hal.o
                0x0800b724                HAL_IncTick
 .text.HAL_GetTick
                0x0800b74c       0x18 stm32l4xx_hal.o
                0x0800b74c                HAL_GetTick
 .text.HAL_RCC_GetHCLKFreq
                0x0800b764       0x18 stm32l4xx_hal_rcc.o
                0x0800b764                HAL_RCC_GetHCLKFreq
 .text.HAL_RCC_GetPCLK2Freq
                0x0800b77c       0x2c stm32l4xx_hal_rcc.o
                0x0800b77c                HAL_RCC_GetPCLK2Freq
 .text.HAL_RCC_GetClockConfig
                0x0800b7a8       0x64 stm32l4xx_hal_rcc.o
                0x0800b7a8                HAL_RCC_GetClockConfig
 .text.HAL_GPIO_Init
                0x0800b80c      0x354 stm32l4xx_hal_gpio.o
                0x0800b80c                HAL_GPIO_Init
 .text.HAL_GPIO_ReadPin
                0x0800bb60       0x30 stm32l4xx_hal_gpio.o
                0x0800bb60                HAL_GPIO_ReadPin
 .text.HAL_I2C_Init
                0x0800bb90      0x11e stm32l4xx_hal_i2c.o
                0x0800bb90                HAL_I2C_Init
 *fill*         0x0800bcae        0x2 
 .text.HAL_I2C_Mem_Write
                0x0800bcb0      0x228 stm32l4xx_hal_i2c.o
                0x0800bcb0                HAL_I2C_Mem_Write
 .text.HAL_I2C_Mem_Read
                0x0800bed8      0x234 stm32l4xx_hal_i2c.o
                0x0800bed8                HAL_I2C_Mem_Read
 .text.I2C_RequestMemoryWrite
                0x0800c10c       0xa8 stm32l4xx_hal_i2c.o
 .text.I2C_RequestMemoryRead
                0x0800c1b4       0xa8 stm32l4xx_hal_i2c.o
 .text.I2C_Flush_TXDR
                0x0800c25c       0x48 stm32l4xx_hal_i2c.o
 .text.I2C_WaitOnFlagUntilTimeout
                0x0800c2a4       0x80 stm32l4xx_hal_i2c.o
 .text.I2C_WaitOnTXISFlagUntilTimeout
                0x0800c324       0x80 stm32l4xx_hal_i2c.o
 .text.I2C_WaitOnSTOPFlagUntilTimeout
                0x0800c3a4       0x78 stm32l4xx_hal_i2c.o
 .text.I2C_IsErrorOccurred
                0x0800c41c      0x1d8 stm32l4xx_hal_i2c.o
 .text.I2C_TransferConfig
                0x0800c5f4       0x64 stm32l4xx_hal_i2c.o
 .text.HAL_I2CEx_ConfigAnalogFilter
                0x0800c658       0x96 stm32l4xx_hal_i2c_ex.o
                0x0800c658                HAL_I2CEx_ConfigAnalogFilter
 .text.HAL_I2CEx_ConfigDigitalFilter
                0x0800c6ee       0x98 stm32l4xx_hal_i2c_ex.o
                0x0800c6ee                HAL_I2CEx_ConfigDigitalFilter
 *fill*         0x0800c786        0x2 
 .text.HAL_PWREx_EnableVddUSB
                0x0800c788       0x20 stm32l4xx_hal_pwr_ex.o
                0x0800c788                HAL_PWREx_EnableVddUSB
 .text.__NVIC_SetPriorityGrouping
                0x0800c7a8       0x48 stm32l4xx_hal_cortex.o
 .text.__NVIC_GetPriorityGrouping
                0x0800c7f0       0x1c stm32l4xx_hal_cortex.o
 .text.__NVIC_EnableIRQ
                0x0800c80c       0x3c stm32l4xx_hal_cortex.o
 .text.__NVIC_DisableIRQ
                0x0800c848       0x48 stm32l4xx_hal_cortex.o
 .text.__NVIC_SetPriority
                0x0800c890       0x54 stm32l4xx_hal_cortex.o
 .text.NVIC_EncodePriority
                0x0800c8e4       0x66 stm32l4xx_hal_cortex.o
 .text.HAL_NVIC_SetPriorityGrouping
                0x0800c94a       0x16 stm32l4xx_hal_cortex.o
                0x0800c94a                HAL_NVIC_SetPriorityGrouping
 .text.HAL_NVIC_SetPriority
                0x0800c960       0x38 stm32l4xx_hal_cortex.o
                0x0800c960                HAL_NVIC_SetPriority
 .text.HAL_NVIC_EnableIRQ
                0x0800c998       0x1c stm32l4xx_hal_cortex.o
                0x0800c998                HAL_NVIC_EnableIRQ
 .text.HAL_NVIC_DisableIRQ
                0x0800c9b4       0x1c stm32l4xx_hal_cortex.o
                0x0800c9b4                HAL_NVIC_DisableIRQ
 .text.LL_ADC_REG_SetSequencerLength
                0x0800c9d0       0x26 stm32l4xx_ll_adc.o
 .text.LL_ADC_IsEnabled
                0x0800c9f6       0x26 stm32l4xx_ll_adc.o
 .text.LL_ADC_CommonInit
                0x0800ca1c       0x90 stm32l4xx_ll_adc.o
                0x0800ca1c                LL_ADC_CommonInit
 .text.LL_ADC_Init
                0x0800caac       0x4c stm32l4xx_ll_adc.o
                0x0800caac                LL_ADC_Init
 .text.LL_ADC_REG_Init
                0x0800caf8       0x94 stm32l4xx_ll_adc.o
                0x0800caf8                LL_ADC_REG_Init
 .text.HAL_TIM_Base_Init
                0x0800cb8c       0xae stm32l4xx_hal_tim.o
                0x0800cb8c                HAL_TIM_Base_Init
 *fill*         0x0800cc3a        0x2 
 .text.HAL_TIM_Base_Start_IT
                0x0800cc3c       0xe0 stm32l4xx_hal_tim.o
                0x0800cc3c                HAL_TIM_Base_Start_IT
 .text.HAL_TIM_IRQHandler
                0x0800cd1c      0x23e stm32l4xx_hal_tim.o
                0x0800cd1c                HAL_TIM_IRQHandler
 .text.HAL_TIM_ConfigClockSource
                0x0800cf5a      0x192 stm32l4xx_hal_tim.o
                0x0800cf5a                HAL_TIM_ConfigClockSource
 .text.HAL_TIM_OC_DelayElapsedCallback
                0x0800d0ec       0x14 stm32l4xx_hal_tim.o
                0x0800d0ec                HAL_TIM_OC_DelayElapsedCallback
 .text.HAL_TIM_IC_CaptureCallback
                0x0800d100       0x14 stm32l4xx_hal_tim.o
                0x0800d100                HAL_TIM_IC_CaptureCallback
 .text.HAL_TIM_PWM_PulseFinishedCallback
                0x0800d114       0x14 stm32l4xx_hal_tim.o
                0x0800d114                HAL_TIM_PWM_PulseFinishedCallback
 .text.HAL_TIM_TriggerCallback
                0x0800d128       0x14 stm32l4xx_hal_tim.o
                0x0800d128                HAL_TIM_TriggerCallback
 .text.TIM_Base_SetConfig
                0x0800d13c      0x134 stm32l4xx_hal_tim.o
                0x0800d13c                TIM_Base_SetConfig
 .text.TIM_TI1_ConfigInputStage
                0x0800d270       0x5e stm32l4xx_hal_tim.o
 .text.TIM_TI2_ConfigInputStage
                0x0800d2ce       0x60 stm32l4xx_hal_tim.o
 .text.TIM_ITRx_SetConfig
                0x0800d32e       0x36 stm32l4xx_hal_tim.o
 .text.TIM_ETR_SetConfig
                0x0800d364       0x40 stm32l4xx_hal_tim.o
                0x0800d364                TIM_ETR_SetConfig
 .text.HAL_TIMEx_MasterConfigSynchronization
                0x0800d3a4      0x110 stm32l4xx_hal_tim_ex.o
                0x0800d3a4                HAL_TIMEx_MasterConfigSynchronization
 .text.HAL_TIMEx_CommutCallback
                0x0800d4b4       0x14 stm32l4xx_hal_tim_ex.o
                0x0800d4b4                HAL_TIMEx_CommutCallback
 .text.HAL_TIMEx_BreakCallback
                0x0800d4c8       0x14 stm32l4xx_hal_tim_ex.o
                0x0800d4c8                HAL_TIMEx_BreakCallback
 .text.HAL_TIMEx_Break2Callback
                0x0800d4dc       0x14 stm32l4xx_hal_tim_ex.o
                0x0800d4dc                HAL_TIMEx_Break2Callback
 .text.LL_TIM_SetPrescaler
                0x0800d4f0       0x1c stm32l4xx_ll_tim.o
 .text.LL_TIM_SetAutoReload
                0x0800d50c       0x1c stm32l4xx_ll_tim.o
 .text.LL_TIM_SetRepetitionCounter
                0x0800d528       0x1c stm32l4xx_ll_tim.o
 .text.LL_TIM_OC_SetCompareCH1
                0x0800d544       0x1c stm32l4xx_ll_tim.o
 .text.LL_TIM_OC_SetCompareCH2
                0x0800d560       0x1c stm32l4xx_ll_tim.o
 .text.LL_TIM_OC_SetCompareCH3
                0x0800d57c       0x1c stm32l4xx_ll_tim.o
 .text.LL_TIM_OC_SetCompareCH4
                0x0800d598       0x1c stm32l4xx_ll_tim.o
 .text.LL_TIM_OC_SetCompareCH5
                0x0800d5b4       0x20 stm32l4xx_ll_tim.o
 .text.LL_TIM_OC_SetCompareCH6
                0x0800d5d4       0x1c stm32l4xx_ll_tim.o
 .text.LL_TIM_GenerateEvent_UPDATE
                0x0800d5f0       0x20 stm32l4xx_ll_tim.o
 .text.LL_TIM_Init
                0x0800d610      0x128 stm32l4xx_ll_tim.o
                0x0800d610                LL_TIM_Init
 .text.LL_TIM_OC_Init
                0x0800d738       0xbe stm32l4xx_ll_tim.o
                0x0800d738                LL_TIM_OC_Init
 *fill*         0x0800d7f6        0x2 
 .text.OC1Config
                0x0800d7f8      0x100 stm32l4xx_ll_tim.o
 .text.OC2Config
                0x0800d8f8      0x108 stm32l4xx_ll_tim.o
 .text.OC3Config
                0x0800da00      0x108 stm32l4xx_ll_tim.o
 .text.OC4Config
                0x0800db08       0xd8 stm32l4xx_ll_tim.o
 .text.OC5Config
                0x0800dbe0       0xc8 stm32l4xx_ll_tim.o
 .text.OC6Config
                0x0800dca8       0xc8 stm32l4xx_ll_tim.o
 .text.LL_USART_IsEnabled
                0x0800dd70       0x26 stm32l4xx_ll_usart.o
 .text.LL_USART_SetStopBitsLength
                0x0800dd96       0x26 stm32l4xx_ll_usart.o
 .text.LL_USART_SetHWFlowCtrl
                0x0800ddbc       0x26 stm32l4xx_ll_usart.o
 .text.LL_USART_SetBaudRate
                0x0800dde2       0x6e stm32l4xx_ll_usart.o
 .text.LL_USART_Init
                0x0800de50       0xf8 stm32l4xx_ll_usart.o
                0x0800de50                LL_USART_Init
 .text.LL_RCC_HSI_IsReady
                0x0800df48       0x28 stm32l4xx_ll_rcc.o
 .text.LL_RCC_LSE_IsReady
                0x0800df70       0x28 stm32l4xx_ll_rcc.o
 .text.LL_RCC_MSI_IsEnabledRangeSelect
                0x0800df98       0x24 stm32l4xx_ll_rcc.o
 .text.LL_RCC_MSI_GetRange
                0x0800dfbc       0x1c stm32l4xx_ll_rcc.o
 .text.LL_RCC_MSI_GetRangeAfterStandby
                0x0800dfd8       0x1c stm32l4xx_ll_rcc.o
 .text.LL_RCC_GetSysClkSource
                0x0800dff4       0x1c stm32l4xx_ll_rcc.o
 .text.LL_RCC_GetAHBPrescaler
                0x0800e010       0x1c stm32l4xx_ll_rcc.o
 .text.LL_RCC_GetAPB1Prescaler
                0x0800e02c       0x1c stm32l4xx_ll_rcc.o
 .text.LL_RCC_GetAPB2Prescaler
                0x0800e048       0x1c stm32l4xx_ll_rcc.o
 .text.LL_RCC_GetUSARTClockSource
                0x0800e064       0x28 stm32l4xx_ll_rcc.o
 .text.LL_RCC_GetUARTClockSource
                0x0800e08c       0x28 stm32l4xx_ll_rcc.o
 .text.LL_RCC_PLL_GetMainSource
                0x0800e0b4       0x1c stm32l4xx_ll_rcc.o
 .text.LL_RCC_PLL_GetN
                0x0800e0d0       0x1c stm32l4xx_ll_rcc.o
 .text.LL_RCC_PLL_GetR
                0x0800e0ec       0x1c stm32l4xx_ll_rcc.o
 .text.LL_RCC_PLL_GetDivider
                0x0800e108       0x1c stm32l4xx_ll_rcc.o
 .text.LL_RCC_GetUSARTClockFreq
                0x0800e124      0x1c4 stm32l4xx_ll_rcc.o
                0x0800e124                LL_RCC_GetUSARTClockFreq
 .text.LL_RCC_GetUARTClockFreq
                0x0800e2e8      0x128 stm32l4xx_ll_rcc.o
                0x0800e2e8                LL_RCC_GetUARTClockFreq
 .text.RCC_GetSystemClockFreq
                0x0800e410      0x120 stm32l4xx_ll_rcc.o
 .text.RCC_GetHCLKClockFreq
                0x0800e530       0x2c stm32l4xx_ll_rcc.o
 .text.RCC_GetPCLK1ClockFreq
                0x0800e55c       0x28 stm32l4xx_ll_rcc.o
 .text.RCC_GetPCLK2ClockFreq
                0x0800e584       0x28 stm32l4xx_ll_rcc.o
 .text.RCC_PLL_GetFreqDomain_SYS
                0x0800e5ac      0x118 stm32l4xx_ll_rcc.o
 .text.USBD_Init
                0x0800e6c4       0x60 usbd_core.o
                0x0800e6c4                USBD_Init
 .text.USBD_RegisterClass
                0x0800e724       0x4e usbd_core.o
                0x0800e724                USBD_RegisterClass
 .text.USBD_Start
                0x0800e772       0x18 usbd_core.o
                0x0800e772                USBD_Start
 .text.USBD_RunTestMode
                0x0800e78a       0x16 usbd_core.o
                0x0800e78a                USBD_RunTestMode
 .text.USBD_SetClassConfig
                0x0800e7a0       0x38 usbd_core.o
                0x0800e7a0                USBD_SetClassConfig
 .text.USBD_ClrClassConfig
                0x0800e7d8       0x30 usbd_core.o
                0x0800e7d8                USBD_ClrClassConfig
 .text.USBD_LL_SetupStage
                0x0800e808       0xaa usbd_core.o
                0x0800e808                USBD_LL_SetupStage
 .text.USBD_LL_DataOutStage
                0x0800e8b2       0xc6 usbd_core.o
                0x0800e8b2                USBD_LL_DataOutStage
 .text.USBD_LL_DataInStage
                0x0800e978      0x12c usbd_core.o
                0x0800e978                USBD_LL_DataInStage
 .text.USBD_LL_Reset
                0x0800eaa4       0x9c usbd_core.o
                0x0800eaa4                USBD_LL_Reset
 .text.USBD_LL_SetSpeed
                0x0800eb40       0x20 usbd_core.o
                0x0800eb40                USBD_LL_SetSpeed
 .text.USBD_LL_Suspend
                0x0800eb60       0x2c usbd_core.o
                0x0800eb60                USBD_LL_Suspend
 .text.USBD_LL_Resume
                0x0800eb8c       0x30 usbd_core.o
                0x0800eb8c                USBD_LL_Resume
 .text.USBD_LL_SOF
                0x0800ebbc       0x44 usbd_core.o
                0x0800ebbc                USBD_LL_SOF
 .text.USBD_LL_IsoINIncomplete
                0x0800ec00       0x4c usbd_core.o
                0x0800ec00                USBD_LL_IsoINIncomplete
 .text.USBD_LL_IsoOUTIncomplete
                0x0800ec4c       0x4c usbd_core.o
                0x0800ec4c                USBD_LL_IsoOUTIncomplete
 .text.USBD_LL_DevConnected
                0x0800ec98       0x16 usbd_core.o
                0x0800ec98                USBD_LL_DevConnected
 .text.USBD_LL_DevDisconnected
                0x0800ecae       0x38 usbd_core.o
                0x0800ecae                USBD_LL_DevDisconnected
 .text.SWAPBYTE
                0x0800ece6       0x3c usbd_ctlreq.o
 *fill*         0x0800ed22        0x2 
 .text.USBD_StdDevReq
                0x0800ed24       0xdc usbd_ctlreq.o
                0x0800ed24                USBD_StdDevReq
 .text.USBD_StdItfReq
                0x0800ee00       0x92 usbd_ctlreq.o
                0x0800ee00                USBD_StdItfReq
 .text.USBD_StdEPReq
                0x0800ee92      0x2c4 usbd_ctlreq.o
                0x0800ee92                USBD_StdEPReq
 *fill*         0x0800f156        0x2 
 .text.USBD_GetDescriptor
                0x0800f158      0x328 usbd_ctlreq.o
 .text.USBD_SetAddress
                0x0800f480       0x88 usbd_ctlreq.o
 .text.USBD_SetConfig
                0x0800f508      0x14c usbd_ctlreq.o
 .text.USBD_GetConfig
                0x0800f654       0x6c usbd_ctlreq.o
 .text.USBD_GetStatus
                0x0800f6c0       0x68 usbd_ctlreq.o
 .text.USBD_SetFeature
                0x0800f728       0x28 usbd_ctlreq.o
 .text.USBD_ClrFeature
                0x0800f750       0x44 usbd_ctlreq.o
 .text.USBD_ParseSetupRequest
                0x0800f794       0x74 usbd_ctlreq.o
                0x0800f794                USBD_ParseSetupRequest
 .text.USBD_CtlError
                0x0800f808       0x22 usbd_ctlreq.o
                0x0800f808                USBD_CtlError
 .text.USBD_GetString
                0x0800f82a       0x8c usbd_ctlreq.o
                0x0800f82a                USBD_GetString
 .text.USBD_GetLen
                0x0800f8b6       0x34 usbd_ctlreq.o
 .text.USBD_CtlSendData
                0x0800f8ea       0x36 usbd_ioreq.o
                0x0800f8ea                USBD_CtlSendData
 .text.USBD_CtlContinueSendData
                0x0800f920       0x22 usbd_ioreq.o
                0x0800f920                USBD_CtlContinueSendData
 .text.USBD_CtlPrepareRx
                0x0800f942       0x3a usbd_ioreq.o
                0x0800f942                USBD_CtlPrepareRx
 .text.USBD_CtlContinueRx
                0x0800f97c       0x22 usbd_ioreq.o
                0x0800f97c                USBD_CtlContinueRx
 .text.USBD_CtlSendStatus
                0x0800f99e       0x26 usbd_ioreq.o
                0x0800f99e                USBD_CtlSendStatus
 .text.USBD_CtlReceiveStatus
                0x0800f9c4       0x26 usbd_ioreq.o
                0x0800f9c4                USBD_CtlReceiveStatus
 .text.USBD_CDC_Init
                0x0800f9ea       0xfe usbd_cdc.o
 .text.USBD_CDC_DeInit
                0x0800fae8       0x74 usbd_cdc.o
 .text.USBD_CDC_Setup
                0x0800fb5c      0x190 usbd_cdc.o
 .text.USBD_CDC_DataIn
                0x0800fcec       0xca usbd_cdc.o
 .text.USBD_CDC_DataOut
                0x0800fdb6       0x56 usbd_cdc.o
 .text.USBD_CDC_EP0_RxReady
                0x0800fe0c       0x5a usbd_cdc.o
 *fill*         0x0800fe66        0x2 
 .text.USBD_CDC_GetFSCfgDesc
                0x0800fe68       0x20 usbd_cdc.o
 .text.USBD_CDC_GetHSCfgDesc
                0x0800fe88       0x20 usbd_cdc.o
 .text.USBD_CDC_GetOtherSpeedCfgDesc
                0x0800fea8       0x20 usbd_cdc.o
 .text.USBD_CDC_GetDeviceQualifierDescriptor
                0x0800fec8       0x20 usbd_cdc.o
                0x0800fec8                USBD_CDC_GetDeviceQualifierDescriptor
 .text.USBD_CDC_RegisterInterface
                0x0800fee8       0x2a usbd_cdc.o
                0x0800fee8                USBD_CDC_RegisterInterface
 .text.USBD_CDC_SetTxBuffer
                0x0800ff12       0x3c usbd_cdc.o
                0x0800ff12                USBD_CDC_SetTxBuffer
 .text.USBD_CDC_SetRxBuffer
                0x0800ff4e       0x32 usbd_cdc.o
                0x0800ff4e                USBD_CDC_SetRxBuffer
 .text.USBD_CDC_TransmitPacket
                0x0800ff80       0x60 usbd_cdc.o
                0x0800ff80                USBD_CDC_TransmitPacket
 .text.USBD_CDC_ReceivePacket
                0x0800ffe0       0x54 usbd_cdc.o
                0x0800ffe0                USBD_CDC_ReceivePacket
 .text.SystemInit
                0x08010034       0x24 system_stm32l4xx.o
                0x08010034                SystemInit
 .text.Reset_Handler
                0x08010058       0x50 startup_stm32l476vetx.o
                0x08010058                Reset_Handler
 .text.Default_Handler
                0x080100a8        0x2 startup_stm32l476vetx.o
                0x080100a8                RTC_Alarm_IRQHandler
                0x080100a8                EXTI2_IRQHandler
                0x080100a8                TIM8_TRG_COM_IRQHandler
                0x080100a8                TIM8_CC_IRQHandler
                0x080100a8                TIM1_CC_IRQHandler
                0x080100a8                TSC_IRQHandler
                0x080100a8                TAMP_STAMP_IRQHandler
                0x080100a8                EXTI3_IRQHandler
                0x080100a8                LPTIM2_IRQHandler
                0x080100a8                DFSDM1_FLT1_IRQHandler
                0x080100a8                I2C3_ER_IRQHandler
                0x080100a8                DFSDM1_FLT2_IRQHandler
                0x080100a8                EXTI0_IRQHandler
                0x080100a8                I2C2_EV_IRQHandler
                0x080100a8                CAN1_RX0_IRQHandler
                0x080100a8                FPU_IRQHandler
                0x080100a8                SPI1_IRQHandler
                0x080100a8                TIM6_DAC_IRQHandler
                0x080100a8                TIM8_UP_IRQHandler
                0x080100a8                DMA2_Channel2_IRQHandler
                0x080100a8                DMA1_Channel4_IRQHandler
                0x080100a8                SAI2_IRQHandler
                0x080100a8                DFSDM1_FLT3_IRQHandler
                0x080100a8                USART3_IRQHandler
                0x080100a8                CAN1_RX1_IRQHandler
                0x080100a8                LCD_IRQHandler
                0x080100a8                UART5_IRQHandler
                0x080100a8                ADC3_IRQHandler
                0x080100a8                TIM4_IRQHandler
                0x080100a8                DMA2_Channel1_IRQHandler
                0x080100a8                QUADSPI_IRQHandler
                0x080100a8                I2C1_EV_IRQHandler
                0x080100a8                UART4_IRQHandler
                0x080100a8                DMA2_Channel4_IRQHandler
                0x080100a8                TIM3_IRQHandler
                0x080100a8                RCC_IRQHandler
                0x080100a8                Default_Handler
                0x080100a8                DMA2_Channel7_IRQHandler
                0x080100a8                EXTI15_10_IRQHandler
                0x080100a8                TIM7_IRQHandler
                0x080100a8                SDMMC1_IRQHandler
                0x080100a8                TIM5_IRQHandler
                0x080100a8                I2C3_EV_IRQHandler
                0x080100a8                EXTI9_5_IRQHandler
                0x080100a8                RTC_WKUP_IRQHandler
                0x080100a8                PVD_PVM_IRQHandler
                0x080100a8                SPI2_IRQHandler
                0x080100a8                CAN1_TX_IRQHandler
                0x080100a8                DMA2_Channel5_IRQHandler
                0x080100a8                DMA1_Channel5_IRQHandler
                0x080100a8                EXTI4_IRQHandler
                0x080100a8                RNG_IRQHandler
                0x080100a8                TIM1_TRG_COM_TIM17_IRQHandler
                0x080100a8                DMA1_Channel3_IRQHandler
                0x080100a8                COMP_IRQHandler
                0x080100a8                WWDG_IRQHandler
                0x080100a8                LPUART1_IRQHandler
                0x080100a8                DMA2_Channel6_IRQHandler
                0x080100a8                TIM2_IRQHandler
                0x080100a8                EXTI1_IRQHandler
                0x080100a8                USART2_IRQHandler
                0x080100a8                DFSDM1_FLT0_IRQHandler
                0x080100a8                I2C2_ER_IRQHandler
                0x080100a8                TIM8_BRK_IRQHandler
                0x080100a8                CAN1_SCE_IRQHandler
                0x080100a8                FLASH_IRQHandler
                0x080100a8                USART1_IRQHandler
                0x080100a8                SPI3_IRQHandler
                0x080100a8                I2C1_ER_IRQHandler
                0x080100a8                FMC_IRQHandler
                0x080100a8                SWPMI1_IRQHandler
                0x080100a8                LPTIM1_IRQHandler
                0x080100a8                SAI1_IRQHandler
                0x080100a8                DMA2_Channel3_IRQHandler
                0x080100a8                TIM1_BRK_TIM15_IRQHandler
 .text.xilUploadProfilingData
                0x080100aa       0x16 code_profiling_utility_functions.o
                0x080100aa                xilUploadProfilingData
 .text.taskTimeStart_MicroMouseTemplate
                0x080100c0       0x16 code_profiling_utility_functions.o
                0x080100c0                taskTimeStart_MicroMouseTemplate
 .text.taskTimeEnd_MicroMouseTemplate
                0x080100d6       0x20 code_profiling_utility_functions.o
                0x080100d6                taskTimeEnd_MicroMouseTemplate
 *fill*         0x080100f6        0x2 
 .text.fmod     0x080100f8       0x6c c:/programdata/matlab/supportpackages/r2024a/3p.instrset/gnuarm-armcortex.instrset/win/bin/../lib/gcc/arm-none-eabi/11.3.1/thumb/v7e-m+fp/hard\libm.a(libm_a-w_fmod.o)
                0x080100f8                fmod
 *fill*         0x08010164        0x4 
 .text.ceil     0x08010168      0x110 c:/programdata/matlab/supportpackages/r2024a/3p.instrset/gnuarm-armcortex.instrset/win/bin/../lib/gcc/arm-none-eabi/11.3.1/thumb/v7e-m+fp/hard\libm.a(libm_a-s_ceil.o)
                0x08010168                ceil
 .text.floor    0x08010278      0x118 c:/programdata/matlab/supportpackages/r2024a/3p.instrset/gnuarm-armcortex.instrset/win/bin/../lib/gcc/arm-none-eabi/11.3.1/thumb/v7e-m+fp/hard\libm.a(libm_a-s_floor.o)
                0x08010278                floor
 .text.__ieee754_fmod
                0x08010390      0x27c c:/programdata/matlab/supportpackages/r2024a/3p.instrset/gnuarm-armcortex.instrset/win/bin/../lib/gcc/arm-none-eabi/11.3.1/thumb/v7e-m+fp/hard\libm.a(libm_a-e_fmod.o)
                0x08010390                __ieee754_fmod
 .text.memset   0x0801060c       0x10 c:/programdata/matlab/supportpackages/r2024a/3p.instrset/gnuarm-armcortex.instrset/win/bin/../lib/gcc/arm-none-eabi/11.3.1/thumb/v7e-m+fp/hard\libc_nano.a(libc_a-memset.o)
                0x0801060c                memset
 .text.__errno  0x0801061c        0xc c:/programdata/matlab/supportpackages/r2024a/3p.instrset/gnuarm-armcortex.instrset/win/bin/../lib/gcc/arm-none-eabi/11.3.1/thumb/v7e-m+fp/hard\libc_nano.a(libc_a-errno.o)
                0x0801061c                __errno
 .text.__libc_init_array
                0x08010628       0x48 c:/programdata/matlab/supportpackages/r2024a/3p.instrset/gnuarm-armcortex.instrset/win/bin/../lib/gcc/arm-none-eabi/11.3.1/thumb/v7e-m+fp/hard\libc_nano.a(libc_a-init.o)
                0x08010628                __libc_init_array
 .text.memcpy   0x08010670       0x1c c:/programdata/matlab/supportpackages/r2024a/3p.instrset/gnuarm-armcortex.instrset/win/bin/../lib/gcc/arm-none-eabi/11.3.1/thumb/v7e-m+fp/hard\libc_nano.a(libc_a-memcpy-stub.o)
                0x08010670                memcpy
 *(.glue_7)
 .glue_7        0x0801068c        0x0 linker stubs
 *(.glue_7t)
 .glue_7t       0x0801068c        0x0 linker stubs
 *(.eh_frame)
 .eh_frame      0x0801068c        0x0 c:/programdata/matlab/supportpackages/r2024a/3p.instrset/gnuarm-armcortex.instrset/win/bin/../lib/gcc/arm-none-eabi/11.3.1/thumb/v7e-m+fp/hard/crtbegin.o
 *(.init)
 .init          0x0801068c        0x4 c:/programdata/matlab/supportpackages/r2024a/3p.instrset/gnuarm-armcortex.instrset/win/bin/../lib/gcc/arm-none-eabi/11.3.1/thumb/v7e-m+fp/hard/crti.o
                0x0801068c                _init
 .init          0x08010690        0x8 c:/programdata/matlab/supportpackages/r2024a/3p.instrset/gnuarm-armcortex.instrset/win/bin/../lib/gcc/arm-none-eabi/11.3.1/thumb/v7e-m+fp/hard/crtn.o
 *(.fini)
 .fini          0x08010698        0x4 c:/programdata/matlab/supportpackages/r2024a/3p.instrset/gnuarm-armcortex.instrset/win/bin/../lib/gcc/arm-none-eabi/11.3.1/thumb/v7e-m+fp/hard/crti.o
                0x08010698                _fini
 .fini          0x0801069c        0x8 c:/programdata/matlab/supportpackages/r2024a/3p.instrset/gnuarm-armcortex.instrset/win/bin/../lib/gcc/arm-none-eabi/11.3.1/thumb/v7e-m+fp/hard/crtn.o
                0x080106a4                . = ALIGN (0x4)
                0x080106a4                _etext = .

.vfp11_veneer   0x080106a4        0x0
 .vfp11_veneer  0x080106a4        0x0 linker stubs

.v4_bx          0x080106a4        0x0
 .v4_bx         0x080106a4        0x0 linker stubs

.iplt           0x080106a4        0x0
 .iplt          0x080106a4        0x0 c:/programdata/matlab/supportpackages/r2024a/3p.instrset/gnuarm-armcortex.instrset/win/bin/../lib/gcc/arm-none-eabi/11.3.1/thumb/v7e-m+fp/hard/crtbegin.o

.rodata         0x080106a8       0xe0
                0x080106a8                . = ALIGN (0x4)
 *(.rodata)
 .rodata        0x080106a8        0x9 CustomWhile.o
 *fill*         0x080106b1        0x3 
 .rodata        0x080106b4       0x46 usbd_desc.o
 *(.rodata*)
 *fill*         0x080106fa        0x2 
 .rodata.CHANNEL_OFFSET_TAB
                0x080106fc        0x7 stm_adc_ll.o
 *fill*         0x08010703        0x1 
 .rodata.MicroMouseTemplate_M
                0x08010704        0x4 MicroMouseTemplate.o
                0x08010704                MicroMouseTemplate_M
 .rodata.CHANNEL_OFFSET_TAB
                0x08010708        0x7 adc.o
 *fill*         0x0801070f        0x1 
 .rodata.OFFSET_TAB_CCMRx
                0x08010710        0x9 tim.o
 *fill*         0x08010719        0x3 
 .rodata.SHIFT_TAB_OCxx
                0x0801071c        0x9 tim.o
 *fill*         0x08010725        0x3 
 .rodata.CHANNEL_OFFSET_TAB
                0x08010728        0x7 usart.o
 *fill*         0x0801072f        0x1 
 .rodata.AHBPrescTable
                0x08010730       0x10 system_stm32l4xx.o
                0x08010730                AHBPrescTable
 .rodata.APBPrescTable
                0x08010740        0x8 system_stm32l4xx.o
                0x08010740                APBPrescTable
 .rodata.MSIRangeTable
                0x08010748       0x30 system_stm32l4xx.o
                0x08010748                MSIRangeTable
 .rodata.Zero   0x08010778       0x10 c:/programdata/matlab/supportpackages/r2024a/3p.instrset/gnuarm-armcortex.instrset/win/bin/../lib/gcc/arm-none-eabi/11.3.1/thumb/v7e-m+fp/hard\libm.a(libm_a-e_fmod.o)
                0x08010788                . = ALIGN (0x4)

.rel.dyn        0x08010788        0x0
 .rel.iplt      0x08010788        0x0 c:/programdata/matlab/supportpackages/r2024a/3p.instrset/gnuarm-armcortex.instrset/win/bin/../lib/gcc/arm-none-eabi/11.3.1/thumb/v7e-m+fp/hard/crtbegin.o

.ARM.extab      0x08010788        0x0
                0x08010788                . = ALIGN (0x4)
 *(.ARM.extab* .gnu.linkonce.armextab.*)
                0x08010788                . = ALIGN (0x4)

.ARM            0x08010788        0x0
                0x08010788                . = ALIGN (0x4)
                0x08010788                __exidx_start = .
 *(.ARM.exidx*)
                0x08010788                __exidx_end = .
                0x08010788                . = ALIGN (0x4)

.preinit_array  0x08010788        0x0
                0x08010788                . = ALIGN (0x4)
                0x08010788                PROVIDE (__preinit_array_start = .)
 *(.preinit_array*)
                0x08010788                PROVIDE (__preinit_array_end = .)
                0x08010788                . = ALIGN (0x4)

.init_array     0x08010788        0x4
                0x08010788                . = ALIGN (0x4)
                0x08010788                PROVIDE (__init_array_start = .)
 *(SORT_BY_NAME(.init_array.*))
 *(.init_array*)
 .init_array    0x08010788        0x4 c:/programdata/matlab/supportpackages/r2024a/3p.instrset/gnuarm-armcortex.instrset/win/bin/../lib/gcc/arm-none-eabi/11.3.1/thumb/v7e-m+fp/hard/crtbegin.o
                0x0801078c                PROVIDE (__init_array_end = .)
                0x0801078c                . = ALIGN (0x4)

.fini_array     0x0801078c        0x4
                0x0801078c                . = ALIGN (0x4)
                [!provide]                PROVIDE (__fini_array_start = .)
 *(SORT_BY_NAME(.fini_array.*))
 *(.fini_array*)
 .fini_array    0x0801078c        0x4 c:/programdata/matlab/supportpackages/r2024a/3p.instrset/gnuarm-armcortex.instrset/win/bin/../lib/gcc/arm-none-eabi/11.3.1/thumb/v7e-m+fp/hard/crtbegin.o
                [!provide]                PROVIDE (__fini_array_end = .)
                0x08010790                . = ALIGN (0x4)
                0x08010790                _sidata = LOADADDR (.data)

.data           0x20000000      0x2c0 load address 0x08010790
                0x20000000                . = ALIGN (0x4)
                0x20000000                _sdata = .
 *(.data)
 *(.data*)
 .data.MicroMouseTemplate_P
                0x20000000       0xe0 MicroMouseTemplate_data.o
                0x20000000                MicroMouseTemplate_P
 .data.FS_Desc  0x200000e0       0x20 usbd_desc.o
                0x200000e0                FS_Desc
 .data.USBD_FS_DeviceDesc
                0x20000100       0x12 usbd_desc.o
                0x20000100                USBD_FS_DeviceDesc
 *fill*         0x20000112        0x2 
 .data.USBD_FS_BOSDesc
                0x20000114        0xc usbd_desc.o
                0x20000114                USBD_FS_BOSDesc
 .data.USBD_LangIDDesc
                0x20000120        0x4 usbd_desc.o
                0x20000120                USBD_LangIDDesc
 .data.USBD_StringSerial
                0x20000124       0x1a usbd_desc.o
                0x20000124                USBD_StringSerial
 *fill*         0x2000013e        0x2 
 .data.USBD_Interface_fops_FS
                0x20000140       0x14 usbd_cdc_if.o
                0x20000140                USBD_Interface_fops_FS
 .data.uwTickPrio
                0x20000154        0x4 stm32l4xx_hal.o
                0x20000154                uwTickPrio
 .data.uwTickFreq
                0x20000158        0x1 stm32l4xx_hal.o
                0x20000158                uwTickFreq
 *fill*         0x20000159        0x3 
 .data.USBD_CDC_DeviceQualifierDesc
                0x2000015c        0xa usbd_cdc.o
 *fill*         0x20000166        0x2 
 .data.USBD_CDC
                0x20000168       0x38 usbd_cdc.o
                0x20000168                USBD_CDC
 .data.USBD_CDC_CfgHSDesc
                0x200001a0       0x43 usbd_cdc.o
 *fill*         0x200001e3        0x1 
 .data.USBD_CDC_CfgFSDesc
                0x200001e4       0x43 usbd_cdc.o
 *fill*         0x20000227        0x1 
 .data.USBD_CDC_OtherSpeedCfgDesc
                0x20000228       0x43 usbd_cdc.o
 *fill*         0x2000026b        0x1 
 .data.SystemCoreClock
                0x2000026c        0x4 system_stm32l4xx.o
                0x2000026c                SystemCoreClock
 .data._impure_data
                0x20000270       0x4c c:/programdata/matlab/supportpackages/r2024a/3p.instrset/gnuarm-armcortex.instrset/win/bin/../lib/gcc/arm-none-eabi/11.3.1/thumb/v7e-m+fp/hard\libc_nano.a(libc_a-impure.o)
                0x20000270                _impure_data
 .data._impure_ptr
                0x200002bc        0x4 c:/programdata/matlab/supportpackages/r2024a/3p.instrset/gnuarm-armcortex.instrset/win/bin/../lib/gcc/arm-none-eabi/11.3.1/thumb/v7e-m+fp/hard\libc_nano.a(libc_a-impure.o)
                0x200002bc                _impure_ptr
 *(.RamFunc)
 *(.RamFunc*)
                0x200002c0                . = ALIGN (0x4)
                0x200002c0                _edata = .

.tm_clone_table
                0x200002c0        0x0 load address 0x08010a50
 .tm_clone_table
                0x200002c0        0x0 c:/programdata/matlab/supportpackages/r2024a/3p.instrset/gnuarm-armcortex.instrset/win/bin/../lib/gcc/arm-none-eabi/11.3.1/thumb/v7e-m+fp/hard/crtbegin.o
 .tm_clone_table
                0x200002c0        0x0 c:/programdata/matlab/supportpackages/r2024a/3p.instrset/gnuarm-armcortex.instrset/win/bin/../lib/gcc/arm-none-eabi/11.3.1/thumb/v7e-m+fp/hard/crtend.o

.igot.plt       0x200002c0        0x0 load address 0x08010a50
 .igot.plt      0x200002c0        0x0 c:/programdata/matlab/supportpackages/r2024a/3p.instrset/gnuarm-armcortex.instrset/win/bin/../lib/gcc/arm-none-eabi/11.3.1/thumb/v7e-m+fp/hard/crtbegin.o
                0x200002c0                . = ALIGN (0x4)

.bss            0x200002c0     0x4eb0 load address 0x08010a50
                0x200002c0                _sbss = .
                0x200002c0                __bss_start__ = _sbss
 *(.bss)
 *(.bss*)
 .bss.completed.1
                0x200002c0        0x1 c:/programdata/matlab/supportpackages/r2024a/3p.instrset/gnuarm-armcortex.instrset/win/bin/../lib/gcc/arm-none-eabi/11.3.1/thumb/v7e-m+fp/hard/crtbegin.o
 *fill*         0x200002c1        0x3 
 .bss.object.0  0x200002c4       0x18 c:/programdata/matlab/supportpackages/r2024a/3p.instrset/gnuarm-armcortex.instrset/win/bin/../lib/gcc/arm-none-eabi/11.3.1/thumb/v7e-m+fp/hard/crtbegin.o
 .bss.mw_tim3   0x200002dc       0x8c stm_timer_ll.o
                0x200002dc                mw_tim3
 .bss.mw_adc2   0x20000368       0x1c stm_adc_ll.o
                0x20000368                mw_adc2
 .bss.IMU_Accel
                0x20000384        0xc MicroMouseTemplate.o
                0x20000384                IMU_Accel
 .bss.IMU_Gyro  0x20000390        0xc MicroMouseTemplate.o
                0x20000390                IMU_Gyro
 .bss.currTicksRS
                0x2000039c        0x4 MicroMouseTemplate.o
                0x2000039c                currTicksRS
 .bss.currTicksLS
                0x200003a0        0x4 MicroMouseTemplate.o
                0x200003a0                currTicksLS
 .bss.ADC1s     0x200003a4       0x12 MicroMouseTemplate.o
                0x200003a4                ADC1s
 *fill*         0x200003b6        0x2 
 .bss.ADC_H     0x200003b8       0x12 MicroMouseTemplate.o
                0x200003b8                ADC_H
 *fill*         0x200003ca        0x2 
 .bss.ADC_L     0x200003cc       0x12 MicroMouseTemplate.o
                0x200003cc                ADC_L
 *fill*         0x200003de        0x2 
 .bss.Thresholds
                0x200003e0       0x10 MicroMouseTemplate.o
                0x200003e0                Thresholds
 .bss.Detections
                0x200003f0        0x8 MicroMouseTemplate.o
                0x200003f0                Detections
 .bss.MicroMouseTemplate_B
                0x200003f8     0x1160 MicroMouseTemplate.o
                0x200003f8                MicroMouseTemplate_B
 .bss.MicroMouseTemplate_DW
                0x20001558      0x9f0 MicroMouseTemplate.o
                0x20001558                MicroMouseTemplate_DW
 .bss.MicroMouseTemplate_M_
                0x20001f48        0x4 MicroMouseTemplate.o
 .bss.profilingDataIdx
                0x20001f4c        0x4 ert_main.o
                0x20001f4c                profilingDataIdx
 .bss._tmwrunningCoreID
                0x20001f50        0x4 ert_main.o
                0x20001f50                _tmwrunningCoreID
 .bss.profilingData
                0x20001f54     0x12c0 ert_main.o
                0x20001f54                profilingData
 .bss.IsrOverrun
                0x20003214        0x4 ert_main.o
                0x20003214                IsrOverrun
 .bss.OverrunFlag
                0x20003218        0x1 ert_main.o
 .bss.stopRequested
                0x20003219        0x1 ert_main.o
                0x20003219                stopRequested
 .bss.runModel  0x2000321a        0x1 ert_main.o
                0x2000321a                runModel
 .bss.checkIMU  0x2000321b        0x1 IMU.o
                0x2000321b                checkIMU
 .bss.diag_ProSW
                0x2000321c        0x2 CustomWhile.o
                0x2000321c                diag_ProSW
 *fill*         0x2000321e        0x2 
 .bss.diag_ProLED
                0x20003220        0x3 CustomWhile.o
                0x20003220                diag_ProLED
 *fill*         0x20003223        0x1 
 .bss.diag_IR_LEDs
                0x20003224        0x8 CustomWhile.o
                0x20003224                diag_IR_LEDs
 .bss.IR_LED_TIMER
                0x2000322c        0x4 CustomWhile.o
                0x2000322c                IR_LED_TIMER
 .bss.diag_MOT_L
                0x20003230        0x4 CustomWhile.o
                0x20003230                diag_MOT_L
 .bss.diag_MOT_R
                0x20003234        0x4 CustomWhile.o
                0x20003234                diag_MOT_R
 .bss.schdl_counter
                0x20003238        0x4 SysTickScheduler.o
                0x20003238                schdl_counter
 .bss.schdl_counter_max
                0x2000323c        0x4 SysTickScheduler.o
                0x2000323c                schdl_counter_max
 .bss.taskToSchedule
                0x20003240        0x4 m3m4m4f_multitasking.o
                0x20003240                taskToSchedule
 .bss.hi2c2     0x20003244       0x54 i2c.o
                0x20003244                hi2c2
 .bss.htim4     0x20003298       0x4c tim.o
                0x20003298                htim4
 .bss.hUsbDeviceFS
                0x200032e4      0x2d0 usb_device.o
                0x200032e4                hUsbDeviceFS
 .bss.hpcd_USB_OTG_FS
                0x200035b4      0x50c usbd_conf.o
                0x200035b4                hpcd_USB_OTG_FS
 .bss.mem.0     0x20003ac0      0x220 usbd_conf.o
 .bss.USBD_StrDesc
                0x20003ce0      0x200 usbd_desc.o
                0x20003ce0                USBD_StrDesc
 .bss.usb_rx_buffer
                0x20003ee0      0x100 usbd_cdc_if.o
                0x20003ee0                usb_rx_buffer
 .bss.usb_rx_index
                0x20003fe0        0x1 usbd_cdc_if.o
                0x20003fe0                usb_rx_index
 *fill*         0x20003fe1        0x3 
 .bss.UserRxBufferFS
                0x20003fe4      0x800 usbd_cdc_if.o
                0x20003fe4                UserRxBufferFS
 .bss.UserTxBufferFS
                0x200047e4      0x800 usbd_cdc_if.o
                0x200047e4                UserTxBufferFS
 .bss.htim1     0x20004fe4       0x4c stm32l4xx_hal_timebase_tim.o
                0x20004fe4                htim1
 .bss.uwTick    0x20005030        0x4 stm32l4xx_hal.o
                0x20005030                uwTick
 .bss.cfgidx.0  0x20005034        0x1 usbd_ctlreq.o
 *fill*         0x20005035        0x3 
 .bss.__sf      0x20005038      0x138 c:/programdata/matlab/supportpackages/r2024a/3p.instrset/gnuarm-armcortex.instrset/win/bin/../lib/gcc/arm-none-eabi/11.3.1/thumb/v7e-m+fp/hard\libc_nano.a(libc_a-findfp.o)
                0x20005038                __sf
 *(COMMON)
                0x20005170                . = ALIGN (0x4)
                0x20005170                _ebss = .
                0x20005170                __bss_end__ = _ebss

._user_heap_stack
                0x20005170      0x600 load address 0x08010a50
                0x20005170                . = ALIGN (0x8)
                [!provide]                PROVIDE (end = .)
                0x20005170                PROVIDE (_end = .)
                0x20005370                . = (. + _Min_Heap_Size)
 *fill*         0x20005170      0x200 
                0x20005770                . = (. + _Min_Stack_Size)
 *fill*         0x20005370      0x400 
                0x20005770                . = ALIGN (0x8)

/DISCARD/
 libc.a(*)
 libm.a(*)
 libgcc.a(*)

.ARM.attributes
                0x00000000       0x30
 *(.ARM.attributes)
 .ARM.attributes
                0x00000000       0x1e c:/programdata/matlab/supportpackages/r2024a/3p.instrset/gnuarm-armcortex.instrset/win/bin/../lib/gcc/arm-none-eabi/11.3.1/thumb/v7e-m+fp/hard/crti.o
 .ARM.attributes
                0x0000001e       0x34 c:/programdata/matlab/supportpackages/r2024a/3p.instrset/gnuarm-armcortex.instrset/win/bin/../lib/gcc/arm-none-eabi/11.3.1/thumb/v7e-m+fp/hard/crtbegin.o
 .ARM.attributes
                0x00000052       0x34 stm_timer_ll.o
 .ARM.attributes
                0x00000086       0x34 stm_adc_ll.o
 .ARM.attributes
                0x000000ba       0x34 MicroMouseTemplate.o
 .ARM.attributes
                0x000000ee       0x34 MicroMouseTemplate_data.o
 .ARM.attributes
                0x00000122       0x34 ert_main.o
 .ARM.attributes
                0x00000156       0x34 IMU.o
 .ARM.attributes
                0x0000018a       0x34 CustomWhile.o
 .ARM.attributes
                0x000001be       0x34 overrideHALDelay.o
 .ARM.attributes
                0x000001f2       0x34 platform_timer.o
 .ARM.attributes
                0x00000226       0x34 SysTickScheduler.o
 .ARM.attributes
                0x0000025a       0x34 m3m4m4f_multitasking.o
 .ARM.attributes
                0x0000028e       0x34 main.o
 .ARM.attributes
                0x000002c2       0x34 gpio.o
 .ARM.attributes
                0x000002f6       0x34 adc.o
 .ARM.attributes
                0x0000032a       0x34 dma.o
 .ARM.attributes
                0x0000035e       0x34 i2c.o
 .ARM.attributes
                0x00000392       0x34 tim.o
 .ARM.attributes
                0x000003c6       0x34 usart.o
 .ARM.attributes
                0x000003fa       0x34 usb_device.o
 .ARM.attributes
                0x0000042e       0x34 usbd_conf.o
 .ARM.attributes
                0x00000462       0x34 usbd_desc.o
 .ARM.attributes
                0x00000496       0x34 usbd_cdc_if.o
 .ARM.attributes
                0x000004ca       0x34 stm32l4xx_it.o
 .ARM.attributes
                0x000004fe       0x34 stm32l4xx_hal_msp.o
 .ARM.attributes
                0x00000532       0x34 stm32l4xx_hal_timebase_tim.o
 .ARM.attributes
                0x00000566       0x34 stm32l4xx_ll_utils.o
 .ARM.attributes
                0x0000059a       0x34 stm32l4xx_ll_gpio.o
 .ARM.attributes
                0x000005ce       0x34 stm32l4xx_hal_pcd.o
 .ARM.attributes
                0x00000602       0x34 stm32l4xx_hal_pcd_ex.o
 .ARM.attributes
                0x00000636       0x34 stm32l4xx_ll_usb.o
 .ARM.attributes
                0x0000066a       0x34 stm32l4xx_hal.o
 .ARM.attributes
                0x0000069e       0x34 stm32l4xx_hal_rcc.o
 .ARM.attributes
                0x000006d2       0x34 stm32l4xx_hal_gpio.o
 .ARM.attributes
                0x00000706       0x34 stm32l4xx_hal_i2c.o
 .ARM.attributes
                0x0000073a       0x34 stm32l4xx_hal_i2c_ex.o
 .ARM.attributes
                0x0000076e       0x34 stm32l4xx_hal_pwr_ex.o
 .ARM.attributes
                0x000007a2       0x34 stm32l4xx_hal_cortex.o
 .ARM.attributes
                0x000007d6       0x34 stm32l4xx_ll_adc.o
 .ARM.attributes
                0x0000080a       0x34 stm32l4xx_hal_tim.o
 .ARM.attributes
                0x0000083e       0x34 stm32l4xx_hal_tim_ex.o
 .ARM.attributes
                0x00000872       0x34 stm32l4xx_ll_tim.o
 .ARM.attributes
                0x000008a6       0x34 stm32l4xx_ll_usart.o
 .ARM.attributes
                0x000008da       0x34 stm32l4xx_ll_rcc.o
 .ARM.attributes
                0x0000090e       0x34 usbd_core.o
 .ARM.attributes
                0x00000942       0x34 usbd_ctlreq.o
 .ARM.attributes
                0x00000976       0x34 usbd_ioreq.o
 .ARM.attributes
                0x000009aa       0x34 usbd_cdc.o
 .ARM.attributes
                0x000009de       0x34 system_stm32l4xx.o
 .ARM.attributes
                0x00000a12       0x21 startup_stm32l476vetx.o
 .ARM.attributes
                0x00000a33       0x34 code_profiling_utility_functions.o
 .ARM.attributes
                0x00000a67       0x34 c:/programdata/matlab/supportpackages/r2024a/3p.instrset/gnuarm-armcortex.instrset/win/bin/../lib/gcc/arm-none-eabi/11.3.1/thumb/v7e-m+fp/hard\libm.a(libm_a-w_fmod.o)
 .ARM.attributes
                0x00000a9b       0x34 c:/programdata/matlab/supportpackages/r2024a/3p.instrset/gnuarm-armcortex.instrset/win/bin/../lib/gcc/arm-none-eabi/11.3.1/thumb/v7e-m+fp/hard\libm.a(libm_a-s_ceil.o)
 .ARM.attributes
                0x00000acf       0x34 c:/programdata/matlab/supportpackages/r2024a/3p.instrset/gnuarm-armcortex.instrset/win/bin/../lib/gcc/arm-none-eabi/11.3.1/thumb/v7e-m+fp/hard\libm.a(libm_a-s_floor.o)
 .ARM.attributes