Archive member included to satisfy reference by file (symbol)

c:/programdata/matlab/supportpackages/r2024a/3p.instrset/gnuarm-armcortex.instrset/win/bin/../lib/gcc/arm-none-eabi/11.3.1/thumb/v7e-m+fp/hard\libm.a(libm_a-w_fmod.o)
                              MicroMouseTemplate.o (fmod)
c:/programdata/matlab/supportpackages/r2024a/3p.instrset/gnuarm-armcortex.instrset/win/bin/../lib/gcc/arm-none-eabi/11.3.1/thumb/v7e-m+fp/hard\libm.a(libm_a-s_ceil.o)
                              MicroMouseTemplate.o (ceil)
c:/programdata/matlab/supportpackages/r2024a/3p.instrset/gnuarm-armcortex.instrset/win/bin/../lib/gcc/arm-none-eabi/11.3.1/thumb/v7e-m+fp/hard\libm.a(libm_a-s_floor.o)
                              MicroMouseTemplate.o (floor)
c:/programdata/matlab/supportpackages/r2024a/3p.instrset/gnuarm-armcortex.instrset/win/bin/../lib/gcc/arm-none-eabi/11.3.1/thumb/v7e-m+fp/hard\libm.a(libm_a-e_fmod.o)
                              c:/programdata/matlab/supportpackages/r2024a/3p.instrset/gnuarm-armcortex.instrset/win/bin/../lib/gcc/arm-none-eabi/11.3.1/thumb/v7e-m+fp/hard\libm.a(libm_a-w_fmod.o) (__ieee754_fmod)
c:/programdata/matlab/supportpackages/r2024a/3p.instrset/gnuarm-armcortex.instrset/win/bin/../lib/gcc/arm-none-eabi/11.3.1/thumb/v7e-m+fp/hard\libgcc.a(_arm_muldf3.o)
                              MicroMouseTemplate.o (__aeabi_dmul)
c:/programdata/matlab/supportpackages/r2024a/3p.instrset/gnuarm-armcortex.instrset/win/bin/../lib/gcc/arm-none-eabi/11.3.1/thumb/v7e-m+fp/hard\libgcc.a(_arm_addsubdf3.o)
                              MicroMouseTemplate.o (__aeabi_dsub)
c:/programdata/matlab/supportpackages/r2024a/3p.instrset/gnuarm-armcortex.instrset/win/bin/../lib/gcc/arm-none-eabi/11.3.1/thumb/v7e-m+fp/hard\libgcc.a(_arm_muldivdf3.o)
                              MicroMouseTemplate.o (__aeabi_ddiv)
c:/programdata/matlab/supportpackages/r2024a/3p.instrset/gnuarm-armcortex.instrset/win/bin/../lib/gcc/arm-none-eabi/11.3.1/thumb/v7e-m+fp/hard\libgcc.a(_arm_cmpdf2.o)
                              MicroMouseTemplate.o (__aeabi_dcmpeq)
c:/programdata/matlab/supportpackages/r2024a/3p.instrset/gnuarm-armcortex.instrset/win/bin/../lib/gcc/arm-none-eabi/11.3.1/thumb/v7e-m+fp/hard\libgcc.a(_arm_unorddf2.o)
                              c:/programdata/matlab/supportpackages/r2024a/3p.instrset/gnuarm-armcortex.instrset/win/bin/../lib/gcc/arm-none-eabi/11.3.1/thumb/v7e-m+fp/hard\libm.a(libm_a-w_fmod.o) (__aeabi_dcmpun)
c:/programdata/matlab/supportpackages/r2024a/3p.instrset/gnuarm-armcortex.instrset/win/bin/../lib/gcc/arm-none-eabi/11.3.1/thumb/v7e-m+fp/hard\libgcc.a(_arm_fixunsdfsi.o)
                              MicroMouseTemplate.o (__aeabi_d2uiz)
c:/programdata/matlab/supportpackages/r2024a/3p.instrset/gnuarm-armcortex.instrset/win/bin/../lib/gcc/arm-none-eabi/11.3.1/thumb/v7e-m+fp/hard\libgcc.a(_arm_truncdfsf2.o)
                              MicroMouseTemplate.o (__aeabi_d2f)
c:/programdata/matlab/supportpackages/r2024a/3p.instrset/gnuarm-armcortex.instrset/win/bin/../lib/gcc/arm-none-eabi/11.3.1/thumb/v7e-m+fp/hard\libc_nano.a(libc_a-exit.o)
                              c:/programdata/matlab/supportpackages/r2024a/3p.instrset/gnuarm-armcortex.instrset/win/bin/../lib/gcc/arm-none-eabi/11.3.1/thumb/v7e-m+fp/hard/crt0.o (exit)
c:/programdata/matlab/supportpackages/r2024a/3p.instrset/gnuarm-armcortex.instrset/win/bin/../lib/gcc/arm-none-eabi/11.3.1/thumb/v7e-m+fp/hard\libc_nano.a(libc_a-findfp.o)
                              c:/programdata/matlab/supportpackages/r2024a/3p.instrset/gnuarm-armcortex.instrset/win/bin/../lib/gcc/arm-none-eabi/11.3.1/thumb/v7e-m+fp/hard\libc_nano.a(libc_a-exit.o) (__stdio_exit_handler)
c:/programdata/matlab/supportpackages/r2024a/3p.instrset/gnuarm-armcortex.instrset/win/bin/../lib/gcc/arm-none-eabi/11.3.1/thumb/v7e-m+fp/hard\libc_nano.a(libc_a-fwalk.o)
                              c:/programdata/matlab/supportpackages/r2024a/3p.instrset/gnuarm-armcortex.instrset/win/bin/../lib/gcc/arm-none-eabi/11.3.1/thumb/v7e-m+fp/hard\libc_nano.a(libc_a-findfp.o) (_fwalk_sglue)
c:/programdata/matlab/supportpackages/r2024a/3p.instrset/gnuarm-armcortex.instrset/win/bin/../lib/gcc/arm-none-eabi/11.3.1/thumb/v7e-m+fp/hard\libc_nano.a(libc_a-stdio.o)
                              c:/programdata/matlab/supportpackages/r2024a/3p.instrset/gnuarm-armcortex.instrset/win/bin/../lib/gcc/arm-none-eabi/11.3.1/thumb/v7e-m+fp/hard\libc_nano.a(libc_a-findfp.o) (__sread)
c:/programdata/matlab/supportpackages/r2024a/3p.instrset/gnuarm-armcortex.instrset/win/bin/../lib/gcc/arm-none-eabi/11.3.1/thumb/v7e-m+fp/hard\libc_nano.a(libc_a-memset.o)
                              c:/programdata/matlab/supportpackages/r2024a/3p.instrset/gnuarm-armcortex.instrset/win/bin/../lib/gcc/arm-none-eabi/11.3.1/thumb/v7e-m+fp/hard/crt0.o (memset)
c:/programdata/matlab/supportpackages/r2024a/3p.instrset/gnuarm-armcortex.instrset/win/bin/../lib/gcc/arm-none-eabi/11.3.1/thumb/v7e-m+fp/hard\libc_nano.a(libc_a-closer.o)
[...]
Memory Configuration

Name             Origin             Length             Attributes
RAM              0x20000000         0x00018000         xrw
RAM2             0x10000000         0x00008000         xrw
FLASH            0x08000000         0x00080000         xr
*default*        0x00000000         0xffffffff

Linker script and memory map

LOAD c:/programdata/matlab/supportpackages/r2024a/3p.instrset/gnuarm-armcortex.instrset/win/bin/../lib/gcc/arm-none-eabi/11.3.1/thumb/v7e-m+fp/hard/crti.o
LOAD c:/programdata/matlab/supportpackages/r2024a/3p.instrset/gnuarm-armcortex.instrset/win/bin/../lib/gcc/arm-none-eabi/11.3.1/thumb/v7e-m+fp/hard/crtbegin.o
LOAD c:/programdata/matlab/supportpackages/r2024a/3p.instrset/gnuarm-armcortex.instrset/win/bin/../lib/gcc/arm-none-eabi/11.3.1/thumb/v7e-m+fp/hard/crt0.o
LOAD stm_timer_ll.o
LOAD stm_adc_ll.o
LOAD MicroMouseTemplate.o
LOAD MicroMouseTemplate_data.o
LOAD ert_main.o
LOAD IMU.o
LOAD CustomWhile.o
LOAD Motors.o
LOAD overrideHALDelay.o
LOAD platform_timer.o
LOAD SysTickScheduler.o
LOAD m3m4m4f_multitasking.o
LOAD main.o
LOAD gpio.o
LOAD adc.o
LOAD dma.o
LOAD i2c.o
LOAD tim.o
LOAD usart.o
LOAD usb_device.o
LOAD usbd_conf.o
LOAD usbd_desc.o
LOAD usbd_cdc_if.o
LOAD stm32l4xx_it.o
LOAD stm32l4xx_hal_msp.o
LOAD stm32l4xx_hal_timebase_tim.o
LOAD stm32l4xx_ll_utils.o
LOAD stm32l4xx_ll_exti.o
LOAD stm32l4xx_ll_gpio.o
LOAD stm32l4xx_hal_pcd.o
LOAD stm32l4xx_hal_pcd_ex.o
LOAD stm32l4xx_ll_usb.o
LOAD stm32l4xx_hal.o
LOAD stm32l4xx_hal_rcc.o
LOAD stm32l4xx_hal_rcc_ex.o
LOAD stm32l4xx_hal_flash.o
LOAD stm32l4xx_hal_flash_ex.o
LOAD stm32l4xx_hal_flash_ramfunc.o
LOAD stm32l4xx_hal_gpio.o
LOAD stm32l4xx_hal_i2c.o
LOAD stm32l4xx_hal_i2c_ex.o
LOAD stm32l4xx_hal_dma.o
LOAD stm32l4xx_hal_dma_ex.o
LOAD stm32l4xx_hal_pwr.o
LOAD stm32l4xx_hal_pwr_ex.o
LOAD stm32l4xx_hal_cortex.o
LOAD stm32l4xx_hal_exti.o
LOAD stm32l4xx_ll_adc.o
LOAD stm32l4xx_ll_dma.o
LOAD stm32l4xx_hal_tim.o
LOAD stm32l4xx_hal_tim_ex.o
LOAD stm32l4xx_ll_tim.o
LOAD stm32l4xx_ll_usart.o
LOAD stm32l4xx_ll_rcc.o
LOAD usbd_core.o
LOAD usbd_ctlreq.o
LOAD usbd_ioreq.o
LOAD usbd_cdc.o
LOAD system_stm32l4xx.o
LOAD syscalls.o
LOAD sysmem.o
LOAD startup_stm32l476vetx.o
LOAD code_profiling_utility_functions.o
LOAD C:/ProgramData/MATLAB/SupportPackages/R2024a/3P.instrset/cmsis_dsp.instrset/Lib/GCC/arm_cortexm4ldfsp_math/libCMSISDSP.a
LOAD c:/programdata/matlab/supportpackages/r2024a/3p.instrset/gnuarm-armcortex.instrset/win/bin/../lib/gcc/arm-none-eabi/11.3.1/thumb/v7e-m+fp/hard\libstdc++_nano.a
LOAD c:/programdata/matlab/supportpackages/r2024a/3p.instrset/gnuarm-armcortex.instrset/win/bin/../lib/gcc/arm-none-eabi/11.3.1/thumb/v7e-m+fp/hard\libm.a
START GROUP
LOAD c:/programdata/matlab/supportpackages/r2024a/3p.instrset/gnuarm-armcortex.instrset/win/bin/../lib/gcc/arm-none-eabi/11.3.1/thumb/v7e-m+fp/hard\libgcc.a
LOAD c:/programdata/matlab/supportpackages/r2024a/3p.instrset/gnuarm-armcortex.instrset/win/bin/../lib/gcc/arm-none-eabi/11.3.1/thumb/v7e-m+fp/hard\libc_nano.a
END GROUP
START GROUP
LOAD c:/programdata/matlab/supportpackages/r2024a/3p.instrset/gnuarm-armcortex.instrset/win/bin/../lib/gcc/arm-none-eabi/11.3.1/thumb/v7e-m+fp/hard\libgcc.a
LOAD c:/programdata/matlab/supportpackages/r2024a/3p.instrset/gnuarm-armcortex.instrset/win/bin/../lib/gcc/arm-none-eabi/11.3.1/thumb/v7e-m+fp/hard\libc_nano.a
LOAD c:/programdata/matlab/supportpackages/r2024a/3p.instrset/gnuarm-armcortex.instrset/win/bin/../lib/gcc/arm-none-eabi/11.3.1/thumb/v7e-m+fp/hard\libnosys.a
END GROUP
START GROUP
LOAD c:/programdata/matlab/supportpackages/r2024a/3p.instrset/gnuarm-armcortex.instrset/win/bin/../lib/gcc/arm-none-eabi/11.3.1/thumb/v7e-m+fp/hard\libgcc.a
LOAD c:/programdata/matlab/supportpackages/r2024a/3p.instrset/gnuarm-armcortex.instrset/win/bin/../lib/gcc/arm-none-eabi/11.3.1/thumb/v7e-m+fp/hard\libc_nano.a
LOAD c:/programdata/matlab/supportpackages/r2024a/3p.instrset/gnuarm-armcortex.instrset/win/bin/../lib/gcc/arm-none-eabi/11.3.1/thumb/v7e-m+fp/hard\libnosys.a
END GROUP
LOAD c:/programdata/matlab/supportpackages/r2024a/3p.instrset/gnuarm-armcortex.instrset/win/bin/../lib/gcc/arm-none-eabi/11.3.1/thumb/v7e-m+fp/hard/crtend.o
LOAD c:/programdata/matlab/supportpackages/r2024a/3p.instrset/gnuarm-armcortex.instrset/win/bin/../lib/gcc/arm-none-eabi/11.3.1/thumb/v7e-m+fp/hard/crtn.o
                0x20018000                _estack = (ORIGIN (RAM) + LENGTH (RAM))
                0x00000200                _Min_Heap_Size = 0x200
                0x00000400                _Min_Stack_Size = 0x400

.isr_vector     0x08000000      0x188
                0x08000000                . = ALIGN (0x4)
 *(.isr_vector)
 .isr_vector    0x08000000      0x188 startup_stm32l476vetx.o
                0x08000000                g_pfnVectors
                0x08000188                . = ALIGN (0x4)

.text           0x08000188    0x10d7c
                0x08000188                . = ALIGN (0x4)
 *(.text)
 .text          0x08000188      0x378 c:/programdata/matlab/supportpackages/r2024a/3p.instrset/gnuarm-armcortex.instrset/win/bin/../lib/gcc/arm-none-eabi/11.3.1/thumb/v7e-m+fp/hard\libgcc.a(_arm_addsubdf3.o)
                0x08000188                __aeabi_drsub
                0x08000190                __aeabi_dsub
                0x08000190                __subdf3
                0x08000194                __aeabi_dadd
                0x08000194                __adddf3
                0x0800040c                __floatunsidf
                0x0800040c                __aeabi_ui2d
                0x0800042c                __floatsidf
                0x0800042c                __aeabi_i2d
                0x08000450                __aeabi_f2d
                0x08000450                __extendsfdf2
                0x08000494                __floatundidf
                0x08000494                __aeabi_ul2d
                0x080004a4                __floatdidf
                0x080004a4                __aeabi_l2d
 .text          0x08000500      0x424 c:/programdata/matlab/supportpackages/r2024a/3p.instrset/gnuarm-armcortex.instrset/win/bin/../lib/gcc/arm-none-eabi/11.3.1/thumb/v7e-m+fp/hard\libgcc.a(_arm_muldivdf3.o)
                0x08000500                __aeabi_dmul
                0x08000500                __muldf3
                0x08000754                __divdf3
                0x08000754                __aeabi_ddiv
 .text          0x08000924      0x110 c:/programdata/matlab/supportpackages/r2024a/3p.instrset/gnuarm-armcortex.instrset/win/bin/../lib/gcc/arm-none-eabi/11.3.1/thumb/v7e-m+fp/hard\libgcc.a(_arm_cmpdf2.o)
                0x08000924                __gtdf2
                0x08000924                __gedf2
                0x0800092c                __ltdf2
                0x0800092c                __ledf2
                0x08000934                __nedf2
                0x08000934                __eqdf2
                0x08000934                __cmpdf2
                0x080009b0                __aeabi_cdrcmple
                0x080009c0                __aeabi_cdcmpeq
                0x080009c0                __aeabi_cdcmple
                0x080009d0                __aeabi_dcmpeq
                0x080009e4                __aeabi_dcmplt
                0x080009f8                __aeabi_dcmple
                0x08000a0c                __aeabi_dcmpge
                0x08000a20                __aeabi_dcmpgt
 .text          0x08000a34       0x2c c:/programdata/matlab/supportpackages/r2024a/3p.instrset/gnuarm-armcortex.instrset/win/bin/../lib/gcc/arm-none-eabi/11.3.1/thumb/v7e-m+fp/hard\libgcc.a(_arm_unorddf2.o)
                0x08000a34                __unorddf2
                0x08000a34                __aeabi_dcmpun
 .text          0x08000a60       0x40 c:/programdata/matlab/supportpackages/r2024a/3p.instrset/gnuarm-armcortex.instrset/win/bin/../lib/gcc/arm-none-eabi/11.3.1/thumb/v7e-m+fp/hard\libgcc.a(_arm_fixunsdfsi.o)
                0x08000a60                __aeabi_d2uiz
                0x08000a60                __fixunsdfsi
 .text          0x08000aa0       0xa0 c:/programdata/matlab/supportpackages/r2024a/3p.instrset/gnuarm-armcortex.instrset/win/bin/../lib/gcc/arm-none-eabi/11.3.1/thumb/v7e-m+fp/hard\libgcc.a(_arm_truncdfsf2.o)
                0x08000aa0                __truncdfsf2
                0x08000aa0                __aeabi_d2f
 *(.text*)
 .text.deregister_tm_clones
                0x08000b40       0x1c c:/programdata/matlab/supportpackages/r2024a/3p.instrset/gnuarm-armcortex.instrset/win/bin/../lib/gcc/arm-none-eabi/11.3.1/thumb/v7e-m+fp/hard/crtbegin.o
 .text.register_tm_clones
                0x08000b5c       0x24 c:/programdata/matlab/supportpackages/r2024a/3p.instrset/gnuarm-armcortex.instrset/win/bin/../lib/gcc/arm-none-eabi/11.3.1/thumb/v7e-m+fp/hard/crtbegin.o
 .text.__do_global_dtors_aux
                0x08000b80       0x28 c:/programdata/matlab/supportpackages/r2024a/3p.instrset/gnuarm-armcortex.instrset/win/bin/../lib/gcc/arm-none-eabi/11.3.1/thumb/v7e-m+fp/hard/crtbegin.o
 .text.frame_dummy
                0x08000ba8       0x24 c:/programdata/matlab/supportpackages/r2024a/3p.instrset/gnuarm-armcortex.instrset/win/bin/../lib/gcc/arm-none-eabi/11.3.1/thumb/v7e-m+fp/hard/crtbegin.o
 .text.LL_TIM_GetCounterMode
                0x08000bcc       0x30 stm_timer_ll.o
 .text.LL_TIM_GetRepetitionCounter
                0x08000bfc       0x18 stm_timer_ll.o
 .text.LL_TIM_CC_EnableChannel
                0x08000c14       0x22 stm_timer_ll.o
 .text.LL_TIM_CC_DisableChannel
                0x08000c36       0x24 stm_timer_ll.o
 .text.LL_TIM_EnableAllOutputs
                0x08000c5a       0x20 stm_timer_ll.o
 .text.LL_TIM_EnableIT_UPDATE
                0x08000c7a       0x20 stm_timer_ll.o
 .text.LL_TIM_DisableIT_UPDATE
                0x08000c9a       0x20 stm_timer_ll.o
 .text.LL_TIM_IsEnabledIT_UPDATE
                0x08000cba       0x26 stm_timer_ll.o
 .text.LL_TIM_EnableIT_CC1
                0x08000ce0       0x20 stm_timer_ll.o
 .text.LL_TIM_DisableIT_CC1
                0x08000d00       0x20 stm_timer_ll.o
 .text.LL_TIM_IsEnabledIT_CC1
                0x08000d20       0x26 stm_timer_ll.o
 .text.LL_TIM_EnableIT_CC2
                0x08000d46       0x20 stm_timer_ll.o
 .text.LL_TIM_DisableIT_CC2
                0x08000d66       0x20 stm_timer_ll.o
 .text.LL_TIM_IsEnabledIT_CC2
                0x08000d86       0x26 stm_timer_ll.o
 .text.LL_TIM_EnableIT_CC3
                0x08000dac       0x20 stm_timer_ll.o
 .text.LL_TIM_DisableIT_CC3
                0x08000dcc       0x20 stm_timer_ll.o
 .text.LL_TIM_IsEnabledIT_CC3
                0x08000dec       0x26 stm_timer_ll.o
 .text.LL_TIM_EnableIT_CC4
                0x08000e12       0x20 stm_timer_ll.o
 .text.LL_TIM_DisableIT_CC4
                0x08000e32       0x20 stm_timer_ll.o
 .text.LL_TIM_IsEnabledIT_CC4
                0x08000e52       0x26 stm_timer_ll.o
 .text.LL_TIM_EnableIT_COM
                0x08000e78       0x20 stm_timer_ll.o
 .text.LL_TIM_DisableIT_COM
                0x08000e98       0x20 stm_timer_ll.o
 .text.LL_TIM_IsEnabledIT_COM
                0x08000eb8       0x26 stm_timer_ll.o
 .text.LL_TIM_EnableIT_TRIG
                0x08000ede       0x20 stm_timer_ll.o
 .text.LL_TIM_DisableIT_TRIG
                0x08000efe       0x20 stm_timer_ll.o
 .text.LL_TIM_IsEnabledIT_TRIG
                0x08000f1e       0x26 stm_timer_ll.o
 .text.LL_TIM_EnableIT_BRK
                0x08000f44       0x20 stm_timer_ll.o
 .text.LL_TIM_DisableIT_BRK
                0x08000f64       0x20 stm_timer_ll.o
 .text.LL_TIM_IsEnabledIT_BRK
                0x08000f84       0x26 stm_timer_ll.o
 .text.enableTimerInterrupts
                0x08000faa      0x134 stm_timer_ll.o
                0x08000faa                enableTimerInterrupts
 .text.disableTimerInterrupts
                0x080010de      0x134 stm_timer_ll.o
                0x080010de                disableTimerInterrupts
 *fill*         0x08001212        0x2 
 .text.enableTimerChannel1
                0x08001214       0xa0 stm_timer_ll.o
                0x08001214                enableTimerChannel1
 .text.disableTimerChannel1
                0x080012b4       0xa0 stm_timer_ll.o
                0x080012b4                disableTimerChannel1
 .text.enableTimerChannel2
                0x08001354       0xa0 stm_timer_ll.o
                0x08001354                enableTimerChannel2
 .text.disableTimerChannel2
                0x080013f4       0xa0 stm_timer_ll.o
                0x080013f4                disableTimerChannel2
 .text.enableTimerChannel3
                0x08001494       0xa8 stm_timer_ll.o
                0x08001494                enableTimerChannel3
 .text.disableTimerChannel3
                0x0800153c       0xa8 stm_timer_ll.o
                0x0800153c                disableTimerChannel3
 .text.enableTimerChannel4
                0x080015e4       0x28 stm_timer_ll.o
                0x080015e4                enableTimerChannel4
 .text.disableTimerChannel4
                0x0800160c       0x28 stm_timer_ll.o
                0x0800160c                disableTimerChannel4
 .text.Timer_Handle_Init
                0x08001634       0xf0 stm_timer_ll.o
                0x08001634                Timer_Handle_Init
 .text.LL_ADC_DMA_GetRegAddr
                0x08001724       0x30 stm_adc_ll.o
 .text.LL_ADC_REG_IsTriggerSourceSWStart
                0x08001754       0x26 stm_adc_ll.o
 .text.LL_ADC_REG_SetSequencerLength
                0x0800177a       0x26 stm_adc_ll.o
 .text.LL_ADC_REG_SetDMATransfer
                0x080017a0       0x26 stm_adc_ll.o
 .text.LL_ADC_INJ_IsTriggerSourceSWStart
                0x080017c6       0x26 stm_adc_ll.o
 .text.LL_ADC_Enable
                0x080017ec       0x28 stm_adc_ll.o
 .text.LL_ADC_Disable
                0x08001814       0x28 stm_adc_ll.o
 .text.LL_ADC_IsEnabled
                0x0800183c       0x26 stm_adc_ll.o
 .text.LL_ADC_StartCalibration
                0x08001862       0x32 stm_adc_ll.o
 .text.LL_ADC_IsCalibrationOnGoing
                0x08001894       0x28 stm_adc_ll.o
 .text.LL_ADC_REG_StartConversion
                0x080018bc       0x28 stm_adc_ll.o
 .text.LL_ADC_INJ_StartConversion
                0x080018e4       0x28 stm_adc_ll.o
 .text.LL_ADC_IsActiveFlag_EOS
                0x0800190c       0x26 stm_adc_ll.o
 .text.LL_ADC_IsActiveFlag_OVR
                0x08001932       0x26 stm_adc_ll.o
 .text.LL_ADC_ClearFlag_OVR
                0x08001958       0x1a stm_adc_ll.o
 .text.LL_ADC_EnableIT_EOS
                0x08001972       0x20 stm_adc_ll.o
 .text.LL_ADC_EnableIT_JEOS
                0x08001992       0x20 stm_adc_ll.o
 .text.LL_ADC_DisableIT_EOS
                0x080019b2       0x20 stm_adc_ll.o
 .text.LL_ADC_DisableIT_OVR
                0x080019d2       0x20 stm_adc_ll.o
 .text.LL_ADC_DisableIT_JEOS
                0x080019f2       0x20 stm_adc_ll.o
 .text.LL_ADC_DisableIT_AWD1
                0x08001a12       0x20 stm_adc_ll.o
 .text.LL_ADC_IsEnabledIT_OVR
                0x08001a32       0x26 stm_adc_ll.o
 .text.LL_ADC_IsEnabledIT_AWD1
                0x08001a58       0x26 stm_adc_ll.o
 *fill*         0x08001a7e        0x2 
 .text.LL_DMA_EnableChannel
                0x08001a80       0x44 stm_adc_ll.o
 .text.LL_DMA_DisableChannel
                0x08001ac4       0x44 stm_adc_ll.o
 .text.LL_DMA_GetMode
                0x08001b08       0x34 stm_adc_ll.o
 .text.LL_DMA_SetDataLength
                0x08001b3c       0x4c stm_adc_ll.o
 .text.LL_DMA_ConfigAddresses
                0x08001b88       0x7c stm_adc_ll.o
 .text.LL_DMA_SetPeriphAddress
                0x08001c04       0x34 stm_adc_ll.o
 .text.LL_DMA_IsActiveFlag_TC2
                0x08001c38       0x26 stm_adc_ll.o
 .text.LL_DMA_ClearFlag_TC2
                0x08001c5e       0x1a stm_adc_ll.o
 .text.LL_DMA_EnableIT_TC
                0x08001c78       0x44 stm_adc_ll.o
 .text.LL_DMA_EnableIT_TE
                0x08001cbc       0x44 stm_adc_ll.o
 .text.LL_DMA_DisableIT_TC
                0x08001d00       0x44 stm_adc_ll.o
 .text.LL_DMA_DisableIT_HT
                0x08001d44       0x44 stm_adc_ll.o
 .text.LL_DMA_DisableIT_TE
                0x08001d88       0x44 stm_adc_ll.o
 .text.LL_DMA_IsEnabledIT_TC
                0x08001dcc       0x3c stm_adc_ll.o
 .text.regularADCTrigger
                0x08001e08       0x86 stm_adc_ll.o
 .text.configure_ADCs_DMA
                0x08001e8e       0x64 stm_adc_ll.o
 .text.deconfigure_ADCs_DMA
                0x08001ef2       0x3e stm_adc_ll.o
 .text.copyADCChannelsFromDMABuffer
                0x08001f30       0x54 stm_adc_ll.o
 .text.ADC_IsEnabledDMAITTransferComplete
                0x08001f84       0xa2 stm_adc_ll.o
                0x08001f84                ADC_IsEnabledDMAITTransferComplete
 *fill*         0x08002026        0x2 
 .text.DMA1_Channel2_IRQHandler
                0x08002028       0x20 stm_adc_ll.o
                0x08002028                DMA1_Channel2_IRQHandler
 .text.ADC_IsActiveFlagOVR
                0x08002048       0x42 stm_adc_ll.o
                0x08002048                ADC_IsActiveFlagOVR
 .text.startADCConversionForExternalTrigger
                0x0800208a       0x50 stm_adc_ll.o
                0x0800208a                startADCConversionForExternalTrigger
 *fill*         0x080020da        0x2 
 .text.ADC_Handle_Init
                0x080020dc      0x11c stm_adc_ll.o
                0x080020dc                ADC_Handle_Init
 .text.enableADC
                0x080021f8       0x2a stm_adc_ll.o
                0x080021f8                enableADC
 .text.regularReadADCDMA
                0x08002222       0xb2 stm_adc_ll.o
                0x08002222                regularReadADCDMA
 .text.ADC_Handle_Deinit
                0x080022d4       0xee stm_adc_ll.o
                0x080022d4                ADC_Handle_Deinit
 *fill*         0x080023c2        0x2 
 .text.enableADCAutomaticCalibrationOffset
                0x080023c4      0x114 stm_adc_ll.o
                0x080023c4                enableADCAutomaticCalibrationOffset
 .text.LL_TIM_EnableCounter
                0x080024d8       0x20 MicroMouseTemplate.o
 .text.LL_TIM_DisableCounter
                0x080024f8       0x20 MicroMouseTemplate.o
 .text.LL_TIM_SetUpdateSource
                0x08002518       0x26 MicroMouseTemplate.o
 .text.LL_TIM_GetUpdateSource
                0x0800253e       0x1c MicroMouseTemplate.o
 .text.LL_TIM_GetAutoReload
                0x0800255a       0x18 MicroMouseTemplate.o
 .text.LL_TIM_SetRepetitionCounter
                0x08002572       0x1c MicroMouseTemplate.o
 .text.LL_TIM_OC_SetCompareCH1
                0x0800258e       0x1c MicroMouseTemplate.o
 .text.LL_TIM_OC_SetCompareCH2
                0x080025aa       0x1c MicroMouseTemplate.o
 .text.LL_TIM_OC_SetCompareCH3
                0x080025c6       0x1c MicroMouseTemplate.o
 .text.LL_TIM_OC_SetCompareCH4
                0x080025e2       0x1c MicroMouseTemplate.o
 .text.LL_TIM_OC_GetCompareCH1
                0x080025fe       0x18 MicroMouseTemplate.o
 .text.LL_TIM_OC_GetCompareCH2
                0x08002616       0x18 MicroMouseTemplate.o
 .text.LL_TIM_OC_GetCompareCH3
                0x0800262e       0x18 MicroMouseTemplate.o
 .text.LL_TIM_OC_GetCompareCH4
                0x08002646       0x18 MicroMouseTemplate.o
 .text.LL_TIM_GenerateEvent_UPDATE
                0x0800265e       0x20 MicroMouseTemplate.o
 .text.LL_GPIO_ReadInputPort
                0x0800267e       0x18 MicroMouseTemplate.o
 .text.LL_GPIO_SetOutputPin
                0x08002696       0x1c MicroMouseTemplate.o
 .text.LL_GPIO_ResetOutputPin
                0x080026b2       0x1c MicroMouseTemplate.o
 *fill*         0x080026ce        0x2 
 .text.convertDutyCyclePercentageToCounts
                0x080026d0       0x88 MicroMouseTemplate.o
 .text.setDutyCycleChannel1
                0x08002758       0x30 MicroMouseTemplate.o
 .text.setDutyCycleChannel2
                0x08002788       0x30 MicroMouseTemplate.o
 .text.setDutyCycleChannel3
                0x080027b8       0x30 MicroMouseTemplate.o
 .text.setDutyCycleChannel4
                0x080027e8       0x30 MicroMouseTemplate.o
 .text.setDutyCycleInPercentageChannel1
                0x08002818       0x28 MicroMouseTemplate.o
 .text.setDutyCycleInPercentageChannel2
                0x08002840       0x28 MicroMouseTemplate.o
 .text.setDutyCycleInPercentageChannel3
                0x08002868       0x28 MicroMouseTemplate.o
 .text.setDutyCycleInPercentageChannel4
                0x08002890       0x28 MicroMouseTemplate.o
 .text.isSlaveTriggerModeEnabled
                0x080028b8       0x30 MicroMouseTemplate.o
 .text.enableCounter
                0x080028e8      0x100 MicroMouseTemplate.o
 .text.disableCounter
                0x080029e8       0x1a MicroMouseTemplate.o
 .text.MicroMouseTe_MATLABSystem1_Init
                0x08002a02       0x58 MicroMouseTemplate.o
                0x08002a02                MicroMouseTe_MATLABSystem1_Init
 .text.MicroMouseTemplat_MATLABSystem1
                0x08002a5a       0x76 MicroMouseTemplate.o
                0x08002a5a                MicroMouseTemplat_MATLABSystem1
 .text.MicroMouseTe_MATLABSystem3_Init
                0x08002ad0       0x58 MicroMouseTemplate.o
                0x08002ad0                MicroMouseTe_MATLABSystem3_Init
 .text.MicroMouseTemplat_MATLABSystem3
                0x08002b28       0x76 MicroMouseTemplate.o
                0x08002b28                MicroMouseTemplat_MATLABSystem3
 *fill*         0x08002b9e        0x2 
 .text.rt_roundd
                0x08002ba0       0xd4 MicroMouseTemplate.o
                0x08002ba0                rt_roundd
 .text.MicroMouseTemplate_Detect_Sides
                0x08002c74      0x264 MicroMouseTemplate.o
 .text.MicroMouseT_enter_atomic_Return
                0x08002ed8       0xd4 MicroMouseTemplate.o
 .text.MicroMouseTemp_SystemCore_setup
                0x08002fac       0x90 MicroMouseTemplate.o
 .text.MicroMouseT_PWMOutput_setupImpl
                0x0800303c       0x78 MicroMouseTemplate.o
 .text.MicroMous_PWMOutput_setupImpl_d
                0x080030b4       0x78 MicroMouseTemplate.o
 *fill*         0x0800312c        0x4 
 .text.MicroMouseTemplate_step
                0x08003130     0x23b4 MicroMouseTemplate.o
                0x08003130                MicroMouseTemplate_step
 .text.MicroMouseTemplate_initialize
                0x080054e4      0x20c MicroMouseTemplate.o
                0x080054e4                MicroMouseTemplate_initialize
 .text.MicroMouseTemplate_terminate
                0x080056f0       0xdc MicroMouseTemplate.o
                0x080056f0                MicroMouseTemplate_terminate
 .text.store_code_profiling_data_point
                0x080057cc       0x94 ert_main.o
                0x080057cc                store_code_profiling_data_point
 .text.code_profiling_atomic_read_store
                0x08005860       0x2e ert_main.o
                0x08005860                code_profiling_atomic_read_store
 *fill*         0x0800588e        0x2 
 .text.rt_OneStep
                0x08005890       0x58 ert_main.o
                0x08005890                rt_OneStep
 .text.main     0x080058e8      0x100 ert_main.o
                0x080058e8                main
 .text.signNumber16
                0x080059e8       0x2c IMU.o
                0x080059e8                signNumber16
 .text.ReadMem  0x08005a14       0x54 IMU.o
 .text.refreshIMUValues
                0x08005a68      0x128 IMU.o
                0x08005a68                refreshIMUValues
 .text.initIMU  0x08005b90       0x9c IMU.o
                0x08005b90                initIMU
 .text.UnInterruptable
                0x08005c2c       0x3c CustomWhile.o
                0x08005c2c                UnInterruptable
 .text.Interruptable
                0x08005c68       0x2c CustomWhile.o
                0x08005c68                Interruptable
 .text.CustomWhile
                0x08005c94      0x46c CustomWhile.o
                0x08005c94                CustomWhile
 .text.HAL_Delay
                0x08006100       0x2e overrideHALDelay.o
                0x08006100                HAL_Delay
 *fill*         0x0800612e        0x2 
 .text.getCurrentTimestampInMicros
                0x08006130       0x40 platform_timer.o
                0x08006130                getCurrentTimestampInMicros
 .text.__NVIC_SetPriority
                0x08006170       0x54 SysTickScheduler.o
 .text.SysTick_Config
                0x080061c4       0x44 SysTickScheduler.o
 .text.SysTick_Isr
                0x08006208       0x48 SysTickScheduler.o
 .text.SysTick_Handler
                0x08006250       0x20 SysTickScheduler.o
                0x08006250                SysTick_Handler
 .text.ARMCM_SysTick_Config
                0x08006270       0xb0 SysTickScheduler.o
                0x08006270                ARMCM_SysTick_Config
 .text.PendSV_Handler
                0x08006320       0x44 m3m4m4f_multitasking.o
                0x08006320                PendSV_Handler
 .text.SVC_Handler
                0x08006364       0x58 m3m4m4f_multitasking.o
                0x08006364                SVC_Handler
 .text.LL_RCC_HSE_EnableCSS
                0x080063bc       0x20 main.o
 .text.LL_RCC_HSE_Enable
                0x080063dc       0x20 main.o
 .text.LL_RCC_HSE_IsReady
                0x080063fc       0x28 main.o
 .text.LL_RCC_SetSysClkSource
                0x08006424       0x28 main.o
 .text.LL_RCC_GetSysClkSource
                0x0800644c       0x1c main.o
 .text.LL_RCC_SetAHBPrescaler
                0x08006468       0x28 main.o
 .text.LL_RCC_SetAPB1Prescaler
                0x08006490       0x28 main.o
 .text.LL_RCC_SetAPB2Prescaler
                0x080064b8       0x28 main.o
 .text.LL_RCC_PLL_Enable
                0x080064e0       0x20 main.o
 .text.LL_RCC_PLL_IsReady
                0x08006500       0x28 main.o
 .text.LL_RCC_PLL_ConfigDomain_SYS
                0x08006528       0x40 main.o
 .text.LL_RCC_PLL_EnableDomain_SYS
                0x08006568       0x20 main.o
 .text.LL_RCC_PLLSAI1_Enable
                0x08006588       0x20 main.o
 .text.LL_RCC_PLLSAI1_IsReady
                0x080065a8       0x28 main.o
 .text.LL_RCC_PLLSAI1_ConfigDomain_48M
                0x080065d0       0x4c main.o
 .text.LL_RCC_PLLSAI1_EnableDomain_48M
                0x0800661c       0x20 main.o
 .text.LL_FLASH_SetLatency
                0x0800663c       0x28 main.o
 .text.LL_FLASH_GetLatency
                0x08006664       0x1c main.o
 .text.LL_PWR_SetRegulVoltageScaling
                0x08006680       0x28 main.o
 .text.LL_PWR_IsActiveFlag_VOS
                0x080066a8       0x28 main.o
 .text.SystemClock_Config
                0x080066d0       0xa0 main.o
                0x080066d0                SystemClock_Config
 .text.PeriphCommonClock_Config
                0x08006770       0x2a main.o
                0x08006770                PeriphCommonClock_Config
 *fill*         0x0800679a        0x2 
 .text.HAL_TIM_PeriodElapsedCallback
                0x0800679c       0x24 main.o
                0x0800679c                HAL_TIM_PeriodElapsedCallback
 .text.Error_Handler
                0x080067c0        0xa main.o
                0x080067c0                Error_Handler
 *fill*         0x080067ca        0x2 
 .text.LL_AHB2_GRP1_EnableClock
                0x080067cc       0x30 gpio.o
 .text.LL_GPIO_SetOutputPin
                0x080067fc       0x1c gpio.o
 .text.LL_GPIO_ResetOutputPin
                0x08006818       0x1c gpio.o
 .text.MX_GPIO_Init
                0x08006834      0x1dc gpio.o
                0x08006834                MX_GPIO_Init
 .text.__NVIC_GetPriorityGrouping
                0x08006a10       0x1c adc.o
 .text.__NVIC_EnableIRQ
                0x08006a2c       0x3c adc.o
 .text.__NVIC_SetPriority
                0x08006a68       0x54 adc.o
 .text.NVIC_EncodePriority
                0x08006abc       0x66 adc.o
 .text.LL_ADC_SetCommonPathInternalCh
                0x08006b22       0x26 adc.o
 .text.LL_ADC_REG_SetSequencerRanks
                0x08006b48       0x58 adc.o
 .text.LL_ADC_SetChannelSamplingTime
                0x08006ba0       0x56 adc.o
 *fill*         0x08006bf6        0x2 
 .text.LL_ADC_SetChannelSingleDiff
                0x08006bf8       0x48 adc.o
 .text.LL_ADC_SetOverSamplingScope
                0x08006c40       0x2a adc.o
 .text.LL_ADC_SetOverSamplingDiscont
                0x08006c6a       0x26 adc.o
 .text.LL_ADC_ConfigOverSamplingRatioShift
                0x08006c90       0x2c adc.o
 .text.LL_ADC_DisableDeepPowerDown
                0x08006cbc       0x24 adc.o
 .text.LL_ADC_EnableInternalRegulator
                0x08006ce0       0x28 adc.o
 .text.LL_DMA_SetDataTransferDirection
                0x08006d08       0x50 adc.o
 .text.LL_DMA_SetMode
                0x08006d58       0x4c adc.o
 .text.LL_DMA_SetPeriphIncMode
                0x08006da4       0x4c adc.o
 .text.LL_DMA_SetMemoryIncMode
                0x08006df0       0x4c adc.o
 .text.LL_DMA_SetPeriphSize
                0x08006e3c       0x4c adc.o
 .text.LL_DMA_SetMemorySize
                0x08006e88       0x4c adc.o
 .text.LL_DMA_SetChannelPriorityLevel
                0x08006ed4       0x4c adc.o
 .text.LL_DMA_SetPeriphRequest
                0x08006f20       0x64 adc.o
 .text.LL_RCC_SetADCClockSource
                0x08006f84       0x2c adc.o
 .text.LL_AHB2_GRP1_EnableClock
                0x08006fb0       0x30 adc.o
 .text.LL_GPIO_EnablePinAnalogControl
                0x08006fe0       0x22 adc.o
 *fill*         0x08007002        0x2 
 .text.MX_ADC1_Init
                0x08007004      0x348 adc.o
                0x08007004                MX_ADC1_Init
 .text.MX_ADC2_Init
                0x0800734c      0x334 adc.o
                0x0800734c                MX_ADC2_Init
 .text.__NVIC_GetPriorityGrouping
                0x08007680       0x1c dma.o
 .text.__NVIC_EnableIRQ
                0x0800769c       0x3c dma.o
 .text.__NVIC_SetPriority
                0x080076d8       0x54 dma.o
 .text.NVIC_EncodePriority
                0x0800772c       0x66 dma.o
 *fill*         0x08007792        0x2 
 .text.LL_AHB1_GRP1_EnableClock
                0x08007794       0x30 dma.o
 .text.MX_DMA_Init
                0x080077c4       0x8e dma.o
                0x080077c4                MX_DMA_Init
 *fill*         0x08007852        0x2 
 .text.LL_RCC_SetI2CClockSource
                0x08007854       0x50 i2c.o
 .text.MX_I2C2_Init
                0x080078a4       0x80 i2c.o
                0x080078a4                MX_I2C2_Init
 .text.HAL_I2C_MspInit
                0x08007924       0x90 i2c.o
                0x08007924                HAL_I2C_MspInit
 .text.LL_AHB2_GRP1_EnableClock
                0x080079b4       0x30 tim.o
 .text.LL_APB1_GRP1_EnableClock
                0x080079e4       0x30 tim.o
 .text.LL_TIM_EnableARRPreload
                0x08007a14       0x20 tim.o
 .text.LL_TIM_OC_DisableFast
                0x08007a34       0xa4 tim.o
 .text.LL_TIM_OC_EnablePreload
                0x08007ad8       0xa0 tim.o
 .text.LL_TIM_DisableExternalClock
                0x08007b78       0x20 tim.o
 .text.LL_TIM_SetClockSource
                0x08007b98       0x2a tim.o
 .text.LL_TIM_SetTriggerOutput
                0x08007bc2       0x26 tim.o
 .text.LL_TIM_DisableMasterSlaveMode
                0x08007be8       0x20 tim.o
 .text.LL_TIM_ConfigETR
                0x08007c08       0x32 tim.o
 .text.LL_TIM_SetOCRefClearInputSource
                0x08007c3a       0x26 tim.o
 .text.MX_TIM3_Init
                0x08007c60      0x160 tim.o
                0x08007c60                MX_TIM3_Init
 .text.MX_TIM4_Init
                0x08007dc0       0x9c tim.o
                0x08007dc0                MX_TIM4_Init
 .text.HAL_TIM_Base_MspInit
                0x08007e5c       0x4c tim.o
                0x08007e5c                HAL_TIM_Base_MspInit
 .text.LL_DMA_SetDataTransferDirection
                0x08007ea8       0x50 usart.o
 .text.LL_DMA_SetMode
                0x08007ef8       0x4c usart.o
 .text.LL_DMA_SetPeriphIncMode
                0x08007f44       0x4c usart.o
 .text.LL_DMA_SetMemoryIncMode
                0x08007f90       0x4c usart.o
 .text.LL_DMA_SetPeriphSize
                0x08007fdc       0x4c usart.o
 .text.LL_DMA_SetMemorySize
                0x08008028       0x4c usart.o
 .text.LL_DMA_SetChannelPriorityLevel
                0x08008074       0x4c usart.o
 .text.LL_DMA_SetPeriphRequest
                0x080080c0       0x64 usart.o
 .text.LL_RCC_SetUSARTClockSource
                0x08008124       0x34 usart.o
 .text.LL_AHB2_GRP1_EnableClock
                0x08008158       0x30 usart.o
 .text.LL_APB1_GRP1_EnableClock
                0x08008188       0x30 usart.o
 .text.LL_USART_Enable
                0x080081b8       0x20 usart.o
 .text.LL_USART_ConfigAsyncMode
                0x080081d8       0x2c usart.o
 .text.MX_USART2_UART_Init
                0x08008204      0x14c usart.o
                0x08008204                MX_USART2_UART_Init
 .text.MX_USB_DEVICE_Init
                0x08008350       0x60 usb_device.o
                0x08008350                MX_USB_DEVICE_Init
 .text.LL_RCC_SetUSBClockSource
                0x080083b0       0x2c usbd_conf.o
 .text.HAL_PCD_MspInit
                0x080083dc       0xf0 usbd_conf.o
                0x080083dc                HAL_PCD_MspInit
 .text.HAL_PCD_SetupStageCallback
                0x080084cc       0x24 usbd_conf.o
                0x080084cc                HAL_PCD_SetupStageCallback
 .text.HAL_PCD_DataOutStageCallback
                0x080084f0       0x36 usbd_conf.o
                0x080084f0                HAL_PCD_DataOutStageCallback
 .text.HAL_PCD_DataInStageCallback
                0x08008526       0x34 usbd_conf.o
                0x08008526                HAL_PCD_DataInStageCallback
 .text.HAL_PCD_SOFCallback
                0x0800855a       0x1c usbd_conf.o
                0x0800855a                HAL_PCD_SOFCallback
 .text.HAL_PCD_ResetCallback
                0x08008576       0x3c usbd_conf.o
                0x08008576                HAL_PCD_ResetCallback
 *fill*         0x080085b2        0x2 
 .text.HAL_PCD_SuspendCallback
                0x080085b4       0x4c usbd_conf.o
                0x080085b4                HAL_PCD_SuspendCallback
 .text.HAL_PCD_ResumeCallback
                0x08008600       0x50 usbd_conf.o
                0x08008600                HAL_PCD_ResumeCallback
 .text.HAL_PCD_ISOOUTIncompleteCallback
                0x08008650       0x24 usbd_conf.o
                0x08008650                HAL_PCD_ISOOUTIncompleteCallback
 .text.HAL_PCD_ISOINIncompleteCallback
                0x08008674       0x24 usbd_conf.o
                0x08008674                HAL_PCD_ISOINIncompleteCallback
 .text.HAL_PCD_ConnectCallback
                0x08008698       0x1c usbd_conf.o
                0x08008698                HAL_PCD_ConnectCallback
 .text.HAL_PCD_DisconnectCallback
                0x080086b4       0x1c usbd_conf.o
                0x080086b4                HAL_PCD_DisconnectCallback
 .text.USBD_LL_Init
                0x080086d0       0x98 usbd_conf.o
                0x080086d0                USBD_LL_Init
 .text.USBD_LL_Start
                0x08008768       0x64 usbd_conf.o
                0x08008768                USBD_LL_Start
 .text.USBD_LL_OpenEP
                0x080087cc       0x7c usbd_conf.o
                0x080087cc                USBD_LL_OpenEP
 .text.USBD_LL_CloseEP
                0x08008848       0x6c usbd_conf.o
                0x08008848                USBD_LL_CloseEP
 .text.USBD_LL_StallEP
                0x080088b4       0x6c usbd_conf.o
                0x080088b4                USBD_LL_StallEP
 .text.USBD_LL_ClearStallEP
                0x08008920       0x6c usbd_conf.o
                0x08008920                USBD_LL_ClearStallEP
 .text.USBD_LL_IsStallEP
                0x0800898c       0x58 usbd_conf.o
                0x0800898c                USBD_LL_IsStallEP
 .text.USBD_LL_SetUSBAddress
                0x080089e4       0x6c usbd_conf.o
                0x080089e4                USBD_LL_SetUSBAddress
 .text.USBD_LL_Transmit
                0x08008a50       0x70 usbd_conf.o
                0x08008a50                USBD_LL_Transmit
 .text.USBD_LL_PrepareReceive
                0x08008ac0       0x70 usbd_conf.o
                0x08008ac0                USBD_LL_PrepareReceive
 .text.USBD_LL_GetRxDataSize
                0x08008b30       0x26 usbd_conf.o
                0x08008b30                USBD_LL_GetRxDataSize
 *fill*         0x08008b56        0x2 
 .text.HAL_PCDEx_LPM_Callback
                0x08008b58       0x9c usbd_conf.o
                0x08008b58                HAL_PCDEx_LPM_Callback
 .text.USBD_static_malloc
                0x08008bf4       0x1c usbd_conf.o
                0x08008bf4                USBD_static_malloc
 .text.USBD_static_free
                0x08008c10       0x14 usbd_conf.o
                0x08008c10                USBD_static_free
 .text.SystemClockConfig_Resume
                0x08008c24        0xc usbd_conf.o
 .text.USBD_FS_DeviceDescriptor
                0x08008c30       0x24 usbd_desc.o
                0x08008c30                USBD_FS_DeviceDescriptor
 .text.USBD_FS_LangIDStrDescriptor
                0x08008c54       0x24 usbd_desc.o
                0x08008c54                USBD_FS_LangIDStrDescriptor
 .text.USBD_FS_ProductStrDescriptor
                0x08008c78       0x3c usbd_desc.o
                0x08008c78                USBD_FS_ProductStrDescriptor
 .text.USBD_FS_ManufacturerStrDescriptor
                0x08008cb4       0x28 usbd_desc.o
                0x08008cb4                USBD_FS_ManufacturerStrDescriptor
 .text.USBD_FS_SerialStrDescriptor
                0x08008cdc       0x24 usbd_desc.o
                0x08008cdc                USBD_FS_SerialStrDescriptor
 .text.USBD_FS_ConfigStrDescriptor
                0x08008d00       0x3c usbd_desc.o
                0x08008d00                USBD_FS_ConfigStrDescriptor
 .text.USBD_FS_InterfaceStrDescriptor
                0x08008d3c       0x3c usbd_desc.o
                0x08008d3c                USBD_FS_InterfaceStrDescriptor
 .text.USBD_FS_USR_BOSDescriptor
                0x08008d78       0x24 usbd_desc.o
                0x08008d78                USBD_FS_USR_BOSDescriptor
 .text.Get_SerialNum
                0x08008d9c       0x58 usbd_desc.o
 .text.IntToUnicode
                0x08008df4       0x7e usbd_desc.o
 *fill*         0x08008e72        0x2 
 .text.CDC_Init_FS
                0x08008e74       0x28 usbd_cdc_if.o
 .text.CDC_DeInit_FS
                0x08008e9c       0x10 usbd_cdc_if.o
 .text.CDC_Control_FS
                0x08008eac       0xbc usbd_cdc_if.o
 .text.CDC_Receive_FS
                0x08008f68       0x48 usbd_cdc_if.o
 .text.CDC_Transmit_FS
                0x08008fb0       0x4c usbd_cdc_if.o
                0x08008fb0                CDC_Transmit_FS
 .text.CDC_TransmitCplt_FS
                0x08008ffc       0x22 usbd_cdc_if.o
 .text.NMI_Handler
                0x0800901e        0x6 stm32l4xx_it.o
                0x0800901e                NMI_Handler
 .text.HardFault_Handler
                0x08009024        0x6 stm32l4xx_it.o
                0x08009024                HardFault_Handler
 .text.MemManage_Handler
                0x0800902a        0x6 stm32l4xx_it.o
                0x0800902a                MemManage_Handler
 .text.BusFault_Handler
                0x08009030        0x6 stm32l4xx_it.o
                0x08009030                BusFault_Handler
 .text.UsageFault_Handler
                0x08009036        0x6 stm32l4xx_it.o
                0x08009036                UsageFault_Handler
 .text.DebugMon_Handler
                0x0800903c        0xe stm32l4xx_it.o
                0x0800903c                DebugMon_Handler
 .text.DMA1_Channel1_IRQHandler
                0x0800904a        0xe stm32l4xx_it.o
                0x0800904a                DMA1_Channel1_IRQHandler
 .text.DMA1_Channel6_IRQHandler
                0x08009058        0xe stm32l4xx_it.o
                0x08009058                DMA1_Channel6_IRQHandler
 .text.DMA1_Channel7_IRQHandler
                0x08009066        0xe stm32l4xx_it.o
                0x08009066                DMA1_Channel7_IRQHandler
 .text.ADC1_2_IRQHandler
                0x08009074        0xe stm32l4xx_it.o
                0x08009074                ADC1_2_IRQHandler
 *fill*         0x08009082        0x2 
 .text.TIM1_UP_TIM16_IRQHandler
                0x08009084       0x14 stm32l4xx_it.o
                0x08009084                TIM1_UP_TIM16_IRQHandler
 .text.OTG_FS_IRQHandler
                0x08009098       0x14 stm32l4xx_it.o
                0x08009098                OTG_FS_IRQHandler
 .text.HAL_MspInit
                0x080090ac       0x48 stm32l4xx_hal_msp.o
                0x080090ac                HAL_MspInit
 .text.HAL_InitTick
                0x080090f4       0xdc stm32l4xx_hal_timebase_tim.o
                0x080090f4                HAL_InitTick
 .text.LL_SetSystemCoreClock
                0x080091d0       0x20 stm32l4xx_ll_utils.o
                0x080091d0                LL_SetSystemCoreClock
 .text.LL_GPIO_SetPinMode
                0x080091f0       0x7a stm32l4xx_ll_gpio.o
 .text.LL_GPIO_SetPinOutputType
                0x0800926a       0x30 stm32l4xx_ll_gpio.o
 .text.LL_GPIO_SetPinSpeed
                0x0800929a       0x7a stm32l4xx_ll_gpio.o
 .text.LL_GPIO_SetPinPull
                0x08009314       0x7a stm32l4xx_ll_gpio.o
 .text.LL_GPIO_SetAFPin_0_7
                0x0800938e       0x7a stm32l4xx_ll_gpio.o
 .text.LL_GPIO_SetAFPin_8_15
                0x08009408       0x7e stm32l4xx_ll_gpio.o
 .text.LL_GPIO_Init
                0x08009486       0xdc stm32l4xx_ll_gpio.o
                0x08009486                LL_GPIO_Init
 .text.HAL_PCD_Init
                0x08009562      0x248 stm32l4xx_hal_pcd.o
                0x08009562                HAL_PCD_Init
 .text.HAL_PCD_Start
                0x080097aa       0x5e stm32l4xx_hal_pcd.o
                0x080097aa                HAL_PCD_Start
 .text.HAL_PCD_IRQHandler
                0x08009808      0x926 stm32l4xx_hal_pcd.o
                0x08009808                HAL_PCD_IRQHandler
 .text.HAL_PCD_SetAddress
                0x0800a12e       0x4a stm32l4xx_hal_pcd.o
                0x0800a12e                HAL_PCD_SetAddress
 .text.HAL_PCD_EP_Open
                0x0800a178       0xd0 stm32l4xx_hal_pcd.o
                0x0800a178                HAL_PCD_EP_Open
 .text.HAL_PCD_EP_Close
                0x0800a248       0x94 stm32l4xx_hal_pcd.o
                0x0800a248                HAL_PCD_EP_Close
 .text.HAL_PCD_EP_Receive
                0x0800a2dc       0x7c stm32l4xx_hal_pcd.o
                0x0800a2dc                HAL_PCD_EP_Receive
 .text.HAL_PCD_EP_GetRxCount
                0x0800a358       0x30 stm32l4xx_hal_pcd.o
                0x0800a358                HAL_PCD_EP_GetRxCount
 .text.HAL_PCD_EP_Transmit
                0x0800a388       0x7a stm32l4xx_hal_pcd.o
                0x0800a388                HAL_PCD_EP_Transmit
 .text.HAL_PCD_EP_SetStall
                0x0800a402       0xc4 stm32l4xx_hal_pcd.o
                0x0800a402                HAL_PCD_EP_SetStall
 .text.HAL_PCD_EP_ClrStall
                0x0800a4c6       0xac stm32l4xx_hal_pcd.o
                0x0800a4c6                HAL_PCD_EP_ClrStall
 .text.HAL_PCD_EP_Abort
                0x0800a572       0x62 stm32l4xx_hal_pcd.o
                0x0800a572                HAL_PCD_EP_Abort
 .text.PCD_WriteEmptyTxFifo
                0x0800a5d4      0x110 stm32l4xx_hal_pcd.o
 .text.PCD_EP_OutXfrComplete_int
                0x0800a6e4       0x9c stm32l4xx_hal_pcd.o
 .text.PCD_EP_OutSetupPacket_int
                0x0800a780       0x68 stm32l4xx_hal_pcd.o
 .text.HAL_PCDEx_SetTxFiFo
                0x0800a7e8       0x8e stm32l4xx_hal_pcd_ex.o
                0x0800a7e8                HAL_PCDEx_SetTxFiFo
 .text.HAL_PCDEx_SetRxFiFo
                0x0800a876       0x22 stm32l4xx_hal_pcd_ex.o
                0x0800a876                HAL_PCDEx_SetRxFiFo
 .text.HAL_PCDEx_ActivateLPM
                0x0800a898       0x48 stm32l4xx_hal_pcd_ex.o
                0x0800a898                HAL_PCDEx_ActivateLPM
 .text.USB_CoreInit
                0x0800a8e0       0x58 stm32l4xx_ll_usb.o
                0x0800a8e0                USB_CoreInit
 .text.USB_SetTurnaroundTime
                0x0800a938      0x138 stm32l4xx_ll_usb.o
                0x0800a938                USB_SetTurnaroundTime
 .text.USB_EnableGlobalInt
                0x0800aa70       0x22 stm32l4xx_ll_usb.o
                0x0800aa70                USB_EnableGlobalInt
 .text.USB_DisableGlobalInt
                0x0800aa92       0x22 stm32l4xx_ll_usb.o
                0x0800aa92                USB_DisableGlobalInt
 .text.USB_SetCurrentMode
                0x0800aab4       0x98 stm32l4xx_ll_usb.o
                0x0800aab4                USB_SetCurrentMode
 .text.USB_DevInit
                0x0800ab4c      0x298 stm32l4xx_ll_usb.o
                0x0800ab4c                USB_DevInit
 .text.USB_FlushTxFifo
                0x0800ade4       0x68 stm32l4xx_ll_usb.o
                0x0800ade4                USB_FlushTxFifo
 .text.USB_FlushRxFifo
                0x0800ae4c       0x60 stm32l4xx_ll_usb.o
                0x0800ae4c                USB_FlushRxFifo
 .text.USB_SetDevSpeed
                0x0800aeac       0x32 stm32l4xx_ll_usb.o
                0x0800aeac                USB_SetDevSpeed
 .text.USB_GetDevSpeed
                0x0800aede       0x3e stm32l4xx_ll_usb.o
                0x0800aede                USB_GetDevSpeed
 .text.USB_ActivateEndpoint
                0x0800af1c      0x10e stm32l4xx_ll_usb.o
                0x0800af1c                USB_ActivateEndpoint
 *fill*         0x0800b02a        0x2 
 .text.USB_DeactivateEndpoint
                0x0800b02c      0x1b8 stm32l4xx_ll_usb.o
                0x0800b02c                USB_DeactivateEndpoint
 .text.USB_EPStartXfer
                0x0800b1e4      0x3c0 stm32l4xx_ll_usb.o
                0x0800b1e4                USB_EPStartXfer
 .text.USB_EP0StartXfer
                0x0800b5a4      0x244 stm32l4xx_ll_usb.o
                0x0800b5a4                USB_EP0StartXfer
 .text.USB_EPStopXfer
                0x0800b7e8      0x154 stm32l4xx_ll_usb.o
                0x0800b7e8                USB_EPStopXfer
 .text.USB_WritePacket
                0x0800b93c       0x74 stm32l4xx_ll_usb.o
                0x0800b93c                USB_WritePacket
 .text.USB_ReadPacket
                0x0800b9b0       0xb0 stm32l4xx_ll_usb.o
                0x0800b9b0                USB_ReadPacket
 .text.USB_EPSetStall
                0x0800ba60       0xdc stm32l4xx_ll_usb.o
                0x0800ba60                USB_EPSetStall
 .text.USB_EPClearStall
                0x0800bb3c       0xcc stm32l4xx_ll_usb.o
                0x0800bb3c                USB_EPClearStall
 .text.USB_SetDevAddress
                0x0800bc08       0x4c stm32l4xx_ll_usb.o
                0x0800bc08                USB_SetDevAddress
 .text.USB_DevConnect
                0x0800bc54       0x42 stm32l4xx_ll_usb.o
                0x0800bc54                USB_DevConnect
 .text.USB_DevDisconnect
                0x0800bc96       0x42 stm32l4xx_ll_usb.o
                0x0800bc96                USB_DevDisconnect
 .text.USB_ReadInterrupts
                0x0800bcd8       0x26 stm32l4xx_ll_usb.o
                0x0800bcd8                USB_ReadInterrupts
 .text.USB_ReadDevAllOutEpInterrupt
                0x0800bcfe       0x34 stm32l4xx_ll_usb.o
                0x0800bcfe                USB_ReadDevAllOutEpInterrupt
 .text.USB_ReadDevAllInEpInterrupt
                0x0800bd32       0x34 stm32l4xx_ll_usb.o
                0x0800bd32                USB_ReadDevAllInEpInterrupt
 .text.USB_ReadDevOutEPInterrupt
                0x0800bd66       0x3c stm32l4xx_ll_usb.o
                0x0800bd66                USB_ReadDevOutEPInterrupt
 .text.USB_ReadDevInEPInterrupt
                0x0800bda2       0x5c stm32l4xx_ll_usb.o
                0x0800bda2                USB_ReadDevInEPInterrupt
 .text.USB_GetMode
                0x0800bdfe       0x1c stm32l4xx_ll_usb.o
                0x0800bdfe                USB_GetMode
 .text.USB_ActivateSetup
                0x0800be1a       0x46 stm32l4xx_ll_usb.o
                0x0800be1a                USB_ActivateSetup
 .text.USB_EP0_OutStart
                0x0800be60       0x90 stm32l4xx_ll_usb.o
                0x0800be60                USB_EP0_OutStart
 .text.USB_CoreReset
                0x0800bef0       0x68 stm32l4xx_ll_usb.o
 .text.HAL_Init
                0x0800bf58       0x30 stm32l4xx_hal.o
                0x0800bf58                HAL_Init
 .text.HAL_IncTick
                0x0800bf88       0x28 stm32l4xx_hal.o
                0x0800bf88                HAL_IncTick
 .text.HAL_GetTick
                0x0800bfb0       0x18 stm32l4xx_hal.o
                0x0800bfb0                HAL_GetTick
 .text.HAL_RCC_GetHCLKFreq
                0x0800bfc8       0x18 stm32l4xx_hal_rcc.o
                0x0800bfc8                HAL_RCC_GetHCLKFreq
 .text.HAL_RCC_GetPCLK2Freq
                0x0800bfe0       0x2c stm32l4xx_hal_rcc.o
                0x0800bfe0                HAL_RCC_GetPCLK2Freq
 .text.HAL_RCC_GetClockConfig
                0x0800c00c       0x64 stm32l4xx_hal_rcc.o
                0x0800c00c                HAL_RCC_GetClockConfig
 .text.HAL_GPIO_Init
                0x0800c070      0x354 stm32l4xx_hal_gpio.o
                0x0800c070                HAL_GPIO_Init
 .text.HAL_GPIO_ReadPin
                0x0800c3c4       0x30 stm32l4xx_hal_gpio.o
                0x0800c3c4                HAL_GPIO_ReadPin
 .text.HAL_I2C_Init
                0x0800c3f4      0x11e stm32l4xx_hal_i2c.o
                0x0800c3f4                HAL_I2C_Init
 *fill*         0x0800c512        0x2 
 .text.HAL_I2C_Mem_Write
                0x0800c514      0x228 stm32l4xx_hal_i2c.o
                0x0800c514                HAL_I2C_Mem_Write
 .text.HAL_I2C_Mem_Read
                0x0800c73c      0x234 stm32l4xx_hal_i2c.o
                0x0800c73c                HAL_I2C_Mem_Read
 .text.I2C_RequestMemoryWrite
                0x0800c970       0xa8 stm32l4xx_hal_i2c.o
 .text.I2C_RequestMemoryRead
                0x0800ca18       0xa8 stm32l4xx_hal_i2c.o
 .text.I2C_Flush_TXDR
                0x0800cac0       0x48 stm32l4xx_hal_i2c.o
 .text.I2C_WaitOnFlagUntilTimeout
                0x0800cb08       0x80 stm32l4xx_hal_i2c.o
 .text.I2C_WaitOnTXISFlagUntilTimeout
                0x0800cb88       0x80 stm32l4xx_hal_i2c.o
 .text.I2C_WaitOnSTOPFlagUntilTimeout
                0x0800cc08       0x78 stm32l4xx_hal_i2c.o
 .text.I2C_IsErrorOccurred
                0x0800cc80      0x1d8 stm32l4xx_hal_i2c.o
 .text.I2C_TransferConfig
                0x0800ce58       0x64 stm32l4xx_hal_i2c.o
 .text.HAL_I2CEx_ConfigAnalogFilter
                0x0800cebc       0x96 stm32l4xx_hal_i2c_ex.o
                0x0800cebc                HAL_I2CEx_ConfigAnalogFilter
 .text.HAL_I2CEx_ConfigDigitalFilter
                0x0800cf52       0x98 stm32l4xx_hal_i2c_ex.o
                0x0800cf52                HAL_I2CEx_ConfigDigitalFilter
 *fill*         0x0800cfea        0x2 
 .text.HAL_PWREx_EnableVddUSB
                0x0800cfec       0x20 stm32l4xx_hal_pwr_ex.o
                0x0800cfec                HAL_PWREx_EnableVddUSB
 .text.__NVIC_SetPriorityGrouping
                0x0800d00c       0x48 stm32l4xx_hal_cortex.o
 .text.__NVIC_GetPriorityGrouping
                0x0800d054       0x1c stm32l4xx_hal_cortex.o
 .text.__NVIC_EnableIRQ
                0x0800d070       0x3c stm32l4xx_hal_cortex.o
 .text.__NVIC_DisableIRQ
                0x0800d0ac       0x48 stm32l4xx_hal_cortex.o
 .text.__NVIC_SetPriority
                0x0800d0f4       0x54 stm32l4xx_hal_cortex.o
 .text.NVIC_EncodePriority
                0x0800d148       0x66 stm32l4xx_hal_cortex.o
 .text.HAL_NVIC_SetPriorityGrouping
                0x0800d1ae       0x16 stm32l4xx_hal_cortex.o
                0x0800d1ae                HAL_NVIC_SetPriorityGrouping
 .text.HAL_NVIC_SetPriority
                0x0800d1c4       0x38 stm32l4xx_hal_cortex.o
                0x0800d1c4                HAL_NVIC_SetPriority
 .text.HAL_NVIC_EnableIRQ
                0x0800d1fc       0x1c stm32l4xx_hal_cortex.o
                0x0800d1fc                HAL_NVIC_EnableIRQ
 .text.HAL_NVIC_DisableIRQ
                0x0800d218       0x1c stm32l4xx_hal_cortex.o
                0x0800d218                HAL_NVIC_DisableIRQ
 .text.LL_ADC_REG_SetSequencerLength
                0x0800d234       0x26 stm32l4xx_ll_adc.o
 .text.LL_ADC_IsEnabled
                0x0800d25a       0x26 stm32l4xx_ll_adc.o
 .text.LL_ADC_CommonInit
                0x0800d280       0x90 stm32l4xx_ll_adc.o
                0x0800d280                LL_ADC_CommonInit
 .text.LL_ADC_Init
                0x0800d310       0x4c stm32l4xx_ll_adc.o
                0x0800d310                LL_ADC_Init
 .text.LL_ADC_REG_Init
                0x0800d35c       0x94 stm32l4xx_ll_adc.o
                0x0800d35c                LL_ADC_REG_Init
 .text.HAL_TIM_Base_Init
                0x0800d3f0       0xae stm32l4xx_hal_tim.o
                0x0800d3f0                HAL_TIM_Base_Init
 *fill*         0x0800d49e        0x2 
 .text.HAL_TIM_Base_Start_IT
                0x0800d4a0       0xe0 stm32l4xx_hal_tim.o
                0x0800d4a0                HAL_TIM_Base_Start_IT
 .text.HAL_TIM_IRQHandler
                0x0800d580      0x23e stm32l4xx_hal_tim.o
                0x0800d580                HAL_TIM_IRQHandler
 .text.HAL_TIM_ConfigClockSource
                0x0800d7be      0x192 stm32l4xx_hal_tim.o
                0x0800d7be                HAL_TIM_ConfigClockSource
 .text.HAL_TIM_OC_DelayElapsedCallback
                0x0800d950       0x14 stm32l4xx_hal_tim.o
                0x0800d950                HAL_TIM_OC_DelayElapsedCallback
 .text.HAL_TIM_IC_CaptureCallback
                0x0800d964       0x14 stm32l4xx_hal_tim.o
                0x0800d964                HAL_TIM_IC_CaptureCallback
 .text.HAL_TIM_PWM_PulseFinishedCallback
                0x0800d978       0x14 stm32l4xx_hal_tim.o
                0x0800d978                HAL_TIM_PWM_PulseFinishedCallback
 .text.HAL_TIM_TriggerCallback
                0x0800d98c       0x14 stm32l4xx_hal_tim.o
                0x0800d98c                HAL_TIM_TriggerCallback
 .text.TIM_Base_SetConfig
                0x0800d9a0      0x134 stm32l4xx_hal_tim.o
                0x0800d9a0                TIM_Base_SetConfig
 .text.TIM_TI1_ConfigInputStage
                0x0800dad4       0x5e stm32l4xx_hal_tim.o
 .text.TIM_TI2_ConfigInputStage
                0x0800db32       0x60 stm32l4xx_hal_tim.o
 .text.TIM_ITRx_SetConfig
                0x0800db92       0x36 stm32l4xx_hal_tim.o
 .text.TIM_ETR_SetConfig
                0x0800dbc8       0x40 stm32l4xx_hal_tim.o
                0x0800dbc8                TIM_ETR_SetConfig
 .text.HAL_TIMEx_MasterConfigSynchronization
                0x0800dc08      0x110 stm32l4xx_hal_tim_ex.o
                0x0800dc08                HAL_TIMEx_MasterConfigSynchronization
 .text.HAL_TIMEx_CommutCallback
                0x0800dd18       0x14 stm32l4xx_hal_tim_ex.o
                0x0800dd18                HAL_TIMEx_CommutCallback
 .text.HAL_TIMEx_BreakCallback
                0x0800dd2c       0x14 stm32l4xx_hal_tim_ex.o
                0x0800dd2c                HAL_TIMEx_BreakCallback
 .text.HAL_TIMEx_Break2Callback
                0x0800dd40       0x14 stm32l4xx_hal_tim_ex.o
                0x0800dd40                HAL_TIMEx_Break2Callback
 .text.LL_TIM_SetPrescaler
                0x0800dd54       0x1c stm32l4xx_ll_tim.o
 .text.LL_TIM_SetAutoReload
                0x0800dd70       0x1c stm32l4xx_ll_tim.o
 .text.LL_TIM_SetRepetitionCounter
                0x0800dd8c       0x1c stm32l4xx_ll_tim.o
 .text.LL_TIM_OC_SetCompareCH1
                0x0800dda8       0x1c stm32l4xx_ll_tim.o
 .text.LL_TIM_OC_SetCompareCH2
                0x0800ddc4       0x1c stm32l4xx_ll_tim.o
 .text.LL_TIM_OC_SetCompareCH3
                0x0800dde0       0x1c stm32l4xx_ll_tim.o
 .text.LL_TIM_OC_SetCompareCH4
                0x0800ddfc       0x1c stm32l4xx_ll_tim.o
 .text.LL_TIM_OC_SetCompareCH5
                0x0800de18       0x20 stm32l4xx_ll_tim.o
 .text.LL_TIM_OC_SetCompareCH6
                0x0800de38       0x1c stm32l4xx_ll_tim.o
 .text.LL_TIM_GenerateEvent_UPDATE
                0x0800de54       0x20 stm32l4xx_ll_tim.o
 .text.LL_TIM_Init
                0x0800de74      0x128 stm32l4xx_ll_tim.o
                0x0800de74                LL_TIM_Init
 .text.LL_TIM_OC_Init
                0x0800df9c       0xbe stm32l4xx_ll_tim.o
                0x0800df9c                LL_TIM_OC_Init
 *fill*         0x0800e05a        0x2 
 .text.OC1Config
                0x0800e05c      0x100 stm32l4xx_ll_tim.o
 .text.OC2Config
                0x0800e15c      0x108 stm32l4xx_ll_tim.o
 .text.OC3Config
                0x0800e264      0x108 stm32l4xx_ll_tim.o
 .text.OC4Config
                0x0800e36c       0xd8 stm32l4xx_ll_tim.o
 .text.OC5Config
                0x0800e444       0xc8 stm32l4xx_ll_tim.o
 .text.OC6Config
                0x0800e50c       0xc8 stm32l4xx_ll_tim.o
 .text.LL_USART_IsEnabled
                0x0800e5d4       0x26 stm32l4xx_ll_usart.o
 .text.LL_USART_SetStopBitsLength
                0x0800e5fa       0x26 stm32l4xx_ll_usart.o
 .text.LL_USART_SetHWFlowCtrl
                0x0800e620       0x26 stm32l4xx_ll_usart.o
 .text.LL_USART_SetBaudRate
                0x0800e646       0x6e stm32l4xx_ll_usart.o
 .text.LL_USART_Init
                0x0800e6b4       0xf8 stm32l4xx_ll_usart.o
                0x0800e6b4                LL_USART_Init
 .text.LL_RCC_HSI_IsReady
                0x0800e7ac       0x28 stm32l4xx_ll_rcc.o
 .text.LL_RCC_LSE_IsReady
                0x0800e7d4       0x28 stm32l4xx_ll_rcc.o
 .text.LL_RCC_MSI_IsEnabledRangeSelect
                0x0800e7fc       0x24 stm32l4xx_ll_rcc.o
 .text.LL_RCC_MSI_GetRange
                0x0800e820       0x1c stm32l4xx_ll_rcc.o
 .text.LL_RCC_MSI_GetRangeAfterStandby
                0x0800e83c       0x1c stm32l4xx_ll_rcc.o
 .text.LL_RCC_GetSysClkSource
                0x0800e858       0x1c stm32l4xx_ll_rcc.o
 .text.LL_RCC_GetAHBPrescaler
                0x0800e874       0x1c stm32l4xx_ll_rcc.o
 .text.LL_RCC_GetAPB1Prescaler
                0x0800e890       0x1c stm32l4xx_ll_rcc.o
 .text.LL_RCC_GetAPB2Prescaler
                0x0800e8ac       0x1c stm32l4xx_ll_rcc.o
 .text.LL_RCC_GetUSARTClockSource
                0x0800e8c8       0x28 stm32l4xx_ll_rcc.o
 .text.LL_RCC_GetUARTClockSource
                0x0800e8f0       0x28 stm32l4xx_ll_rcc.o
 .text.LL_RCC_PLL_GetMainSource
                0x0800e918       0x1c stm32l4xx_ll_rcc.o
 .text.LL_RCC_PLL_GetN
                0x0800e934       0x1c stm32l4xx_ll_rcc.o
 .text.LL_RCC_PLL_GetR
                0x0800e950       0x1c stm32l4xx_ll_rcc.o
 .text.LL_RCC_PLL_GetDivider
                0x0800e96c       0x1c stm32l4xx_ll_rcc.o
 .text.LL_RCC_GetUSARTClockFreq
                0x0800e988      0x1c4 stm32l4xx_ll_rcc.o
                0x0800e988                LL_RCC_GetUSARTClockFreq
 .text.LL_RCC_GetUARTClockFreq
                0x0800eb4c      0x128 stm32l4xx_ll_rcc.o
                0x0800eb4c                LL_RCC_GetUARTClockFreq
 .text.RCC_GetSystemClockFreq
                0x0800ec74      0x120 stm32l4xx_ll_rcc.o
 .text.RCC_GetHCLKClockFreq
                0x0800ed94       0x2c stm32l4xx_ll_rcc.o
 .text.RCC_GetPCLK1ClockFreq
                0x0800edc0       0x28 stm32l4xx_ll_rcc.o
 .text.RCC_GetPCLK2ClockFreq
                0x0800ede8       0x28 stm32l4xx_ll_rcc.o
 .text.RCC_PLL_GetFreqDomain_SYS
                0x0800ee10      0x118 stm32l4xx_ll_rcc.o
 .text.USBD_Init
                0x0800ef28       0x60 usbd_core.o
                0x0800ef28                USBD_Init
 .text.USBD_RegisterClass
                0x0800ef88       0x4e usbd_core.o
                0x0800ef88                USBD_RegisterClass
 .text.USBD_Start
                0x0800efd6       0x18 usbd_core.o
                0x0800efd6                USBD_Start
 .text.USBD_RunTestMode
                0x0800efee       0x16 usbd_core.o
                0x0800efee                USBD_RunTestMode
 .text.USBD_SetClassConfig
                0x0800f004       0x38 usbd_core.o
                0x0800f004                USBD_SetClassConfig
 .text.USBD_ClrClassConfig
                0x0800f03c       0x30 usbd_core.o
                0x0800f03c                USBD_ClrClassConfig
 .text.USBD_LL_SetupStage
                0x0800f06c       0xaa usbd_core.o
                0x0800f06c                USBD_LL_SetupStage
 .text.USBD_LL_DataOutStage
                0x0800f116       0xc6 usbd_core.o
                0x0800f116                USBD_LL_DataOutStage
 .text.USBD_LL_DataInStage
                0x0800f1dc      0x12c usbd_core.o
                0x0800f1dc                USBD_LL_DataInStage
 .text.USBD_LL_Reset
                0x0800f308       0x9c usbd_core.o
                0x0800f308                USBD_LL_Reset
 .text.USBD_LL_SetSpeed
                0x0800f3a4       0x20 usbd_core.o
                0x0800f3a4                USBD_LL_SetSpeed
 .text.USBD_LL_Suspend
                0x0800f3c4       0x2c usbd_core.o
                0x0800f3c4                USBD_LL_Suspend
 .text.USBD_LL_Resume
                0x0800f3f0       0x30 usbd_core.o
                0x0800f3f0                USBD_LL_Resume
 .text.USBD_LL_SOF
                0x0800f420       0x44 usbd_core.o
                0x0800f420                USBD_LL_SOF
 .text.USBD_LL_IsoINIncomplete
                0x0800f464       0x4c usbd_core.o
                0x0800f464                USBD_LL_IsoINIncomplete
 .text.USBD_LL_IsoOUTIncomplete
                0x0800f4b0       0x4c usbd_core.o
                0x0800f4b0                USBD_LL_IsoOUTIncomplete
 .text.USBD_LL_DevConnected
                0x0800f4fc       0x16 usbd_core.o
                0x0800f4fc                USBD_LL_DevConnected
 .text.USBD_LL_DevDisconnected
                0x0800f512       0x38 usbd_core.o
                0x0800f512                USBD_LL_DevDisconnected
 .text.SWAPBYTE
                0x0800f54a       0x3c usbd_ctlreq.o
 *fill*         0x0800f586        0x2 
 .text.USBD_StdDevReq
                0x0800f588       0xdc usbd_ctlreq.o
                0x0800f588                USBD_StdDevReq
 .text.USBD_StdItfReq
                0x0800f664       0x92 usbd_ctlreq.o
                0x0800f664                USBD_StdItfReq
 .text.USBD_StdEPReq
                0x0800f6f6      0x2c4 usbd_ctlreq.o
                0x0800f6f6                USBD_StdEPReq
 *fill*         0x0800f9ba        0x2 
 .text.USBD_GetDescriptor
                0x0800f9bc      0x328 usbd_ctlreq.o
 .text.USBD_SetAddress
                0x0800fce4       0x88 usbd_ctlreq.o
 .text.USBD_SetConfig
                0x0800fd6c      0x14c usbd_ctlreq.o
 .text.USBD_GetConfig
                0x0800feb8       0x6c usbd_ctlreq.o
 .text.USBD_GetStatus
                0x0800ff24       0x68 usbd_ctlreq.o
 .text.USBD_SetFeature
                0x0800ff8c       0x28 usbd_ctlreq.o
 .text.USBD_ClrFeature
                0x0800ffb4       0x44 usbd_ctlreq.o
 .text.USBD_ParseSetupRequest
                0x0800fff8       0x74 usbd_ctlreq.o
                0x0800fff8                USBD_ParseSetupRequest
 .text.USBD_CtlError
                0x0801006c       0x22 usbd_ctlreq.o
                0x0801006c                USBD_CtlError
 .text.USBD_GetString
                0x0801008e       0x8c usbd_ctlreq.o
                0x0801008e                USBD_GetString
 .text.USBD_GetLen
                0x0801011a       0x34 usbd_ctlreq.o
 .text.USBD_CtlSendData
                0x0801014e       0x36 usbd_ioreq.o
                0x0801014e                USBD_CtlSendData
 .text.USBD_CtlContinueSendData
                0x08010184       0x22 usbd_ioreq.o
                0x08010184                USBD_CtlContinueSendData
 .text.USBD_CtlPrepareRx
                0x080101a6       0x3a usbd_ioreq.o
                0x080101a6                USBD_CtlPrepareRx
 .text.USBD_CtlContinueRx
                0x080101e0       0x22 usbd_ioreq.o
                0x080101e0                USBD_CtlContinueRx
 .text.USBD_CtlSendStatus
                0x08010202       0x26 usbd_ioreq.o
                0x08010202                USBD_CtlSendStatus
 .text.USBD_CtlReceiveStatus
                0x08010228       0x26 usbd_ioreq.o
                0x08010228                USBD_CtlReceiveStatus
 .text.USBD_CDC_Init
                0x0801024e       0xfe usbd_cdc.o
 .text.USBD_CDC_DeInit
                0x0801034c       0x74 usbd_cdc.o
 .text.USBD_CDC_Setup
                0x080103c0      0x190 usbd_cdc.o
 .text.USBD_CDC_DataIn
                0x08010550       0xca usbd_cdc.o
 .text.USBD_CDC_DataOut
                0x0801061a       0x56 usbd_cdc.o
 .text.USBD_CDC_EP0_RxReady
                0x08010670       0x5a usbd_cdc.o
 *fill*         0x080106ca        0x2 
 .text.USBD_CDC_GetFSCfgDesc
                0x080106cc       0x20 usbd_cdc.o
 .text.USBD_CDC_GetHSCfgDesc
                0x080106ec       0x20 usbd_cdc.o
 .text.USBD_CDC_GetOtherSpeedCfgDesc
                0x0801070c       0x20 usbd_cdc.o
 .text.USBD_CDC_GetDeviceQualifierDescriptor
                0x0801072c       0x20 usbd_cdc.o
                0x0801072c                USBD_CDC_GetDeviceQualifierDescriptor
 .text.USBD_CDC_RegisterInterface
                0x0801074c       0x2a usbd_cdc.o
                0x0801074c                USBD_CDC_RegisterInterface
 .text.USBD_CDC_SetTxBuffer
                0x08010776       0x3c usbd_cdc.o
                0x08010776                USBD_CDC_SetTxBuffer
 .text.USBD_CDC_SetRxBuffer
                0x080107b2       0x32 usbd_cdc.o
                0x080107b2                USBD_CDC_SetRxBuffer
 .text.USBD_CDC_TransmitPacket
                0x080107e4       0x60 usbd_cdc.o
                0x080107e4                USBD_CDC_TransmitPacket
 .text.USBD_CDC_ReceivePacket
                0x08010844       0x54 usbd_cdc.o
                0x08010844                USBD_CDC_ReceivePacket
 .text.SystemInit
                0x08010898       0x24 system_stm32l4xx.o
                0x08010898                SystemInit
 .text.Reset_Handler
                0x080108bc       0x50 startup_stm32l476vetx.o
                0x080108bc                Reset_Handler
 .text.Default_Handler
                0x0801090c        0x2 startup_stm32l476vetx.o
                0x0801090c                RTC_Alarm_IRQHandler
                0x0801090c                EXTI2_IRQHandler
                0x0801090c                TIM8_TRG_COM_IRQHandler
                0x0801090c                TIM8_CC_IRQHandler
                0x0801090c                TIM1_CC_IRQHandler
                0x0801090c                TSC_IRQHandler
                0x0801090c                TAMP_STAMP_IRQHandler
                0x0801090c                EXTI3_IRQHandler
                0x0801090c                LPTIM2_IRQHandler
                0x0801090c                DFSDM1_FLT1_IRQHandler
                0x0801090c                I2C3_ER_IRQHandler
                0x0801090c                DFSDM1_FLT2_IRQHandler
                0x0801090c                EXTI0_IRQHandler
                0x0801090c                I2C2_EV_IRQHandler
                0x0801090c                CAN1_RX0_IRQHandler
                0x0801090c                FPU_IRQHandler
                0x0801090c                SPI1_IRQHandler
                0x0801090c                TIM6_DAC_IRQHandler
                0x0801090c                TIM8_UP_IRQHandler
                0x0801090c                DMA2_Channel2_IRQHandler
                0x0801090c                DMA1_Channel4_IRQHandler
                0x0801090c                SAI2_IRQHandler
                0x0801090c                DFSDM1_FLT3_IRQHandler
                0x0801090c                USART3_IRQHandler
                0x0801090c                CAN1_RX1_IRQHandler
                0x0801090c                LCD_IRQHandler
                0x0801090c                UART5_IRQHandler
                0x0801090c                ADC3_IRQHandler
                0x0801090c                TIM4_IRQHandler
                0x0801090c                DMA2_Channel1_IRQHandler
                0x0801090c                QUADSPI_IRQHandler
                0x0801090c                I2C1_EV_IRQHandler
                0x0801090c                UART4_IRQHandler
                0x0801090c                DMA2_Channel4_IRQHandler
                0x0801090c                TIM3_IRQHandler
                0x0801090c                RCC_IRQHandler
                0x0801090c                Default_Handler
                0x0801090c                DMA2_Channel7_IRQHandler
                0x0801090c                EXTI15_10_IRQHandler
                0x0801090c                TIM7_IRQHandler
                0x0801090c                SDMMC1_IRQHandler
                0x0801090c                TIM5_IRQHandler
                0x0801090c                I2C3_EV_IRQHandler
                0x0801090c                EXTI9_5_IRQHandler
                0x0801090c                RTC_WKUP_IRQHandler
                0x0801090c                PVD_PVM_IRQHandler
                0x0801090c                SPI2_IRQHandler
                0x0801090c                CAN1_TX_IRQHandler
                0x0801090c                DMA2_Channel5_IRQHandler
                0x0801090c                DMA1_Channel5_IRQHandler
                0x0801090c                EXTI4_IRQHandler
                0x0801090c                RNG_IRQHandler
                0x0801090c                TIM1_TRG_COM_TIM17_IRQHandler
                0x0801090c                DMA1_Channel3_IRQHandler
                0x0801090c                COMP_IRQHandler
                0x0801090c                WWDG_IRQHandler
                0x0801090c                LPUART1_IRQHandler
                0x0801090c                DMA2_Channel6_IRQHandler
                0x0801090c                TIM2_IRQHandler
                0x0801090c                EXTI1_IRQHandler
                0x0801090c                USART2_IRQHandler
                0x0801090c                DFSDM1_FLT0_IRQHandler
                0x0801090c                I2C2_ER_IRQHandler
                0x0801090c                TIM8_BRK_IRQHandler
                0x0801090c                CAN1_SCE_IRQHandler
                0x0801090c                FLASH_IRQHandler
                0x0801090c                USART1_IRQHandler
                0x0801090c                SPI3_IRQHandler
                0x0801090c                I2C1_ER_IRQHandler
                0x0801090c                FMC_IRQHandler
                0x0801090c                SWPMI1_IRQHandler
                0x0801090c                LPTIM1_IRQHandler
                0x0801090c                SAI1_IRQHandler
                0x0801090c                DMA2_Channel3_IRQHandler
                0x0801090c                TIM1_BRK_TIM15_IRQHandler
 .text.xilUploadProfilingData
                0x0801090e       0x16 code_profiling_utility_functions.o
                0x0801090e                xilUploadProfilingData
 .text.taskTimeStart_MicroMouseTemplate
                0x08010924       0x16 code_profiling_utility_functions.o
                0x08010924                taskTimeStart_MicroMouseTemplate
 .text.taskTimeEnd_MicroMouseTemplate
                0x0801093a       0x20 code_profiling_utility_functions.o
                0x0801093a                taskTimeEnd_MicroMouseTemplate
 *fill*         0x0801095a        0x2 
 .text.fmod     0x0801095c       0x6c c:/programdata/matlab/supportpackages/r2024a/3p.instrset/gnuarm-armcortex.instrset/win/bin/../lib/gcc/arm-none-eabi/11.3.1/thumb/v7e-m+fp/hard\libm.a(libm_a-w_fmod.o)
                0x0801095c                fmod
 .text.ceil     0x080109c8      0x110 c:/programdata/matlab/supportpackages/r2024a/3p.instrset/gnuarm-armcortex.instrset/win/bin/../lib/gcc/arm-none-eabi/11.3.1/thumb/v7e-m+fp/hard\libm.a(libm_a-s_ceil.o)
                0x080109c8                ceil
 .text.floor    0x08010ad8      0x118 c:/programdata/matlab/supportpackages/r2024a/3p.instrset/gnuarm-armcortex.instrset/win/bin/../lib/gcc/arm-none-eabi/11.3.1/thumb/v7e-m+fp/hard\libm.a(libm_a-s_floor.o)
                0x08010ad8                floor
 .text.__ieee754_fmod
                0x08010bf0      0x27c c:/programdata/matlab/supportpackages/r2024a/3p.instrset/gnuarm-armcortex.instrset/win/bin/../lib/gcc/arm-none-eabi/11.3.1/thumb/v7e-m+fp/hard\libm.a(libm_a-e_fmod.o)
                0x08010bf0                __ieee754_fmod
 .text.memset   0x08010e6c       0x10 c:/programdata/matlab/supportpackages/r2024a/3p.instrset/gnuarm-armcortex.instrset/win/bin/../lib/gcc/arm-none-eabi/11.3.1/thumb/v7e-m+fp/hard\libc_nano.a(libc_a-memset.o)
                0x08010e6c                memset
 .text.__errno  0x08010e7c        0xc c:/programdata/matlab/supportpackages/r2024a/3p.instrset/gnuarm-armcortex.instrset/win/bin/../lib/gcc/arm-none-eabi/11.3.1/thumb/v7e-m+fp/hard\libc_nano.a(libc_a-errno.o)
                0x08010e7c                __errno
 .text.__libc_init_array
                0x08010e88       0x48 c:/programdata/matlab/supportpackages/r2024a/3p.instrset/gnuarm-armcortex.instrset/win/bin/../lib/gcc/arm-none-eabi/11.3.1/thumb/v7e-m+fp/hard\libc_nano.a(libc_a-init.o)
                0x08010e88                __libc_init_array
 .text.memcpy   0x08010ed0       0x1c c:/programdata/matlab/supportpackages/r2024a/3p.instrset/gnuarm-armcortex.instrset/win/bin/../lib/gcc/arm-none-eabi/11.3.1/thumb/v7e-m+fp/hard\libc_nano.a(libc_a-memcpy-stub.o)
                0x08010ed0                memcpy
 *(.glue_7)
 .glue_7        0x08010eec        0x0 linker stubs
 *(.glue_7t)
 .glue_7t       0x08010eec        0x0 linker stubs
 *(.eh_frame)
 .eh_frame      0x08010eec        0x0 c:/programdata/matlab/supportpackages/r2024a/3p.instrset/gnuarm-armcortex.instrset/win/bin/../lib/gcc/arm-none-eabi/11.3.1/thumb/v7e-m+fp/hard/crtbegin.o
 *(.init)
 .init          0x08010eec        0x4 c:/programdata/matlab/supportpackages/r2024a/3p.instrset/gnuarm-armcortex.instrset/win/bin/../lib/gcc/arm-none-eabi/11.3.1/thumb/v7e-m+fp/hard/crti.o
                0x08010eec                _init
 .init          0x08010ef0        0x8 c:/programdata/matlab/supportpackages/r2024a/3p.instrset/gnuarm-armcortex.instrset/win/bin/../lib/gcc/arm-none-eabi/11.3.1/thumb/v7e-m+fp/hard/crtn.o
 *(.fini)
 .fini          0x08010ef8        0x4 c:/programdata/matlab/supportpackages/r2024a/3p.instrset/gnuarm-armcortex.instrset/win/bin/../lib/gcc/arm-none-eabi/11.3.1/thumb/v7e-m+fp/hard/crti.o
                0x08010ef8                _fini
 .fini          0x08010efc        0x8 c:/programdata/matlab/supportpackages/r2024a/3p.instrset/gnuarm-armcortex.instrset/win/bin/../lib/gcc/arm-none-eabi/11.3.1/thumb/v7e-m+fp/hard/crtn.o
                0x08010f04                . = ALIGN (0x4)
                0x08010f04                _etext = .

.vfp11_veneer   0x08010f04        0x0
 .vfp11_veneer  0x08010f04        0x0 linker stubs

.v4_bx          0x08010f04        0x0
 .v4_bx         0x08010f04        0x0 linker stubs

.iplt           0x08010f04        0x0
 .iplt          0x08010f04        0x0 c:/programdata/matlab/supportpackages/r2024a/3p.instrset/gnuarm-armcortex.instrset/win/bin/../lib/gcc/arm-none-eabi/11.3.1/thumb/v7e-m+fp/hard/crtbegin.o

.rodata         0x08010f08       0xe0
                0x08010f08                . = ALIGN (0x4)
 *(.rodata)
 .rodata        0x08010f08        0x9 CustomWhile.o
 *fill*         0x08010f11        0x3 
 .rodata        0x08010f14       0x46 usbd_desc.o
 *(.rodata*)
 *fill*         0x08010f5a        0x2 
 .rodata.CHANNEL_OFFSET_TAB
                0x08010f5c        0x7 stm_adc_ll.o
 *fill*         0x08010f63        0x1 
 .rodata.MicroMouseTemplate_M
                0x08010f64        0x4 MicroMouseTemplate.o
                0x08010f64                MicroMouseTemplate_M
 .rodata.CHANNEL_OFFSET_TAB
                0x08010f68        0x7 adc.o
 *fill*         0x08010f6f        0x1 
 .rodata.OFFSET_TAB_CCMRx
                0x08010f70        0x9 tim.o
 *fill*         0x08010f79        0x3 
 .rodata.SHIFT_TAB_OCxx
                0x08010f7c        0x9 tim.o
 *fill*         0x08010f85        0x3 
 .rodata.CHANNEL_OFFSET_TAB
                0x08010f88        0x7 usart.o
 *fill*         0x08010f8f        0x1 
 .rodata.AHBPrescTable
                0x08010f90       0x10 system_stm32l4xx.o
                0x08010f90                AHBPrescTable
 .rodata.APBPrescTable
                0x08010fa0        0x8 system_stm32l4xx.o
                0x08010fa0                APBPrescTable
 .rodata.MSIRangeTable
                0x08010fa8       0x30 system_stm32l4xx.o
                0x08010fa8                MSIRangeTable
 .rodata.Zero   0x08010fd8       0x10 c:/programdata/matlab/supportpackages/r2024a/3p.instrset/gnuarm-armcortex.instrset/win/bin/../lib/gcc/arm-none-eabi/11.3.1/thumb/v7e-m+fp/hard\libm.a(libm_a-e_fmod.o)
                0x08010fe8                . = ALIGN (0x4)

.rel.dyn        0x08010fe8        0x0
 .rel.iplt      0x08010fe8        0x0 c:/programdata/matlab/supportpackages/r2024a/3p.instrset/gnuarm-armcortex.instrset/win/bin/../lib/gcc/arm-none-eabi/11.3.1/thumb/v7e-m+fp/hard/crtbegin.o

.ARM.extab      0x08010fe8        0x0
                0x08010fe8                . = ALIGN (0x4)
 *(.ARM.extab* .gnu.linkonce.armextab.*)
                0x08010fe8                . = ALIGN (0x4)

.ARM            0x08010fe8        0x0
                0x08010fe8                . = ALIGN (0x4)
                0x08010fe8                __exidx_start = .
 *(.ARM.exidx*)
                0x08010fe8                __exidx_end = .
                0x08010fe8                . = ALIGN (0x4)

.preinit_array  0x08010fe8        0x0
                0x08010fe8                . = ALIGN (0x4)
                0x08010fe8                PROVIDE (__preinit_array_start = .)
 *(.preinit_array*)
                0x08010fe8                PROVIDE (__preinit_array_end = .)
                0x08010fe8                . = ALIGN (0x4)

.init_array     0x08010fe8        0x4
                0x08010fe8                . = ALIGN (0x4)
                0x08010fe8                PROVIDE (__init_array_start = .)
 *(SORT_BY_NAME(.init_array.*))
 *(.init_array*)
 .init_array    0x08010fe8        0x4 c:/programdata/matlab/supportpackages/r2024a/3p.instrset/gnuarm-armcortex.instrset/win/bin/../lib/gcc/arm-none-eabi/11.3.1/thumb/v7e-m+fp/hard/crtbegin.o
                0x08010fec                PROVIDE (__init_array_end = .)
                0x08010fec                . = ALIGN (0x4)

.fini_array     0x08010fec        0x4
                0x08010fec                . = ALIGN (0x4)
                [!provide]                PROVIDE (__fini_array_start = .)
 *(SORT_BY_NAME(.fini_array.*))
 *(.fini_array*)
 .fini_array    0x08010fec        0x4 c:/programdata/matlab/supportpackages/r2024a/3p.instrset/gnuarm-armcortex.instrset/win/bin/../lib/gcc/arm-none-eabi/11.3.1/thumb/v7e-m+fp/hard/crtbegin.o
                [!provide]                PROVIDE (__fini_array_end = .)
                0x08010ff0                . = ALIGN (0x4)
                0x08010ff0                _sidata = LOADADDR (.data)

.data           0x20000000      0x2a8 load address 0x08010ff0
                0x20000000                . = ALIGN (0x4)
                0x20000000                _sdata = .
 *(.data)
 *(.data*)
 .data.MicroMouseTemplate_P
                0x20000000       0xc8 MicroMouseTemplate_data.o
                0x20000000                MicroMouseTemplate_P
 .data.FS_Desc  0x200000c8       0x20 usbd_desc.o
                0x200000c8                FS_Desc
 .data.USBD_FS_DeviceDesc
                0x200000e8       0x12 usbd_desc.o
                0x200000e8                USBD_FS_DeviceDesc
 *fill*         0x200000fa        0x2 
 .data.USBD_FS_BOSDesc
                0x200000fc        0xc usbd_desc.o
                0x200000fc                USBD_FS_BOSDesc
 .data.USBD_LangIDDesc
                0x20000108        0x4 usbd_desc.o
                0x20000108                USBD_LangIDDesc
 .data.USBD_StringSerial
                0x2000010c       0x1a usbd_desc.o
                0x2000010c                USBD_StringSerial
 *fill*         0x20000126        0x2 
 .data.USBD_Interface_fops_FS
                0x20000128       0x14 usbd_cdc_if.o
                0x20000128                USBD_Interface_fops_FS
 .data.uwTickPrio
                0x2000013c        0x4 stm32l4xx_hal.o
                0x2000013c                uwTickPrio
 .data.uwTickFreq
                0x20000140        0x1 stm32l4xx_hal.o
                0x20000140                uwTickFreq
 *fill*         0x20000141        0x3 
 .data.USBD_CDC_DeviceQualifierDesc
                0x20000144        0xa usbd_cdc.o
 *fill*         0x2000014e        0x2 
 .data.USBD_CDC
                0x20000150       0x38 usbd_cdc.o
                0x20000150                USBD_CDC
 .data.USBD_CDC_CfgHSDesc
                0x20000188       0x43 usbd_cdc.o
 *fill*         0x200001cb        0x1 
 .data.USBD_CDC_CfgFSDesc
                0x200001cc       0x43 usbd_cdc.o
 *fill*         0x2000020f        0x1 
 .data.USBD_CDC_OtherSpeedCfgDesc
                0x20000210       0x43 usbd_cdc.o
 *fill*         0x20000253        0x1 
 .data.SystemCoreClock
                0x20000254        0x4 system_stm32l4xx.o
                0x20000254                SystemCoreClock
 .data._impure_data
                0x20000258       0x4c c:/programdata/matlab/supportpackages/r2024a/3p.instrset/gnuarm-armcortex.instrset/win/bin/../lib/gcc/arm-none-eabi/11.3.1/thumb/v7e-m+fp/hard\libc_nano.a(libc_a-impure.o)
                0x20000258                _impure_data
 .data._impure_ptr
                0x200002a4        0x4 c:/programdata/matlab/supportpackages/r2024a/3p.instrset/gnuarm-armcortex.instrset/win/bin/../lib/gcc/arm-none-eabi/11.3.1/thumb/v7e-m+fp/hard\libc_nano.a(libc_a-impure.o)
                0x200002a4                _impure_ptr
 *(.RamFunc)
 *(.RamFunc*)
                0x200002a8                . = ALIGN (0x4)
                0x200002a8                _edata = .

.tm_clone_table
                0x200002a8        0x0 load address 0x08011298
 .tm_clone_table
                0x200002a8        0x0 c:/programdata/matlab/supportpackages/r2024a/3p.instrset/gnuarm-armcortex.instrset/win/bin/../lib/gcc/arm-none-eabi/11.3.1/thumb/v7e-m+fp/hard/crtbegin.o
 .tm_clone_table
                0x200002a8        0x0 c:/programdata/matlab/supportpackages/r2024a/3p.instrset/gnuarm-armcortex.instrset/win/bin/../lib/gcc/arm-none-eabi/11.3.1/thumb/v7e-m+fp/hard/crtend.o

.igot.plt       0x200002a8        0x0 load address 0x08011298
 .igot.plt      0x200002a8        0x0 c:/programdata/matlab/supportpackages/r2024a/3p.instrset/gnuarm-armcortex.instrset/win/bin/../lib/gcc/arm-none-eabi/11.3.1/thumb/v7e-m+fp/hard/crtbegin.o
                0x200002a8                . = ALIGN (0x4)

.bss            0x200002a8     0x4f08 load address 0x08011298
                0x200002a8                _sbss = .
                0x200002a8                __bss_start__ = _sbss
 *(.bss)
 *(.bss*)
 .bss.completed.1
                0x200002a8        0x1 c:/programdata/matlab/supportpackages/r2024a/3p.instrset/gnuarm-armcortex.instrset/win/bin/../lib/gcc/arm-none-eabi/11.3.1/thumb/v7e-m+fp/hard/crtbegin.o
 *fill*         0x200002a9        0x3 
 .bss.object.0  0x200002ac       0x18 c:/programdata/matlab/supportpackages/r2024a/3p.instrset/gnuarm-armcortex.instrset/win/bin/../lib/gcc/arm-none-eabi/11.3.1/thumb/v7e-m+fp/hard/crtbegin.o
 .bss.mw_tim3   0x200002c4       0x8c stm_timer_ll.o
                0x200002c4                mw_tim3
 .bss.mw_adc2   0x20000350       0x1c stm_adc_ll.o
                0x20000350                mw_adc2
 .bss.IMU_Accel
                0x2000036c        0xc MicroMouseTemplate.o
                0x2000036c                IMU_Accel
 .bss.IMU_Gyro  0x20000378        0xc MicroMouseTemplate.o
                0x20000378                IMU_Gyro
 .bss.currTicksRS
                0x20000384        0x4 MicroMouseTemplate.o
                0x20000384                currTicksRS
 .bss.currTicksLS
                0x20000388        0x4 MicroMouseTemplate.o
                0x20000388                currTicksLS
 .bss.ADC1s     0x2000038c       0x12 MicroMouseTemplate.o
                0x2000038c                ADC1s
 *fill*         0x2000039e        0x2 
 .bss.ADC_H     0x200003a0       0x12 MicroMouseTemplate.o
                0x200003a0                ADC_H
 *fill*         0x200003b2        0x2 
 .bss.ADC_L     0x200003b4       0x12 MicroMouseTemplate.o
                0x200003b4                ADC_L
 *fill*         0x200003c6        0x2 
 .bss.Thresholds
                0x200003c8       0x10 MicroMouseTemplate.o
                0x200003c8                Thresholds
 .bss.Detections
                0x200003d8        0x8 MicroMouseTemplate.o
                0x200003d8                Detections
 .bss.MicroMouseTemplate_B
                0x200003e0     0x1190 MicroMouseTemplate.o
                0x200003e0                MicroMouseTemplate_B
 .bss.MicroMouseTemplate_DW
                0x20001570      0xa18 MicroMouseTemplate.o
                0x20001570                MicroMouseTemplate_DW
 .bss.MicroMouseTemplate_M_
                0x20001f88        0x4 MicroMouseTemplate.o
 .bss.profilingDataIdx
                0x20001f8c        0x4 ert_main.o
                0x20001f8c                profilingDataIdx
 .bss._tmwrunningCoreID
                0x20001f90        0x4 ert_main.o
                0x20001f90                _tmwrunningCoreID
 .bss.profilingData
                0x20001f94     0x12c0 ert_main.o
                0x20001f94                profilingData
 .bss.IsrOverrun
                0x20003254        0x4 ert_main.o
                0x20003254                IsrOverrun
 .bss.OverrunFlag
                0x20003258        0x1 ert_main.o
 .bss.stopRequested
                0x20003259        0x1 ert_main.o
                0x20003259                stopRequested
 .bss.runModel  0x2000325a        0x1 ert_main.o
                0x2000325a                runModel
 .bss.checkIMU  0x2000325b        0x1 IMU.o
                0x2000325b                checkIMU
 .bss.diag_ProSW
                0x2000325c        0x2 CustomWhile.o
                0x2000325c                diag_ProSW
 *fill*         0x2000325e        0x2 
 .bss.diag_ProLED
                0x20003260        0x3 CustomWhile.o
                0x20003260                diag_ProLED
 *fill*         0x20003263        0x1 
 .bss.diag_IR_LEDs
                0x20003264        0x8 CustomWhile.o
                0x20003264                diag_IR_LEDs
 .bss.IR_LED_TIMER
                0x2000326c        0x4 CustomWhile.o
                0x2000326c                IR_LED_TIMER
 .bss.diag_MOT_L
                0x20003270        0x4 CustomWhile.o
                0x20003270                diag_MOT_L
 .bss.diag_MOT_R
                0x20003274        0x4 CustomWhile.o
                0x20003274                diag_MOT_R
 .bss.schdl_counter
                0x20003278        0x4 SysTickScheduler.o
                0x20003278                schdl_counter
 .bss.schdl_counter_max
                0x2000327c        0x4 SysTickScheduler.o
                0x2000327c                schdl_counter_max
 .bss.taskToSchedule
                0x20003280        0x4 m3m4m4f_multitasking.o
                0x20003280                taskToSchedule
 .bss.hi2c2     0x20003284       0x54 i2c.o
                0x20003284                hi2c2
 .bss.htim4     0x200032d8       0x4c tim.o
                0x200032d8                htim4
 .bss.hUsbDeviceFS
                0x20003324      0x2d0 usb_device.o
                0x20003324                hUsbDeviceFS
 .bss.hpcd_USB_OTG_FS
                0x200035f4      0x50c usbd_conf.o
                0x200035f4                hpcd_USB_OTG_FS
 .bss.mem.0     0x20003b00      0x220 usbd_conf.o
 .bss.USBD_StrDesc
                0x20003d20      0x200 usbd_desc.o
                0x20003d20                USBD_StrDesc
 .bss.usb_rx_buffer
                0x20003f20      0x100 usbd_cdc_if.o
                0x20003f20                usb_rx_buffer
 .bss.usb_rx_index
                0x20004020        0x1 usbd_cdc_if.o
                0x20004020                usb_rx_index
 *fill*         0x20004021        0x3 
 .bss.UserRxBufferFS
                0x20004024      0x800 usbd_cdc_if.o
                0x20004024                UserRxBufferFS
 .bss.UserTxBufferFS
                0x20004824      0x800 usbd_cdc_if.o
                0x20004824                UserTxBufferFS
 .bss.htim1     0x20005024       0x4c stm32l4xx_hal_timebase_tim.o
                0x20005024                htim1
 .bss.uwTick    0x20005070        0x4 stm32l4xx_hal.o
                0x20005070                uwTick
 .bss.cfgidx.0  0x20005074        0x1 usbd_ctlreq.o
 *fill*         0x20005075        0x3 
 .bss.__sf      0x20005078      0x138 c:/programdata/matlab/supportpackages/r2024a/3p.instrset/gnuarm-armcortex.instrset/win/bin/../lib/gcc/arm-none-eabi/11.3.1/thumb/v7e-m+fp/hard\libc_nano.a(libc_a-findfp.o)
                0x20005078                __sf
 *(COMMON)
                0x200051b0                . = ALIGN (0x4)
                0x200051b0                _ebss = .
                0x200051b0                __bss_end__ = _ebss

._user_heap_stack
                0x200051b0      0x600 load address 0x08011298
                0x200051b0                . = ALIGN (0x8)
                [!provide]                PROVIDE (end = .)
                0x200051b0                PROVIDE (_end = .)
                0x200053b0                . = (. + _Min_Heap_Size)
 *fill*         0x200051b0      0x200 
                0x200057b0                . = (. + _Min_Stack_Size)
 *fill*         0x200053b0      0x400 
                0x200057b0                . = ALIGN (0x8)

/DISCARD/
 libc.a(*)
 libm.a(*)
 libgcc.a(*)

.ARM.attributes
                0x00000000       0x30
 *(.ARM.attributes)
 .ARM.attributes
                0x00000000       0x1e c:/programdata/matlab/supportpackages/r2024a/3p.instrset/gnuarm-armcortex.instrset/win/bin/../lib/gcc/arm-none-eabi/11.3.1/thumb/v7e-m+fp/hard/crti.o
 .ARM.attributes
                0x0000001e       0x34 c:/programdata/matlab/supportpackages/r2024a/3p.instrset/gnuarm-armcortex.instrset/win/bin/../lib/gcc/arm-none-eabi/11.3.1/thumb/v7e-m+fp/hard/crtbegin.o
 .ARM.attributes
                0x00000052       0x34 stm_timer_ll.o
 .ARM.attributes
                0x00000086       0x34 stm_adc_ll.o
 .ARM.attributes
                0x000000ba       0x34 MicroMouseTemplate.o
 .ARM.attributes
                0x000000ee       0x34 MicroMouseTemplate_data.o
 .ARM.attributes
                0x00000122       0x34 ert_main.o
 .ARM.attributes
                0x00000156       0x34 IMU.o
 .ARM.attributes
                0x0000018a       0x34 CustomWhile.o
 .ARM.attributes
                0x000001be       0x34 overrideHALDelay.o
 .ARM.attributes
                0x000001f2       0x34 platform_timer.o
 .ARM.attributes
                0x00000226       0x34 SysTickScheduler.o
 .ARM.attributes
                0x0000025a       0x34 m3m4m4f_multitasking.o
 .ARM.attributes
                0x0000028e       0x34 main.o
 .ARM.attributes
                0x000002c2       0x34 gpio.o
 .ARM.attributes
                0x000002f6       0x34 adc.o
 .ARM.attributes
                0x0000032a       0x34 dma.o
 .ARM.attributes
                0x0000035e       0x34 i2c.o
 .ARM.attributes
                0x00000392       0x34 tim.o
 .ARM.attributes
                0x000003c6       0x34 usart.o
 .ARM.attributes
                0x000003fa       0x34 usb_device.o
 .ARM.attributes
                0x0000042e       0x34 usbd_conf.o
 .ARM.attributes
                0x00000462       0x34 usbd_desc.o
 .ARM.attributes
                0x00000496       0x34 usbd_cdc_if.o
 .ARM.attributes
                0x000004ca       0x34 stm32l4xx_it.o
 .ARM.attributes
                0x000004fe       0x34 stm32l4xx_hal_msp.o
 .ARM.attributes
                0x00000532       0x34 stm32l4xx_hal_timebase_tim.o
 .ARM.attributes
                0x00000566       0x34 stm32l4xx_ll_utils.o
 .ARM.attributes
                0x0000059a       0x34 stm32l4xx_ll_gpio.o
 .ARM.attributes
                0x000005ce       0x34 stm32l4xx_hal_pcd.o
 .ARM.attributes
                0x00000602       0x34 stm32l4xx_hal_pcd_ex.o
 .ARM.attributes
                0x00000636       0x34 stm32l4xx_ll_usb.o
 .ARM.attributes
                0x0000066a       0x34 stm32l4xx_hal.o
 .ARM.attributes
                0x0000069e       0x34 stm32l4xx_hal_rcc.o
 .ARM.attributes
                0x000006d2       0x34 stm32l4xx_hal_gpio.o
 .ARM.attributes
                0x00000706       0x34 stm32l4xx_hal_i2c.o
 .ARM.attributes
                0x0000073a       0x34 stm32l4xx_hal_i2c_ex.o
 .ARM.attributes
                0x0000076e       0x34 stm32l4xx_hal_pwr_ex.o
 .ARM.attributes
                0x000007a2       0x34 stm32l4xx_hal_cortex.o
 .ARM.attributes
                0x000007d6       0x34 stm32l4xx_ll_adc.o
 .ARM.attributes
                0x0000080a       0x34 stm32l4xx_hal_tim.o
 .ARM.attributes
                0x0000083e       0x34 stm32l4xx_hal_tim_ex.o
 .ARM.attributes
                0x00000872       0x34 stm32l4xx_ll_tim.o
 .ARM.attributes
                0x000008a6       0x34 stm32l4xx_ll_usart.o
 .ARM.attributes
                0x000008da       0x34 stm32l4xx_ll_rcc.o
 .ARM.attributes
                0x0000090e       0x34 usbd_core.o
 .ARM.attributes
                0x00000942       0x34 usbd_ctlreq.o
 .ARM.attributes
                0x00000976       0x34 usbd_ioreq.o
 .ARM.attributes
                0x000009aa       0x34 usbd_cdc.o
 .ARM.attributes
                0x000009de       0x34 system_stm32l4xx.o
 .ARM.attributes
                0x00000a12       0x21 startup_stm32l476vetx.o
 .ARM.attributes
                0x00000a33       0x34 code_profiling_utility_functions.o
 .ARM.attributes
                0x00000a67       0x34 c:/programdata/matlab/supportpackages/r2024a/3p.instrset/gnuarm-armcortex.instrset/win/bin/../lib/gcc/arm-none-eabi/11.3.1/thumb/v7e-m+fp/hard\libm.a(libm_a-w_fmod.o)
 .ARM.attributes
                0x00000a9b       0x34 c:/programdata/matlab/supportpackages/r2024a/3p.instrset/gnuarm-armcortex.instrset/win/bin/../lib/gcc/arm-none-eabi/11.3.1/thumb/v7e-m+fp/hard\libm.a(libm_a-s_ceil.o)
 .ARM.attributes